04-09 17:20:34.718 16452 16452 E adbd    : failed to connect to socket 'tcp:6666': Connection refused
04-09 17:20:35.069  1866  2461 D Mapcon  : SMVoice-0-Normal: enter handleCarrierConfigChangedInd
04-09 17:20:35.069  1866  2461 D Mapcon  : SMVoice-0-Normal: PrepareState,handled msg=CMD_CARRIER_CONFIG_CHANGE_IND
04-09 17:20:35.070  1866  2461 D Mapcon  : SMVoice-0-Normal: enter handleCarrierConfigChangedInd
04-09 17:20:35.070  1866  2461 D Mapcon  : SMVoice-0-Normal: PrepareState,handled msg=CMD_CARRIER_CONFIG_CHANGE_IND
04-09 17:20:35.070  1866  2438 D Mapcon  : MapconConfigImpl-0: handleMessage, msg id=1800
04-09 17:20:35.070  1866  2438 D Mapcon  : MapconConfigImpl-0: enter handleCarrierConfigChangedInd
04-09 17:20:35.075  1866  2438 I Mapcon  : MapconConfigImpl-0: KEY_CARRIER_WFC_IMS_AVAILABLE_BOOL is false!!!!!!!!!!
04-09 17:20:35.075  1866  2438 D Mapcon  : MapconConfigImpl-0: enter reset
04-09 17:20:35.076  1866  2438 D Mapcon  : MapconConfigImpl-0: handleMessage, msg id=1800
04-09 17:20:35.076  1866  2461 D Mapcon  : SMVoice-0-Normal: enter handleCarrierConfigChangedCnf
04-09 17:20:35.076  1866  2438 D Mapcon  : MapconConfigImpl-0: enter handleCarrierConfigChangedInd
04-09 17:20:35.079  1866  2438 I Mapcon  : MapconConfigImpl-0: KEY_CARRIER_WFC_IMS_AVAILABLE_BOOL is false!!!!!!!!!!
04-09 17:20:35.080  1866  2438 D Mapcon  : MapconConfigImpl-0: enter reset
04-09 17:20:35.080  1866  2461 D Mapcon  : MapconConfigImpl-0: enter isConfigReady, Config State is not ready!!!
04-09 17:20:35.080  1866  2461 V Mapcon  : SMVoice-0-Normal: Switch in XML off No need SIM Adp !
04-09 17:20:35.080  1866  2461 D Mapcon  : SMVoice-0-Normal: usim ready,read carrierconfig delay
04-09 17:20:35.081  1866  2461 D Mapcon  : SMVoice-0-Normal: PrepareState,handled msg=1801
04-09 17:20:35.081  1866  2461 D Mapcon  : SMVoice-0-Normal: enter handleCarrierConfigChangedCnf
04-09 17:20:35.081  1866  2461 D Mapcon  : MapconConfigImpl-0: enter isConfigReady, Config State is not ready!!!
04-09 17:20:35.081  1866  2461 V Mapcon  : SMVoice-0-Normal: Switch in XML off No need SIM Adp !
04-09 17:20:35.081  1866  2461 D Mapcon  : SMVoice-0-Normal: usim ready,read carrierconfig delay
04-09 17:20:35.081  1866  2461 D Mapcon  : SMVoice-0-Normal: PrepareState,handled msg=1801
04-09 17:20:36.724 16452 16452 E adbd    : failed to connect to socket 'tcp:6666': Connection refused
04-09 17:20:38.728 16452 16452 E adbd    : failed to connect to socket 'tcp:6666': Connection refused
04-09 17:20:40.084  1866  2461 D Mapcon  : SMVoice-0-Normal: enter handleCarrierConfigChangedInd
04-09 17:20:40.084  1866  2461 D Mapcon  : SMVoice-0-Normal: PrepareState,handled msg=CMD_CARRIER_CONFIG_CHANGE_IND
04-09 17:20:40.084  1866  2461 D Mapcon  : SMVoice-0-Normal: enter handleCarrierConfigChangedInd
04-09 17:20:40.084  1866  2461 D Mapcon  : SMVoice-0-Normal: PrepareState,handled msg=CMD_CARRIER_CONFIG_CHANGE_IND
04-09 17:20:40.084  1866  2438 D Mapcon  : MapconConfigImpl-0: handleMessage, msg id=1800
04-09 17:20:40.084  1866  2438 D Mapcon  : MapconConfigImpl-0: enter handleCarrierConfigChangedInd
04-09 17:20:40.088  1866  2438 I Mapcon  : MapconConfigImpl-0: KEY_CARRIER_WFC_IMS_AVAILABLE_BOOL is false!!!!!!!!!!
04-09 17:20:40.088  1866  2438 D Mapcon  : MapconConfigImpl-0: enter reset
04-09 17:20:40.088  1866  2438 D Mapcon  : MapconConfigImpl-0: handleMessage, msg id=1800
04-09 17:20:40.088  1866  2438 D Mapcon  : MapconConfigImpl-0: enter handleCarrierConfigChangedInd
04-09 17:20:40.089  1866  2461 D Mapcon  : SMVoice-0-Normal: enter handleCarrierConfigChangedCnf
04-09 17:20:40.093  1866  2438 I Mapcon  : MapconConfigImpl-0: KEY_CARRIER_WFC_IMS_AVAILABLE_BOOL is false!!!!!!!!!!
04-09 17:20:40.093  1866  2438 D Mapcon  : MapconConfigImpl-0: enter reset
04-09 17:20:40.093  1866  2461 D Mapcon  : MapconConfigImpl-0: enter isConfigReady, Config State is not ready!!!
04-09 17:20:40.093  1866  2461 V Mapcon  : SMVoice-0-Normal: Switch in XML off No need SIM Adp !
04-09 17:20:40.093  1866  2461 D Mapcon  : SMVoice-0-Normal: usim ready,read carrierconfig delay
04-09 17:20:40.093  1866  2461 D Mapcon  : SMVoice-0-Normal: PrepareState,handled msg=1801
04-09 17:20:40.093  1866  2461 D Mapcon  : SMVoice-0-Normal: enter handleCarrierConfigChangedCnf
04-09 17:20:40.093  1866  2461 D Mapcon  : MapconConfigImpl-0: enter isConfigReady, Config State is not ready!!!
04-09 17:20:40.093  1866  2461 V Mapcon  : SMVoice-0-Normal: Switch in XML off No need SIM Adp !
04-09 17:20:40.093  1866  2461 D Mapcon  : SMVoice-0-Normal: usim ready,read carrierconfig delay
04-09 17:20:40.093  1866  2461 D Mapcon  : SMVoice-0-Normal: PrepareState,handled msg=1801
04-09 17:20:40.734 16452 16452 E adbd    : failed to connect to socket 'tcp:6666': Connection refused
04-09 17:20:42.739 16452 16452 E adbd    : failed to connect to socket 'tcp:6666': Connection refused
04-09 17:20:43.435  1782  6810 I BoosterSwitchP: notifyUidState do nothing
04-09 17:20:43.435  1782  6810 I DeepNoDisturbP: notifyUidState
04-09 17:20:43.435  1782  6810 I BrowserChrP: notifyUidState
04-09 17:20:43.450   593   593 I Zygote  : Process 1110 exited due to signal (9)
04-09 17:20:43.934   623 16090 I audio_hw_primary: usb_ext_get_parameters: check show hires (false)
04-09 17:20:43.935   659 11215 I hash_map_utils: key: 'typec_need_show_hires' value: ''
04-09 17:20:43.935   659 11215 I bt_a2dp_hw: adev_get_parameters: audio a2dp receive kvpairs typec_need_show_hires ,but need not handle
04-09 17:20:43.969  1290  5081 I chatty  : uid=1000(system) MobileQosDetect expire 15 lines
04-09 17:20:44.746 16452 16452 E adbd    : failed to connect to socket 'tcp:6666': Connection refused
04-09 17:20:45.099  1866  2461 D Mapcon  : SMVoice-0-Normal: enter handleCarrierConfigChangedInd
04-09 17:20:45.100  1866  2461 D Mapcon  : SMVoice-0-Normal: PrepareState,handled msg=CMD_CARRIER_CONFIG_CHANGE_IND
04-09 17:20:45.100  1866  2461 D Mapcon  : SMVoice-0-Normal: enter handleCarrierConfigChangedInd
04-09 17:20:45.100  1866  2461 D Mapcon  : SMVoice-0-Normal: PrepareState,handled msg=CMD_CARRIER_CONFIG_CHANGE_IND
04-09 17:20:45.100  1866  2438 D Mapcon  : MapconConfigImpl-0: handleMessage, msg id=1800
04-09 17:20:45.100  1866  2438 D Mapcon  : MapconConfigImpl-0: enter handleCarrierConfigChangedInd
04-09 17:20:45.105  1866  2438 I Mapcon  : MapconConfigImpl-0: KEY_CARRIER_WFC_IMS_AVAILABLE_BOOL is false!!!!!!!!!!
04-09 17:20:45.105  1866  2438 D Mapcon  : MapconConfigImpl-0: enter reset
04-09 17:20:45.106  1866  2438 D Mapcon  : MapconConfigImpl-0: handleMessage, msg id=1800
04-09 17:20:45.106  1866  2461 D Mapcon  : SMVoice-0-Normal: enter handleCarrierConfigChangedCnf
04-09 17:20:45.106  1866  2438 D Mapcon  : MapconConfigImpl-0: enter handleCarrierConfigChangedInd
04-09 17:20:45.110  1866  2438 I Mapcon  : MapconConfigImpl-0: KEY_CARRIER_WFC_IMS_AVAILABLE_BOOL is false!!!!!!!!!!
04-09 17:20:45.110  1866  2438 D Mapcon  : MapconConfigImpl-0: enter reset
04-09 17:20:45.111  1866  2461 D Mapcon  : MapconConfigImpl-0: enter isConfigReady, Config State is not ready!!!
04-09 17:20:45.111  1866  2461 V Mapcon  : SMVoice-0-Normal: Switch in XML off No need SIM Adp !
04-09 17:20:45.111  1866  2461 D Mapcon  : SMVoice-0-Normal: usim ready,read carrierconfig delay
04-09 17:20:45.111  1866  2461 D Mapcon  : SMVoice-0-Normal: PrepareState,handled msg=1801
04-09 17:20:45.111  1866  2461 D Mapcon  : SMVoice-0-Normal: enter handleCarrierConfigChangedCnf
04-09 17:20:45.111  1866  2461 D Mapcon  : MapconConfigImpl-0: enter isConfigReady, Config State is not ready!!!
04-09 17:20:45.111  1866  2461 V Mapcon  : SMVoice-0-Normal: Switch in XML off No need SIM Adp !
04-09 17:20:45.111  1866  2461 D Mapcon  : SMVoice-0-Normal: usim ready,read carrierconfig delay
04-09 17:20:45.111  1866  2461 D Mapcon  : SMVoice-0-Normal: PrepareState,handled msg=1801
04-09 17:20:45.273   744   744 I chatty  : uid=1000(system) /system/bin/thermal-daemon expire 18 lines
04-09 17:20:46.754 16452 16452 E adbd    : failed to connect to socket 'tcp:6666': Connection refused
04-09 17:20:47.894  1290  2734 I chatty  : uid=1000(system) Thread-34 expire 6 lines
04-09 17:20:48.417  1290  3954 I chatty  : uid=1000(system) Binder:1290_11 expire 10 lines
04-09 17:20:48.759 16452 16452 E adbd    : failed to connect to socket 'tcp:6666': Connection refused
04-09 17:20:50.117  1866  2461 D Mapcon  : SMVoice-0-Normal: enter handleCarrierConfigChangedInd
04-09 17:20:50.118  1866  2461 D Mapcon  : SMVoice-0-Normal: PrepareState,handled msg=CMD_CARRIER_CONFIG_CHANGE_IND
04-09 17:20:50.118  1866  2461 D Mapcon  : SMVoice-0-Normal: enter handleCarrierConfigChangedInd
04-09 17:20:50.118  1866  2461 D Mapcon  : SMVoice-0-Normal: PrepareState,handled msg=CMD_CARRIER_CONFIG_CHANGE_IND
04-09 17:20:50.118  1866  2438 D Mapcon  : MapconConfigImpl-0: handleMessage, msg id=1800
04-09 17:20:50.118  1866  2438 D Mapcon  : MapconConfigImpl-0: enter handleCarrierConfigChangedInd
04-09 17:20:50.124  1866  2438 I Mapcon  : MapconConfigImpl-0: KEY_CARRIER_WFC_IMS_AVAILABLE_BOOL is false!!!!!!!!!!
04-09 17:20:50.124  1866  2438 D Mapcon  : MapconConfigImpl-0: enter reset
04-09 17:20:50.125  1866  2438 D Mapcon  : MapconConfigImpl-0: handleMessage, msg id=1800
04-09 17:20:50.125  1866  2461 D Mapcon  : SMVoice-0-Normal: enter handleCarrierConfigChangedCnf
04-09 17:20:50.125  1866  2438 D Mapcon  : MapconConfigImpl-0: enter handleCarrierConfigChangedInd
04-09 17:20:50.128  1866  2438 I Mapcon  : MapconConfigImpl-0: KEY_CARRIER_WFC_IMS_AVAILABLE_BOOL is false!!!!!!!!!!
04-09 17:20:50.129  1866  2438 D Mapcon  : MapconConfigImpl-0: enter reset
04-09 17:20:50.129  1866  2461 D Mapcon  : MapconConfigImpl-0: enter isConfigReady, Config State is not ready!!!
04-09 17:20:50.129  1866  2461 V Mapcon  : SMVoice-0-Normal: Switch in XML off No need SIM Adp !
04-09 17:20:50.129  1866  2461 D Mapcon  : SMVoice-0-Normal: usim ready,read carrierconfig delay
04-09 17:20:50.129  1866  2461 D Mapcon  : SMVoice-0-Normal: PrepareState,handled msg=1801
04-09 17:20:50.130  1866  2461 D Mapcon  : SMVoice-0-Normal: enter handleCarrierConfigChangedCnf
04-09 17:20:50.130  1866  2461 D Mapcon  : MapconConfigImpl-0: enter isConfigReady, Config State is not ready!!!
04-09 17:20:50.130  1866  2461 V Mapcon  : SMVoice-0-Normal: Switch in XML off No need SIM Adp !
04-09 17:20:50.130  1866  2461 D Mapcon  : SMVoice-0-Normal: usim ready,read carrierconfig delay
04-09 17:20:50.130  1866  2461 D Mapcon  : SMVoice-0-Normal: PrepareState,handled msg=1801
04-09 17:20:50.764 16452 16452 E adbd    : failed to connect to socket 'tcp:6666': Connection refused
04-09 17:20:52.768 16452 16452 E adbd    : failed to connect to socket 'tcp:6666': Connection refused
04-09 17:20:54.527  6937  6937 E JankService: child Thread receive to stop
04-09 17:20:54.657   760   883 E JankService: all data read ok
04-09 17:20:54.775 16452 16452 E adbd    : failed to connect to socket 'tcp:6666': Connection refused
04-09 17:20:55.133  1866  2461 D Mapcon  : SMVoice-0-Normal: enter handleCarrierConfigChangedInd
04-09 17:20:55.133  1866  2461 D Mapcon  : SMVoice-0-Normal: PrepareState,handled msg=CMD_CARRIER_CONFIG_CHANGE_IND
04-09 17:20:55.133  1866  2461 D Mapcon  : SMVoice-0-Normal: enter handleCarrierConfigChangedInd
04-09 17:20:55.133  1866  2461 D Mapcon  : SMVoice-0-Normal: PrepareState,handled msg=CMD_CARRIER_CONFIG_CHANGE_IND
04-09 17:20:55.134  1866  2438 D Mapcon  : MapconConfigImpl-0: handleMessage, msg id=1800
04-09 17:20:55.134  1866  2438 D Mapcon  : MapconConfigImpl-0: enter handleCarrierConfigChangedInd
04-09 17:20:55.137  1866  2438 I Mapcon  : MapconConfigImpl-0: KEY_CARRIER_WFC_IMS_AVAILABLE_BOOL is false!!!!!!!!!!
04-09 17:20:55.137  1866  2438 D Mapcon  : MapconConfigImpl-0: enter reset
04-09 17:20:55.138  1866  2438 D Mapcon  : MapconConfigImpl-0: handleMessage, msg id=1800
04-09 17:20:55.138  1866  2438 D Mapcon  : MapconConfigImpl-0: enter handleCarrierConfigChangedInd
04-09 17:20:55.138  1866  2461 D Mapcon  : SMVoice-0-Normal: enter handleCarrierConfigChangedCnf
04-09 17:20:55.142  1866  2438 I Mapcon  : MapconConfigImpl-0: KEY_CARRIER_WFC_IMS_AVAILABLE_BOOL is false!!!!!!!!!!
04-09 17:20:55.142  1866  2438 D Mapcon  : MapconConfigImpl-0: enter reset
04-09 17:20:55.142  1866  2461 D Mapcon  : MapconConfigImpl-0: enter isConfigReady, Config State is not ready!!!
04-09 17:20:55.142  1866  2461 V Mapcon  : SMVoice-0-Normal: Switch in XML off No need SIM Adp !
04-09 17:20:55.142  1866  2461 D Mapcon  : SMVoice-0-Normal: usim ready,read carrierconfig delay
04-09 17:20:55.142  1866  2461 D Mapcon  : SMVoice-0-Normal: PrepareState,handled msg=1801
04-09 17:20:55.142  1866  2461 D Mapcon  : SMVoice-0-Normal: enter handleCarrierConfigChangedCnf
04-09 17:20:55.142  1866  2461 D Mapcon  : MapconConfigImpl-0: enter isConfigReady, Config State is not ready!!!
04-09 17:20:55.142  1866  2461 V Mapcon  : SMVoice-0-Normal: Switch in XML off No need SIM Adp !
04-09 17:20:55.142  1866  2461 D Mapcon  : SMVoice-0-Normal: usim ready,read carrierconfig delay
04-09 17:20:55.143  1866  2461 D Mapcon  : SMVoice-0-Normal: PrepareState,handled msg=1801
04-09 17:20:56.780 16452 16452 E adbd    : failed to connect to socket 'tcp:6666': Connection refused
04-09 17:20:57.587   743   807 I storaged: storaged_t::event: storage_info refreshed.
04-09 17:20:58.786 16452 16452 E adbd    : failed to connect to socket 'tcp:6666': Connection refused
04-09 17:21:00.148  1866  2461 D Mapcon  : SMVoice-0-Normal: enter handleCarrierConfigChangedInd
04-09 17:21:00.148  1866  2461 D Mapcon  : SMVoice-0-Normal: PrepareState,handled msg=CMD_CARRIER_CONFIG_CHANGE_IND
04-09 17:21:00.148  1866  2461 D Mapcon  : SMVoice-0-Normal: enter handleCarrierConfigChangedInd
04-09 17:21:00.148  1866  2461 D Mapcon  : SMVoice-0-Normal: PrepareState,handled msg=CMD_CARRIER_CONFIG_CHANGE_IND
04-09 17:21:00.149  1866  2438 D Mapcon  : MapconConfigImpl-0: handleMessage, msg id=1800
04-09 17:21:00.149  1866  2438 D Mapcon  : MapconConfigImpl-0: enter handleCarrierConfigChangedInd
04-09 17:21:00.154  1866  2438 I Mapcon  : MapconConfigImpl-0: KEY_CARRIER_WFC_IMS_AVAILABLE_BOOL is false!!!!!!!!!!
04-09 17:21:00.154  1866  2438 D Mapcon  : MapconConfigImpl-0: enter reset
04-09 17:21:00.154  1866  2438 D Mapcon  : MapconConfigImpl-0: handleMessage, msg id=1800
04-09 17:21:00.154  1866  2438 D Mapcon  : MapconConfigImpl-0: enter handleCarrierConfigChangedInd
04-09 17:21:00.154  1866  2461 D Mapcon  : SMVoice-0-Normal: enter handleCarrierConfigChangedCnf
04-09 17:21:00.156  1866  2438 I Mapcon  : MapconConfigImpl-0: KEY_CARRIER_WFC_IMS_AVAILABLE_BOOL is false!!!!!!!!!!
04-09 17:21:00.157  1866  2438 D Mapcon  : MapconConfigImpl-0: enter reset
04-09 17:21:00.157  1866  2461 D Mapcon  : MapconConfigImpl-0: enter isConfigReady, Config State is not ready!!!
04-09 17:21:00.157  1866  2461 V Mapcon  : SMVoice-0-Normal: Switch in XML off No need SIM Adp !
04-09 17:21:00.157  1866  2461 D Mapcon  : SMVoice-0-Normal: usim ready,read carrierconfig delay
04-09 17:21:00.157  1866  2461 D Mapcon  : SMVoice-0-Normal: PrepareState,handled msg=1801
04-09 17:21:00.157  1866  2461 D Mapcon  : SMVoice-0-Normal: enter handleCarrierConfigChangedCnf
04-09 17:21:00.157  1866  2461 D Mapcon  : MapconConfigImpl-0: enter isConfigReady, Config State is not ready!!!
04-09 17:21:00.157  1866  2461 V Mapcon  : SMVoice-0-Normal: Switch in XML off No need SIM Adp !
04-09 17:21:00.157  1866  2461 D Mapcon  : SMVoice-0-Normal: usim ready,read carrierconfig delay
04-09 17:21:00.157  1866  2461 D Mapcon  : SMVoice-0-Normal: PrepareState,handled msg=1801
04-09 17:21:00.283   744   744 I chatty  : uid=1000(system) /system/bin/thermal-daemon expire 18 lines
04-09 17:21:00.793 16452 16452 E adbd    : failed to connect to socket 'tcp:6666': Connection refused
04-09 17:21:00.905  1290  1417 I chatty  : uid=1000(system) UEventObserver expire 12 lines
04-09 17:21:01.704  1848  2210 I chatty  : uid=1000(system) actions handler expire 14 lines
04-09 17:21:02.799 16452 16452 E adbd    : failed to connect to socket 'tcp:6666': Connection refused
04-09 17:21:03.004 18071 18185 E msgr.msys: E[N rtchannel]_rt_mqtt_publish_callback(356)=>Failed to publish the request over MQTT. token:9fb1a1ba-68ae-42a2-965d-6cd1c1367c05, category:mcd-sync-data-task-category, requestId:13144, error:Error Domain=mqtt Code=3008
04-09 17:21:03.027 18071 18185 E msgr.msys: E[N rtchannel]_rt_mqtt_publish_callback(356)=>Failed to publish the request over MQTT. token:a774dab7-a1c5-4d1e-a283-866df3e3bdcf, category:mcd-sync-data-task-category, requestId:33650, error:Error Domain=mqtt Code=3008
04-09 17:21:03.027 18071 18183 E msgr.msys: E[S sync]_createResponseError(166)=>Network Response 9fb1a1ba-68ae-42a2-965d-6cd1c1367c05 contains sync error Error Domain=mqtt Code=3008 - Underlying error (null): Error Domain=mqtt Code=3008
04-09 17:21:03.039 18071 18183 E msgr.msys: E[S sync]_createResponseError(166)=>Network Response a774dab7-a1c5-4d1e-a283-866df3e3bdcf contains sync error Error Domain=mqtt Code=3008 - Underlying error (null): Error Domain=mqtt Code=3008
04-09 17:21:04.803 31496 31524 I fwkit_EvilKitRecognitionService: [I/fwkit/fwkit_EvilKitRecognitionService 31496:101377 Logger.java:362] memory monitor handler send delay message(5 min)
04-09 17:21:04.804 31496 31524 I fwkit_kpms_chkkitUtil: [I/fwkit/fwkit_kpms_chkkitUtil 31496:101377 Logger.java:362] [isAllReady]kpms all ready
04-09 17:21:04.804 31496 31524 I fwkit_kpms_chkkitUtil: [I/fwkit/fwkit_kpms_chkkitUtil 31496:101377 Logger.java:362] [isKitReady]kpms all ready
04-09 17:21:04.806 31496 31516 I AppLogManager: PrintWoker poll timeout , shutdown
04-09 17:21:04.807 31496 31524 I fwkit_kams_scheduler: [I/fwkit/fwkit_kams_scheduler 31496:101377 Logger.java:362]  [ KAMS ] RemoteConfig ProcessName: { com.huawei.hwid.container3}
04-09 17:21:04.811 16452 16452 E adbd    : failed to connect to socket 'tcp:6666': Connection refused
04-09 17:21:04.816 31496 31516 I AppLogManager: PrintWoker poll timeout , shutdown
04-09 17:21:04.817  6156  6956 I fwkit_HmsProfiler: [I/fwkit/fwkit_HmsProfiler 6156:101553 Logger.java:362] simple not upload or memory flag is false.
04-09 17:21:04.818  6156  6956 I fwkit_msg_invoke_remote: [I/fwkit/fwkit_msg_invoke_remote 6156:101553 Logger.java:362] execute requestId:1fa3cc56-af99-43cd-8dd4-40f2f7385155 uri:ekr.memory
04-09 17:21:04.819  6156  6956 I fwkit_HmsProfiler: [I/fwkit/fwkit_HmsProfiler 6156:101553 Logger.java:362] simple not upload trace info.
04-09 17:21:04.820  6156  6207 I AppLogManager: PrintWoker poll timeout , shutdown
04-09 17:21:04.820  6156  6956 I fwkit_msg_fr: [I/fwkit/fwkit_msg_fr 6156:101553 Logger.java:362] findRequest uri: ekr.memory apiLevel: 1
04-09 17:21:04.821  6156  6956 I fwkit_HmsProfiler: [I/fwkit/fwkit_HmsProfiler 6156:101553 Logger.java:362] simple not upload trace info.
04-09 17:21:04.822  6156  6956 I fwkit_msg_aidl_request: [I/fwkit/fwkit_msg_aidl_request 6156:101553 Logger.java:362] execute, uri: ekr.memory
04-09 17:21:04.823  6156  6956 I fwkit_HmsProfiler: HmsProfiler begin init.
04-09 17:21:04.823  6156  6956 I fwkit_HmsProfiler: HmsProfiler already init context.
04-09 17:21:04.826  6156  6956 I fwkit_HmsProfiler: [I/fwkit/fwkit_HmsProfiler 6156:101553 Logger.java:362] simple not upload or memory flag is false.
04-09 17:21:04.827  6156  6957 I fwkit_MemoryTask: MemoryTask start.
04-09 17:21:04.827  6156  6957 I fwkit_MemoryTask: runMonitorTask run comming.
04-09 17:21:04.830  6156  6957 I fwkit_MemoryTask: uploadMemInfo comming.
04-09 17:21:04.833  6156  6178 E         : [ZeroHung]zrhung_get_config: Get config failed for wp[0x0008]
04-09 17:21:04.834  6156  6207 I AppLogManager: PrintWoker poll timeout , shutdown
04-09 17:21:04.903  6156  6957 I fwkit_HmsProfiler: getDeviceStatus deviceStatus: Charging_ScreenOff
04-09 17:21:04.904 31496 31519 W fwkit_kams_stubmanager: [W/fwkit/fwkit_kams_stubmanager 31496:101372 Logger.java:354] getKitStatusInProcess: unknown process name
04-09 17:21:04.904  6156  6957 I fwkit_HmsProfiler: Insert Mem Log:1617981664904 mem_p com.huawei.hwid null null 3647 3 pss: 8475 rss:-1
04-09 17:21:04.905 31496 31516 I AppLogManager: PrintWoker poll timeout , shutdown
04-09 17:21:04.905 31496 31506 E         : [ZeroHung]zrhung_get_config: Get config failed for wp[0x0008]
04-09 17:21:04.910  6156  6957 I fwkit_MemoryTask: uploadMemInfo comming.
04-09 17:21:05.034  6156  6957 I fwkit_HmsProfiler: getDeviceStatus deviceStatus: Charging_ScreenOff
04-09 17:21:05.040  6156  6957 I fwkit_HmsProfiler: Insert Mem Log:1617981665040 mem_p com.huawei.hwid.persistent null null 15432 3 pss: 13124 rss:-1
04-09 17:21:05.040 31496 31524 W fwkit_kpms_config: [W/fwkit/fwkit_kpms_config 31496:101377 Logger.java:354] getPersistentStartUpMem tmpMap is null, use default
04-09 17:21:05.043 31496 31516 I AppLogManager: PrintWoker poll timeout , shutdown
04-09 17:21:05.047  6156  6957 I fwkit_MemoryTask: uploadMemInfo comming.
04-09 17:21:05.161  1866  2461 D Mapcon  : SMVoice-0-Normal: enter handleCarrierConfigChangedInd
04-09 17:21:05.161  1866  2461 D Mapcon  : SMVoice-0-Normal: PrepareState,handled msg=CMD_CARRIER_CONFIG_CHANGE_IND
04-09 17:21:05.161  1866  2461 D Mapcon  : SMVoice-0-Normal: enter handleCarrierConfigChangedInd
04-09 17:21:05.161  1866  2461 D Mapcon  : SMVoice-0-Normal: PrepareState,handled msg=CMD_CARRIER_CONFIG_CHANGE_IND
04-09 17:21:05.162  1866  2438 D Mapcon  : MapconConfigImpl-0: handleMessage, msg id=1800
04-09 17:21:05.162  1866  2438 D Mapcon  : MapconConfigImpl-0: enter handleCarrierConfigChangedInd
04-09 17:21:05.165  1866  2438 I Mapcon  : MapconConfigImpl-0: KEY_CARRIER_WFC_IMS_AVAILABLE_BOOL is false!!!!!!!!!!
04-09 17:21:05.165  1866  2438 D Mapcon  : MapconConfigImpl-0: enter reset
04-09 17:21:05.165  1866  2438 D Mapcon  : MapconConfigImpl-0: handleMessage, msg id=1800
04-09 17:21:05.165  1866  2461 D Mapcon  : SMVoice-0-Normal: enter handleCarrierConfigChangedCnf
04-09 17:21:05.165  1866  2438 D Mapcon  : MapconConfigImpl-0: enter handleCarrierConfigChangedInd
04-09 17:21:05.168  1866  2438 I Mapcon  : MapconConfigImpl-0: KEY_CARRIER_WFC_IMS_AVAILABLE_BOOL is false!!!!!!!!!!
04-09 17:21:05.168  1866  2438 D Mapcon  : MapconConfigImpl-0: enter reset
04-09 17:21:05.169  1866  2461 D Mapcon  : MapconConfigImpl-0: enter isConfigReady, Config State is not ready!!!
04-09 17:21:05.169  1866  2461 V Mapcon  : SMVoice-0-Normal: Switch in XML off No need SIM Adp !
04-09 17:21:05.169  1866  2461 D Mapcon  : SMVoice-0-Normal: usim ready,read carrierconfig delay
04-09 17:21:05.169  1866  2461 D Mapcon  : SMVoice-0-Normal: PrepareState,handled msg=1801
04-09 17:21:05.169  1866  2461 D Mapcon  : SMVoice-0-Normal: enter handleCarrierConfigChangedCnf
04-09 17:21:05.169  1866  2461 D Mapcon  : MapconConfigImpl-0: enter isConfigReady, Config State is not ready!!!
04-09 17:21:05.169  1866  2461 V Mapcon  : SMVoice-0-Normal: Switch in XML off No need SIM Adp !
04-09 17:21:05.169  1866  2461 D Mapcon  : SMVoice-0-Normal: usim ready,read carrierconfig delay
04-09 17:21:05.169  1866  2461 D Mapcon  : SMVoice-0-Normal: PrepareState,handled msg=1801
04-09 17:21:05.177  6156  6957 I fwkit_HmsProfiler: getDeviceStatus deviceStatus: Charging_ScreenOff
04-09 17:21:05.182  6156  6957 I fwkit_HmsProfiler: Insert Mem Log:1617981665181 mem_p com.huawei.hwid.core null null 31496 3 pss: 14838 rss:-1
04-09 17:21:05.182 31496 31524 W fwkit_kpms_config: [W/fwkit/fwkit_kpms_config 31496:101377 Logger.java:354] getMemThreshold is null or key is null/empty
04-09 17:21:05.182 31496 31524 W fwkit_kpms_config: [W/fwkit/fwkit_kpms_config 31496:101377 Logger.java:354] getCoreResidentMem remoteConfig memory is invalid, use default: 61440
04-09 17:21:05.186 31496 31516 I AppLogManager: PrintWoker poll timeout , shutdown
04-09 17:21:05.191  6156  6957 I fwkit_MemoryTask: uploadMemInfo comming.
04-09 17:21:05.280  6156  6957 I fwkit_HmsProfiler: getDeviceStatus deviceStatus: Charging_ScreenOff
04-09 17:21:06.815 16452 16452 E adbd    : failed to connect to socket 'tcp:6666': Connection refused
04-09 17:21:08.418  1290  2056 I chatty  : uid=1000(system) Binder:1290_9 expire 10 lines
04-09 17:21:08.820 16452 16452 E adbd    : failed to connect to socket 'tcp:6666': Connection refused
04-09 17:21:10.169  1866  2461 D Mapcon  : SMVoice-0-Normal: enter handleCarrierConfigChangedInd
04-09 17:21:10.169  1866  2461 D Mapcon  : SMVoice-0-Normal: PrepareState,handled msg=CMD_CARRIER_CONFIG_CHANGE_IND
04-09 17:21:10.169  1866  2461 D Mapcon  : SMVoice-0-Normal: enter handleCarrierConfigChangedInd
04-09 17:21:10.170  1866  2461 D Mapcon  : SMVoice-0-Normal: PrepareState,handled msg=CMD_CARRIER_CONFIG_CHANGE_IND
04-09 17:21:10.170  1866  2438 D Mapcon  : MapconConfigImpl-0: handleMessage, msg id=1800
04-09 17:21:10.170  1866  2438 D Mapcon  : MapconConfigImpl-0: enter handleCarrierConfigChangedInd
04-09 17:21:10.176  1866  2438 I Mapcon  : MapconConfigImpl-0: KEY_CARRIER_WFC_IMS_AVAILABLE_BOOL is false!!!!!!!!!!
04-09 17:21:10.176  1866  2438 D Mapcon  : MapconConfigImpl-0: enter reset
04-09 17:21:10.176  1866  2438 D Mapcon  : MapconConfigImpl-0: handleMessage, msg id=1800
04-09 17:21:10.176  1866  2438 D Mapcon  : MapconConfigImpl-0: enter handleCarrierConfigChangedInd
04-09 17:21:10.176  1866  2461 D Mapcon  : SMVoice-0-Normal: enter handleCarrierConfigChangedCnf
04-09 17:21:10.180  1866  2438 I Mapcon  : MapconConfigImpl-0: KEY_CARRIER_WFC_IMS_AVAILABLE_BOOL is false!!!!!!!!!!
04-09 17:21:10.181  1866  2438 D Mapcon  : MapconConfigImpl-0: enter reset
04-09 17:21:10.181  1866  2461 D Mapcon  : MapconConfigImpl-0: enter isConfigReady, Config State is not ready!!!
04-09 17:21:10.181  1866  2461 V Mapcon  : SMVoice-0-Normal: Switch in XML off No need SIM Adp !
04-09 17:21:10.181  1866  2461 D Mapcon  : SMVoice-0-Normal: usim ready,read carrierconfig delay
04-09 17:21:10.181  1866  2461 D Mapcon  : SMVoice-0-Normal: PrepareState,handled msg=1801
04-09 17:21:10.181  1866  2461 D Mapcon  : SMVoice-0-Normal: enter handleCarrierConfigChangedCnf
04-09 17:21:10.181  1866  2461 D Mapcon  : MapconConfigImpl-0: enter isConfigReady, Config State is not ready!!!
04-09 17:21:10.181  1866  2461 V Mapcon  : SMVoice-0-Normal: Switch in XML off No need SIM Adp !
04-09 17:21:10.182  1866  2461 D Mapcon  : SMVoice-0-Normal: usim ready,read carrierconfig delay
04-09 17:21:10.182  1866  2461 D Mapcon  : SMVoice-0-Normal: PrepareState,handled msg=1801
04-09 17:21:10.825 16452 16452 E adbd    : failed to connect to socket 'tcp:6666': Connection refused
04-09 17:21:12.831 16452 16452 E adbd    : failed to connect to socket 'tcp:6666': Connection refused
04-09 17:21:14.327   592   647 I PreDnsController: canPreDnsQuery,persist.sys.predns is false!
04-09 17:21:14.333   592   639 W SocketListener: sending broadcast to Pid = 1290, Uid = 1000 
04-09 17:21:14.836 16452 16452 E adbd    : failed to connect to socket 'tcp:6666': Connection refused
04-09 17:21:15.187  1866  2461 D Mapcon  : SMVoice-0-Normal: enter handleCarrierConfigChangedInd
04-09 17:21:15.187  1866  2461 D Mapcon  : SMVoice-0-Normal: PrepareState,handled msg=CMD_CARRIER_CONFIG_CHANGE_IND
04-09 17:21:15.187  1866  2461 D Mapcon  : SMVoice-0-Normal: enter handleCarrierConfigChangedInd
04-09 17:21:15.188  1866  2461 D Mapcon  : SMVoice-0-Normal: PrepareState,handled msg=CMD_CARRIER_CONFIG_CHANGE_IND
04-09 17:21:15.188  1866  2438 D Mapcon  : MapconConfigImpl-0: handleMessage, msg id=1800
04-09 17:21:15.188  1866  2438 D Mapcon  : MapconConfigImpl-0: enter handleCarrierConfigChangedInd
04-09 17:21:15.193  1866  2438 I Mapcon  : MapconConfigImpl-0: KEY_CARRIER_WFC_IMS_AVAILABLE_BOOL is false!!!!!!!!!!
04-09 17:21:15.193  1866  2438 D Mapcon  : MapconConfigImpl-0: enter reset
04-09 17:21:15.194  1866  2438 D Mapcon  : MapconConfigImpl-0: handleMessage, msg id=1800
04-09 17:21:15.194  1866  2438 D Mapcon  : MapconConfigImpl-0: enter handleCarrierConfigChangedInd
04-09 17:21:15.194  1866  2461 D Mapcon  : SMVoice-0-Normal: enter handleCarrierConfigChangedCnf
04-09 17:21:15.198  1866  2438 I Mapcon  : MapconConfigImpl-0: KEY_CARRIER_WFC_IMS_AVAILABLE_BOOL is false!!!!!!!!!!
04-09 17:21:15.198  1866  2438 D Mapcon  : MapconConfigImpl-0: enter reset
04-09 17:21:15.198  1866  2461 D Mapcon  : MapconConfigImpl-0: enter isConfigReady, Config State is not ready!!!
04-09 17:21:15.198  1866  2461 V Mapcon  : SMVoice-0-Normal: Switch in XML off No need SIM Adp !
04-09 17:21:15.198  1866  2461 D Mapcon  : SMVoice-0-Normal: usim ready,read carrierconfig delay
04-09 17:21:15.198  1866  2461 D Mapcon  : SMVoice-0-Normal: PrepareState,handled msg=1801
04-09 17:21:15.199  1866  2461 D Mapcon  : SMVoice-0-Normal: enter handleCarrierConfigChangedCnf
04-09 17:21:15.199  1866  2461 D Mapcon  : MapconConfigImpl-0: enter isConfigReady, Config State is not ready!!!
04-09 17:21:15.199  1866  2461 V Mapcon  : SMVoice-0-Normal: Switch in XML off No need SIM Adp !
04-09 17:21:15.199  1866  2461 D Mapcon  : SMVoice-0-Normal: usim ready,read carrierconfig delay
04-09 17:21:15.199  1866  2461 D Mapcon  : SMVoice-0-Normal: PrepareState,handled msg=1801
04-09 17:21:15.291   744   744 I chatty  : uid=1000(system) /system/bin/thermal-daemon expire 18 lines
04-09 17:21:15.688  1848 28458 I chatty  : uid=1000(system) traffic stats expire 8 lines
04-09 17:21:16.842 16452 16452 E adbd    : failed to connect to socket 'tcp:6666': Connection refused
04-09 17:21:18.360 22182 22192 E         : [ZeroHung]zrhung_get_config: Get config failed for wp[0x0008]
04-09 17:21:18.846 16452 16452 E adbd    : failed to connect to socket 'tcp:6666': Connection refused
04-09 17:21:19.799  6985  6985 E JankService: child Thread receive to stop
04-09 17:21:19.909   760   883 E JankService: all data read ok
04-09 17:21:20.203  1866  2461 D Mapcon  : SMVoice-0-Normal: enter handleCarrierConfigChangedInd
04-09 17:21:20.204  1866  2461 D Mapcon  : SMVoice-0-Normal: PrepareState,handled msg=CMD_CARRIER_CONFIG_CHANGE_IND
04-09 17:21:20.204  1866  2461 D Mapcon  : SMVoice-0-Normal: enter handleCarrierConfigChangedInd
04-09 17:21:20.204  1866  2461 D Mapcon  : SMVoice-0-Normal: PrepareState,handled msg=CMD_CARRIER_CONFIG_CHANGE_IND
04-09 17:21:20.204  1866  2438 D Mapcon  : MapconConfigImpl-0: handleMessage, msg id=1800
04-09 17:21:20.204  1866  2438 D Mapcon  : MapconConfigImpl-0: enter handleCarrierConfigChangedInd
04-09 17:21:20.208  1866  2438 I Mapcon  : MapconConfigImpl-0: KEY_CARRIER_WFC_IMS_AVAILABLE_BOOL is false!!!!!!!!!!
04-09 17:21:20.209  1866  2438 D Mapcon  : MapconConfigImpl-0: enter reset
04-09 17:21:20.209  1866  2438 D Mapcon  : MapconConfigImpl-0: handleMessage, msg id=1800
04-09 17:21:20.209  1866  2461 D Mapcon  : SMVoice-0-Normal: enter handleCarrierConfigChangedCnf
04-09 17:21:20.209  1866  2438 D Mapcon  : MapconConfigImpl-0: enter handleCarrierConfigChangedInd
04-09 17:21:20.212  1866  2438 I Mapcon  : MapconConfigImpl-0: KEY_CARRIER_WFC_IMS_AVAILABLE_BOOL is false!!!!!!!!!!
04-09 17:21:20.212  1866  2438 D Mapcon  : MapconConfigImpl-0: enter reset
04-09 17:21:20.212  1866  2461 D Mapcon  : MapconConfigImpl-0: enter isConfigReady, Config State is not ready!!!
04-09 17:21:20.212  1866  2461 V Mapcon  : SMVoice-0-Normal: Switch in XML off No need SIM Adp !
04-09 17:21:20.213  1866  2461 D Mapcon  : SMVoice-0-Normal: usim ready,read carrierconfig delay
04-09 17:21:20.213  1866  2461 D Mapcon  : SMVoice-0-Normal: PrepareState,handled msg=1801
04-09 17:21:20.213  1866  2461 D Mapcon  : SMVoice-0-Normal: enter handleCarrierConfigChangedCnf
04-09 17:21:20.213  1866  2461 D Mapcon  : MapconConfigImpl-0: enter isConfigReady, Config State is not ready!!!
04-09 17:21:20.213  1866  2461 V Mapcon  : SMVoice-0-Normal: Switch in XML off No need SIM Adp !
04-09 17:21:20.213  1866  2461 D Mapcon  : SMVoice-0-Normal: usim ready,read carrierconfig delay
04-09 17:21:20.213  1866  2461 D Mapcon  : SMVoice-0-Normal: PrepareState,handled msg=1801
04-09 17:21:20.851 16452 16452 E adbd    : failed to connect to socket 'tcp:6666': Connection refused
04-09 17:21:22.856 16452 16452 E adbd    : failed to connect to socket 'tcp:6666': Connection refused
04-09 17:21:24.840   592   639 W SocketListener: sending broadcast to Pid = 1290, Uid = 1000 
04-09 17:21:24.843  1290  1454 I chatty  : uid=1000(system) NetdConnector expire 8 lines
04-09 17:21:24.862 16452 16452 E adbd    : failed to connect to socket 'tcp:6666': Connection refused
04-09 17:21:25.216  1866  2461 D Mapcon  : SMVoice-0-Normal: enter handleCarrierConfigChangedInd
04-09 17:21:25.217  1866  2461 D Mapcon  : SMVoice-0-Normal: PrepareState,handled msg=CMD_CARRIER_CONFIG_CHANGE_IND
04-09 17:21:25.217  1866  2461 D Mapcon  : SMVoice-0-Normal: enter handleCarrierConfigChangedInd
04-09 17:21:25.217  1866  2461 D Mapcon  : SMVoice-0-Normal: PrepareState,handled msg=CMD_CARRIER_CONFIG_CHANGE_IND
04-09 17:21:25.217  1866  2438 D Mapcon  : MapconConfigImpl-0: handleMessage, msg id=1800
04-09 17:21:25.217  1866  2438 D Mapcon  : MapconConfigImpl-0: enter handleCarrierConfigChangedInd
04-09 17:21:25.222  1866  2438 I Mapcon  : MapconConfigImpl-0: KEY_CARRIER_WFC_IMS_AVAILABLE_BOOL is false!!!!!!!!!!
04-09 17:21:25.222  1866  2438 D Mapcon  : MapconConfigImpl-0: enter reset
04-09 17:21:25.222  1866  2461 D Mapcon  : SMVoice-0-Normal: enter handleCarrierConfigChangedCnf
04-09 17:21:25.222  1866  2438 D Mapcon  : MapconConfigImpl-0: handleMessage, msg id=1800
04-09 17:21:25.222  1866  2438 D Mapcon  : MapconConfigImpl-0: enter handleCarrierConfigChangedInd
04-09 17:21:25.226  1866  2438 I Mapcon  : MapconConfigImpl-0: KEY_CARRIER_WFC_IMS_AVAILABLE_BOOL is false!!!!!!!!!!
04-09 17:21:25.226  1866  2438 D Mapcon  : MapconConfigImpl-0: enter reset
04-09 17:21:25.227  1866  2461 D Mapcon  : MapconConfigImpl-0: enter isConfigReady, Config State is not ready!!!
04-09 17:21:25.227  1866  2461 V Mapcon  : SMVoice-0-Normal: Switch in XML off No need SIM Adp !
04-09 17:21:25.227  1866  2461 D Mapcon  : SMVoice-0-Normal: usim ready,read carrierconfig delay
04-09 17:21:25.227  1866  2461 D Mapcon  : SMVoice-0-Normal: PrepareState,handled msg=1801
04-09 17:21:25.227  1866  2461 D Mapcon  : SMVoice-0-Normal: enter handleCarrierConfigChangedCnf
04-09 17:21:25.227  1866  2461 D Mapcon  : MapconConfigImpl-0: enter isConfigReady, Config State is not ready!!!
04-09 17:21:25.227  1866  2461 V Mapcon  : SMVoice-0-Normal: Switch in XML off No need SIM Adp !
04-09 17:21:25.227  1866  2461 D Mapcon  : SMVoice-0-Normal: usim ready,read carrierconfig delay
04-09 17:21:25.228  1866  2461 D Mapcon  : SMVoice-0-Normal: PrepareState,handled msg=1801
04-09 17:21:26.867 16452 16452 E adbd    : failed to connect to socket 'tcp:6666': Connection refused
04-09 17:21:28.871 16452 16452 E adbd    : failed to connect to socket 'tcp:6666': Connection refused
04-09 17:21:29.956 15432 15442 E         : [ZeroHung]zrhung_get_config: Get config failed for wp[0x0008]
04-09 17:21:30.233  1866  2461 D Mapcon  : SMVoice-0-Normal: enter handleCarrierConfigChangedInd
04-09 17:21:30.234  1866  2461 D Mapcon  : SMVoice-0-Normal: PrepareState,handled msg=CMD_CARRIER_CONFIG_CHANGE_IND
04-09 17:21:30.234  1866  2461 D Mapcon  : SMVoice-0-Normal: enter handleCarrierConfigChangedInd
04-09 17:21:30.234  1866  2461 D Mapcon  : SMVoice-0-Normal: PrepareState,handled msg=CMD_CARRIER_CONFIG_CHANGE_IND
04-09 17:21:30.235  1866  2438 D Mapcon  : MapconConfigImpl-0: handleMessage, msg id=1800
04-09 17:21:30.235  1866  2438 D Mapcon  : MapconConfigImpl-0: enter handleCarrierConfigChangedInd
04-09 17:21:30.241  1866  2438 I Mapcon  : MapconConfigImpl-0: KEY_CARRIER_WFC_IMS_AVAILABLE_BOOL is false!!!!!!!!!!
04-09 17:21:30.241  1866  2438 D Mapcon  : MapconConfigImpl-0: enter reset
04-09 17:21:30.241  1866  2438 D Mapcon  : MapconConfigImpl-0: handleMessage, msg id=1800
04-09 17:21:30.241  1866  2461 D Mapcon  : SMVoice-0-Normal: enter handleCarrierConfigChangedCnf
04-09 17:21:30.241  1866  2438 D Mapcon  : MapconConfigImpl-0: enter handleCarrierConfigChangedInd
04-09 17:21:30.245  1866  2438 I Mapcon  : MapconConfigImpl-0: KEY_CARRIER_WFC_IMS_AVAILABLE_BOOL is false!!!!!!!!!!
04-09 17:21:30.245  1866  2438 D Mapcon  : MapconConfigImpl-0: enter reset
04-09 17:21:30.246  1866  2461 D Mapcon  : MapconConfigImpl-0: enter isConfigReady, Config State is not ready!!!
04-09 17:21:30.246  1866  2461 V Mapcon  : SMVoice-0-Normal: Switch in XML off No need SIM Adp !
04-09 17:21:30.246  1866  2461 D Mapcon  : SMVoice-0-Normal: usim ready,read carrierconfig delay
04-09 17:21:30.246  1866  2461 D Mapcon  : SMVoice-0-Normal: PrepareState,handled msg=1801
04-09 17:21:30.246  1866  2461 D Mapcon  : SMVoice-0-Normal: enter handleCarrierConfigChangedCnf
04-09 17:21:30.246  1866  2461 D Mapcon  : MapconConfigImpl-0: enter isConfigReady, Config State is not ready!!!
04-09 17:21:30.246  1866  2461 V Mapcon  : SMVoice-0-Normal: Switch in XML off No need SIM Adp !
04-09 17:21:30.246  1866  2461 D Mapcon  : SMVoice-0-Normal: usim ready,read carrierconfig delay
04-09 17:21:30.246  1866  2461 D Mapcon  : SMVoice-0-Normal: PrepareState,handled msg=1801
04-09 17:21:30.300   744   744 I chatty  : uid=1000(system) /system/bin/thermal-daemon expire 18 lines
04-09 17:21:30.875 16452 16452 E adbd    : failed to connect to socket 'tcp:6666': Connection refused
04-09 17:21:32.880 16452 16452 E adbd    : failed to connect to socket 'tcp:6666': Connection refused
04-09 17:21:33.067 18071 18185 E msgr.msys: E[N rtchannel]_rt_mqtt_publish_callback(356)=>Failed to publish the request over MQTT. token:134534a5-ac6c-4ed5-9c86-bcb9b35f52b4, category:mcd-sync-data-task-category, requestId:57572, error:Error Domain=mqtt Code=3008
04-09 17:21:33.082 18071 18185 E msgr.msys: E[N rtchannel]_rt_mqtt_publish_callback(356)=>Failed to publish the request over MQTT. token:79fd0aad-9da8-4d8b-9cb8-445687e7ecad, category:mcd-sync-data-task-category, requestId:48987, error:Error Domain=mqtt Code=3008
04-09 17:21:33.086 18071 18183 E msgr.msys: E[S sync]_createResponseError(166)=>Network Response 134534a5-ac6c-4ed5-9c86-bcb9b35f52b4 contains sync error Error Domain=mqtt Code=3008 - Underlying error (null): Error Domain=mqtt Code=3008
04-09 17:21:33.091 18071 18183 E msgr.msys: E[S sync]_createResponseError(166)=>Network Response 79fd0aad-9da8-4d8b-9cb8-445687e7ecad contains sync error Error Domain=mqtt Code=3008 - Underlying error (null): Error Domain=mqtt Code=3008
04-09 17:21:33.095 18071 18183 W msgr.msys: W[S sync-state-machine]MCDSyncStateMachineScheduleDelayedRetry(173)=>skipping the new retry with longer delay
04-09 17:21:33.096 18071 18183 W msgr.msys: W[S sync]_scheduleNextCursorRetry(326)=>skipping delayed retry due to state machine state decision
04-09 17:21:33.669  2065  2141 I chatty  : uid=1000(system) Thread-2 expire 14 lines
04-09 17:21:33.686   649   649 E         : [hw_comm_set_power_state] test_scene: vterm_dec, value: lvc 100
04-09 17:21:33.704   649   649 E         : [hw_comm_set_power_state] test_scene: vterm_dec, value: sc 100
04-09 17:21:33.718   649   649 E         : [hw_comm_set_power_state] test_scene: vterm_dec, value: wl_sc 100
04-09 17:21:33.730   649   649 E         : [hw_comm_set_power_state] test_scene: vterm_dec, value: dcp 100
04-09 17:21:33.743   649   649 E         : [hw_comm_set_power_state] test_scene: vterm_dec, value: dcp_sh 100
04-09 17:21:33.755   649   649 E         : [hw_comm_set_power_state] test_scene: vterm_dec, value: fcp 100
04-09 17:21:33.766   649   649 E         : [hw_comm_set_power_state] test_scene: vterm_dec, value: pd 100
04-09 17:21:33.777   649   649 E         : [hw_comm_set_power_state] test_scene: vterm_dec, value: wl 100
04-09 17:21:33.787   649   649 E         : [hw_comm_set_power_state] test_scene: basp_coul_vdec, value: 100
04-09 17:21:33.787   649   649 E         : hw_comm_set_power_state: test_scene error.
04-09 17:21:34.011  1290  5081 I chatty  : uid=1000(system) MobileQosDetect expire 12 lines
04-09 17:21:34.015  1290  1460 I chatty  : uid=1000(system) WifiService expire 11 lines
04-09 17:21:34.886 16452 16452 E adbd    : failed to connect to socket 'tcp:6666': Connection refused
04-09 17:21:35.248  1866  2461 D Mapcon  : SMVoice-0-Normal: enter handleCarrierConfigChangedInd
04-09 17:21:35.249  1866  2461 D Mapcon  : SMVoice-0-Normal: PrepareState,handled msg=CMD_CARRIER_CONFIG_CHANGE_IND
04-09 17:21:35.249  1866  2461 D Mapcon  : SMVoice-0-Normal: enter handleCarrierConfigChangedInd
04-09 17:21:35.249  1866  2461 D Mapcon  : SMVoice-0-Normal: PrepareState,handled msg=CMD_CARRIER_CONFIG_CHANGE_IND
04-09 17:21:35.249  1866  2438 D Mapcon  : MapconConfigImpl-0: handleMessage, msg id=1800
04-09 17:21:35.249  1866  2438 D Mapcon  : MapconConfigImpl-0: enter handleCarrierConfigChangedInd
04-09 17:21:35.255  1866  2438 I Mapcon  : MapconConfigImpl-0: KEY_CARRIER_WFC_IMS_AVAILABLE_BOOL is false!!!!!!!!!!
04-09 17:21:35.255  1866  2438 D Mapcon  : MapconConfigImpl-0: enter reset
04-09 17:21:35.255  1866  2461 D Mapcon  : SMVoice-0-Normal: enter handleCarrierConfigChangedCnf
04-09 17:21:35.256  1866  2438 D Mapcon  : MapconConfigImpl-0: handleMessage, msg id=1800
04-09 17:21:35.256  1866  2438 D Mapcon  : MapconConfigImpl-0: enter handleCarrierConfigChangedInd
04-09 17:21:35.260  1866  2438 I Mapcon  : MapconConfigImpl-0: KEY_CARRIER_WFC_IMS_AVAILABLE_BOOL is false!!!!!!!!!!
04-09 17:21:35.260  1866  2438 D Mapcon  : MapconConfigImpl-0: enter reset
04-09 17:21:35.260  1866  2461 D Mapcon  : MapconConfigImpl-0: enter isConfigReady, Config State is not ready!!!
04-09 17:21:35.260  1866  2461 V Mapcon  : SMVoice-0-Normal: Switch in XML off No need SIM Adp !
04-09 17:21:35.260  1866  2461 D Mapcon  : SMVoice-0-Normal: usim ready,read carrierconfig delay
04-09 17:21:35.260  1866  2461 D Mapcon  : SMVoice-0-Normal: PrepareState,handled msg=1801
04-09 17:21:35.260  1866  2461 D Mapcon  : SMVoice-0-Normal: enter handleCarrierConfigChangedCnf
04-09 17:21:35.261  1866  2461 D Mapcon  : MapconConfigImpl-0: enter isConfigReady, Config State is not ready!!!
04-09 17:21:35.261  1866  2461 V Mapcon  : SMVoice-0-Normal: Switch in XML off No need SIM Adp !
04-09 17:21:35.261  1866  2461 D Mapcon  : SMVoice-0-Normal: usim ready,read carrierconfig delay
04-09 17:21:35.261  1866  2461 D Mapcon  : SMVoice-0-Normal: PrepareState,handled msg=1801
04-09 17:21:36.895 16452 16452 E adbd    : failed to connect to socket 'tcp:6666': Connection refused
04-09 17:21:38.416  1290  2056 I chatty  : uid=1000(system) Binder:1290_9 expire 10 lines
04-09 17:21:38.901 16452 16452 E adbd    : failed to connect to socket 'tcp:6666': Connection refused
04-09 17:21:40.265  1866  2461 D Mapcon  : SMVoice-0-Normal: enter handleCarrierConfigChangedInd
04-09 17:21:40.266  1866  2461 D Mapcon  : SMVoice-0-Normal: PrepareState,handled msg=CMD_CARRIER_CONFIG_CHANGE_IND
04-09 17:21:40.266  1866  2461 D Mapcon  : SMVoice-0-Normal: enter handleCarrierConfigChangedInd
04-09 17:21:40.266  1866  2461 D Mapcon  : SMVoice-0-Normal: PrepareState,handled msg=CMD_CARRIER_CONFIG_CHANGE_IND
04-09 17:21:40.266  1866  2438 D Mapcon  : MapconConfigImpl-0: handleMessage, msg id=1800
04-09 17:21:40.266  1866  2438 D Mapcon  : MapconConfigImpl-0: enter handleCarrierConfigChangedInd
04-09 17:21:40.271  1866  2438 I Mapcon  : MapconConfigImpl-0: KEY_CARRIER_WFC_IMS_AVAILABLE_BOOL is false!!!!!!!!!!
04-09 17:21:40.271  1866  2438 D Mapcon  : MapconConfigImpl-0: enter reset
04-09 17:21:40.272  1866  2438 D Mapcon  : MapconConfigImpl-0: handleMessage, msg id=1800
04-09 17:21:40.272  1866  2438 D Mapcon  : MapconConfigImpl-0: enter handleCarrierConfigChangedInd
04-09 17:21:40.272  1866  2461 D Mapcon  : SMVoice-0-Normal: enter handleCarrierConfigChangedCnf
04-09 17:21:40.275  1866  2438 I Mapcon  : MapconConfigImpl-0: KEY_CARRIER_WFC_IMS_AVAILABLE_BOOL is false!!!!!!!!!!
04-09 17:21:40.276  1866  2438 D Mapcon  : MapconConfigImpl-0: enter reset
04-09 17:21:40.276  1866  2461 D Mapcon  : MapconConfigImpl-0: enter isConfigReady, Config State is not ready!!!
04-09 17:21:40.276  1866  2461 V Mapcon  : SMVoice-0-Normal: Switch in XML off No need SIM Adp !
04-09 17:21:40.276  1866  2461 D Mapcon  : SMVoice-0-Normal: usim ready,read carrierconfig delay
04-09 17:21:40.276  1866  2461 D Mapcon  : SMVoice-0-Normal: PrepareState,handled msg=1801
04-09 17:21:40.277  1866  2461 D Mapcon  : SMVoice-0-Normal: enter handleCarrierConfigChangedCnf
04-09 17:21:40.277  1866  2461 D Mapcon  : MapconConfigImpl-0: enter isConfigReady, Config State is not ready!!!
04-09 17:21:40.277  1866  2461 V Mapcon  : SMVoice-0-Normal: Switch in XML off No need SIM Adp !
04-09 17:21:40.277  1866  2461 D Mapcon  : SMVoice-0-Normal: usim ready,read carrierconfig delay
04-09 17:21:40.277  1866  2461 D Mapcon  : SMVoice-0-Normal: PrepareState,handled msg=1801
04-09 17:21:40.908 16452 16452 E adbd    : failed to connect to socket 'tcp:6666': Connection refused
04-09 17:21:42.912 16452 16452 E adbd    : failed to connect to socket 'tcp:6666': Connection refused
04-09 17:21:44.918 16452 16452 E adbd    : failed to connect to socket 'tcp:6666': Connection refused
04-09 17:21:45.045  7040  7040 E JankService: child Thread receive to stop
04-09 17:21:45.149   760   883 E JankService: all data read ok
04-09 17:21:45.278  1866  2461 D Mapcon  : SMVoice-0-Normal: enter handleCarrierConfigChangedInd
04-09 17:21:45.278  1866  2461 D Mapcon  : SMVoice-0-Normal: PrepareState,handled msg=CMD_CARRIER_CONFIG_CHANGE_IND
04-09 17:21:45.278  1866  2461 D Mapcon  : SMVoice-0-Normal: enter handleCarrierConfigChangedInd
04-09 17:21:45.278  1866  2461 D Mapcon  : SMVoice-0-Normal: PrepareState,handled msg=CMD_CARRIER_CONFIG_CHANGE_IND
04-09 17:21:45.278  1866  2438 D Mapcon  : MapconConfigImpl-0: handleMessage, msg id=1800
04-09 17:21:45.278  1866  2438 D Mapcon  : MapconConfigImpl-0: enter handleCarrierConfigChangedInd
04-09 17:21:45.281  1866  2438 I Mapcon  : MapconConfigImpl-0: KEY_CARRIER_WFC_IMS_AVAILABLE_BOOL is false!!!!!!!!!!
04-09 17:21:45.281  1866  2438 D Mapcon  : MapconConfigImpl-0: enter reset
04-09 17:21:45.281  1866  2438 D Mapcon  : MapconConfigImpl-0: handleMessage, msg id=1800
04-09 17:21:45.281  1866  2438 D Mapcon  : MapconConfigImpl-0: enter handleCarrierConfigChangedInd
04-09 17:21:45.281  1866  2461 D Mapcon  : SMVoice-0-Normal: enter handleCarrierConfigChangedCnf
04-09 17:21:45.283  1866  2438 I Mapcon  : MapconConfigImpl-0: KEY_CARRIER_WFC_IMS_AVAILABLE_BOOL is false!!!!!!!!!!
04-09 17:21:45.284  1866  2438 D Mapcon  : MapconConfigImpl-0: enter reset
04-09 17:21:45.284  1866  2461 D Mapcon  : MapconConfigImpl-0: enter isConfigReady, Config State is not ready!!!
04-09 17:21:45.284  1866  2461 V Mapcon  : SMVoice-0-Normal: Switch in XML off No need SIM Adp !
04-09 17:21:45.284  1866  2461 D Mapcon  : SMVoice-0-Normal: usim ready,read carrierconfig delay
04-09 17:21:45.284  1866  2461 D Mapcon  : SMVoice-0-Normal: PrepareState,handled msg=1801
04-09 17:21:45.284  1866  2461 D Mapcon  : SMVoice-0-Normal: enter handleCarrierConfigChangedCnf
04-09 17:21:45.284  1866  2461 D Mapcon  : MapconConfigImpl-0: enter isConfigReady, Config State is not ready!!!
04-09 17:21:45.284  1866  2461 V Mapcon  : SMVoice-0-Normal: Switch in XML off No need SIM Adp !
04-09 17:21:45.284  1866  2461 D Mapcon  : SMVoice-0-Normal: usim ready,read carrierconfig delay
04-09 17:21:45.284  1866  2461 D Mapcon  : SMVoice-0-Normal: PrepareState,handled msg=1801
04-09 17:21:45.310   744   744 I chatty  : uid=1000(system) /system/bin/thermal-daemon expire 18 lines
04-09 17:21:45.570  4781  7043 W ProcessReaper: Memory state is: 125
04-09 17:21:46.923 16452 16452 E adbd    : failed to connect to socket 'tcp:6666': Connection refused
04-09 17:21:48.416  1290  3954 I chatty  : uid=1000(system) Binder:1290_11 expire 9 lines
04-09 17:21:48.930 16452 16452 E adbd    : failed to connect to socket 'tcp:6666': Connection refused
04-09 17:21:50.289  1866  2461 D Mapcon  : SMVoice-0-Normal: enter handleCarrierConfigChangedInd
04-09 17:21:50.290  1866  2461 D Mapcon  : SMVoice-0-Normal: PrepareState,handled msg=CMD_CARRIER_CONFIG_CHANGE_IND
04-09 17:21:50.290  1866  2461 D Mapcon  : SMVoice-0-Normal: enter handleCarrierConfigChangedInd
04-09 17:21:50.290  1866  2461 D Mapcon  : SMVoice-0-Normal: PrepareState,handled msg=CMD_CARRIER_CONFIG_CHANGE_IND
04-09 17:21:50.290  1866  2438 D Mapcon  : MapconConfigImpl-0: handleMessage, msg id=1800
04-09 17:21:50.290  1866  2438 D Mapcon  : MapconConfigImpl-0: enter handleCarrierConfigChangedInd
04-09 17:21:50.295  1866  2438 I Mapcon  : MapconConfigImpl-0: KEY_CARRIER_WFC_IMS_AVAILABLE_BOOL is false!!!!!!!!!!
04-09 17:21:50.295  1866  2438 D Mapcon  : MapconConfigImpl-0: enter reset
04-09 17:21:50.295  1866  2438 D Mapcon  : MapconConfigImpl-0: handleMessage, msg id=1800
04-09 17:21:50.295  1866  2461 D Mapcon  : SMVoice-0-Normal: enter handleCarrierConfigChangedCnf
04-09 17:21:50.295  1866  2438 D Mapcon  : MapconConfigImpl-0: enter handleCarrierConfigChangedInd
04-09 17:21:50.299  1866  2438 I Mapcon  : MapconConfigImpl-0: KEY_CARRIER_WFC_IMS_AVAILABLE_BOOL is false!!!!!!!!!!
04-09 17:21:50.300  1866  2438 D Mapcon  : MapconConfigImpl-0: enter reset
04-09 17:21:50.300  1866  2461 D Mapcon  : MapconConfigImpl-0: enter isConfigReady, Config State is not ready!!!
04-09 17:21:50.300  1866  2461 V Mapcon  : SMVoice-0-Normal: Switch in XML off No need SIM Adp !
04-09 17:21:50.300  1866  2461 D Mapcon  : SMVoice-0-Normal: usim ready,read carrierconfig delay
04-09 17:21:50.300  1866  2461 D Mapcon  : SMVoice-0-Normal: PrepareState,handled msg=1801
04-09 17:21:50.300  1866  2461 D Mapcon  : SMVoice-0-Normal: enter handleCarrierConfigChangedCnf
04-09 17:21:50.300  1866  2461 D Mapcon  : MapconConfigImpl-0: enter isConfigReady, Config State is not ready!!!
04-09 17:21:50.300  1866  2461 V Mapcon  : SMVoice-0-Normal: Switch in XML off No need SIM Adp !
04-09 17:21:50.300  1866  2461 D Mapcon  : SMVoice-0-Normal: usim ready,read carrierconfig delay
