04-10 19:00:02.980 20310 20310 D miui_anim: prepare, from AnimState{mTag='myDown', mMaps=[0.{}, 1.{ViewProperty{mPropertyName='scaleY'}=StateValue{value=0.8002349, intValue = 0, enable=true}, ViewProperty{mPropertyName='scaleX'}=StateValue{value=0.8002349, intValue = 0, enable=true}}, 2.{}]}, to AnimState{mTag='myUp', mMaps=[0.{}, 1.{ViewProperty{mPropertyName='scaleY'}=StateValue{value=1.0, intValue = 0, enable=true}, ViewProperty{mPropertyName='scaleX'}=StateValue{value=1.0, intValue = 0, enable=true}}, 2.{}]}, oneTimeConfigs.length = 1, target = com.miui.home.launcher.ShortcutIcon{7e66db6 VFE...CL. ......ID 541,694-795,993}(EndlessRunner)
04-10 19:00:02.980 20310 20310 D miui_anim: prepare, property = scaleY, global delay = 0, config = AnimConfig{, delay=0, ease=InterpolateEaseStyle{style=0, duration=350, factors=[0.9, 0.86]}, tintMethod = 0, relatedProperty=null}
04-10 19:00:02.980 20310 20310 D miui_anim: scaleY, fromValue = 0.8002349, toValue = 1.0
04-10 19:00:02.980 20310 20310 D miui_anim: prepare, property = scaleX, global delay = 0, config = AnimConfig{, delay=0, ease=InterpolateEaseStyle{style=0, duration=350, factors=[0.9, 0.86]}, tintMethod = 0, relatedProperty=null}
04-10 19:00:02.980 20310 20310 D miui_anim: scaleX, fromValue = 0.8002349, toValue = 1.0
04-10 19:00:02.981 20310 20310 D miui_anim: myUp end
04-10 19:00:02.982 20310 20310 D Launcher_DragView: new DragView:ShortcutInfo, id=65, itemType=0, user=UserHandle{0}, mIconType=0, pkgName=com.YourCompany.EndlessRunner, className=com.epicgames.ue4.SplashActivity
04-10 19:00:02.994 20310 20310 D Launcher.MultiSelectMonitor: needShowGroupContainerOrFinishContainer, mEditModeState=0, mIsWidgetsPreviewLayoutVisible=false, mIsDefaultScreenPreviewVisible=false, mIsMenuVisible=false, isUninstallDialogShowing=false, mIsDragging=true
04-10 19:00:02.995 20310 20310 D Launcher.MultiSelectMonitor: needShowGroupContainerOrFinishContainer, mEditModeState=0, mIsWidgetsPreviewLayoutVisible=false, mIsDefaultScreenPreviewVisible=false, mIsMenuVisible=false, isUninstallDialogShowing=false, mIsDragging=true
04-10 19:00:02.999 20310 21167 D Launcher.ShortcutMenuManager: show systemMenuItem, title=Megosztás
04-10 19:00:03.000 20310 21167 D Launcher.ShortcutMenuManager: show systemMenuItem, title=Alkalmazásadatok
04-10 19:00:03.000 20310 21167 D Launcher.ShortcutMenuManager: show systemMenuItem, title=Eltávolítás
04-10 19:00:03.000 20310 20310 D Launcher: edit state changed from 7 to 17
04-10 19:00:03.000 20310 20310 D Launcher.MultiSelectMonitor: EditStateChangedMessageHandler, state=17
04-10 19:00:03.000 20310 20310 D Launcher.DropTargetBar: update uninstall active when NO drag, active=false (edit=17, isUninstallDialogShowing=false, isWidgetPreviewShowing=false, isDefaultScreenPreviewShowing=false, isMenuVisible=false)
04-10 19:00:03.005 20310 20310 E VibrationEffect: VibrationEffect get 0
04-10 19:00:03.006 20310 20310 I VibrateUtils: android.os.VibrationEffect$Prebaked.setInfiniteStrength [double]
04-10 19:00:03.006  1900  2398 D VibratorService: Turning vibrator off.
04-10 19:00:03.007   820   820 D VibratorService.qti: play mCurrEffectId -1, mCurrMagnitude 0x5fff, mVibraFd 7, timeoutMs 0, mPlayLengthMs 0
04-10 19:00:03.007   820   820 D VibratorService.qti: play Status::OK
04-10 19:00:03.007   842   842 E         : VibratorFeature::off
04-10 19:00:03.007   842   842 E         : VibratorFeature::play timeoutMs 0, mCurrAppId -1, mCurrEffectId -1
04-10 19:00:03.008  1900  2398 D VibratorService: Strength in doVibratorPrebaked is 1
04-10 19:00:03.008   820   820 D VibratorService.qti: perform effect 0, es 1
04-10 19:00:03.008   820   820 D VibratorService.qti: play mCurrEffectId 0, mCurrMagnitude 0x5fff, mVibraFd 7, timeoutMs -1, mPlayLengthMs 0
04-10 19:00:03.008   820   820 D VibratorService.qti: play mCurrAppId 0, mPlayLengthMs 40, data: 0 0 40
04-10 19:00:03.008   820   820 D VibratorService.qti: play Status::OK
04-10 19:00:03.010 20310 20310 D EventBus: No subscribers registered for event class com.miui.home.launcher.common.messages.CellLayoutMessage
04-10 19:00:03.010 20310 20310 D EventBus: No subscribers registered for event class org.greenrobot.eventbus.NoSubscriberEvent
04-10 19:00:03.011 20310 20310 D Launcher.CellLayout: updateCellOccupiedMarks, remove, ShortcutInfo, id=65, itemType=0, user=UserHandle{0}, mIconType=0, pkgName=com.YourCompany.EndlessRunner, className=com.epicgames.ue4.SplashActivity, screenId=2, container=-100, cellX=2, cellY=2, spanX=1, spanY=1, isLandscapePos=false
04-10 19:00:03.015 20310 20310 D miui_anim: prepare, from AnimState{mTag='from', mMaps=[0.{}, 1.{ViewProperty{mPropertyName='alpha'}=StateValue{value=1.0, intValue = 0, enable=true}, ViewProperty{mPropertyName='scaleY'}=StateValue{value=0.8002349, intValue = 0, enable=true}, ViewProperty{mPropertyName='scaleX'}=StateValue{value=0.8002349, intValue = 0, enable=true}}, 2.{}]}, to AnimState{mTag='newState', mMaps=[0.{}, 1.{ViewProperty{mPropertyName='alpha'}=StateValue{value=0.9019608, intValue = 0, enable=true}, ViewProperty{mPropertyName='scaleY'}=StateValue{value=1.0999756, intValue = 0, enable=true}, ViewProperty{mPropertyName='scaleX'}=StateValue{value=1.0999756, intValue = 0, enable=true}}, 2.{}]}, oneTimeConfigs.length = 1, target = com.miui.home.launcher.DragView{dc375ca V.ED..... ......ID 0,0-254,299}
04-10 19:00:03.016 20310 20310 D miui_anim: prepare, property = alpha, global delay = 0, config = AnimConfig{, delay=0, ease=InterpolateEaseStyle{style=0, duration=350, factors=[0.9, 0.86]}, tintMethod = 0, relatedProperty=null}
04-10 19:00:03.016 20310 20310 D miui_anim: alpha, fromValue = 1.0, toValue = 0.9019608
04-10 19:00:03.016 20310 20310 D miui_anim: prepare, property = scaleY, global delay = 0, config = AnimConfig{, delay=0, ease=InterpolateEaseStyle{style=0, duration=350, factors=[0.9, 0.86]}, tintMethod = 0, relatedProperty=null}
04-10 19:00:03.016 20310 20310 D miui_anim: scaleY, fromValue = 0.8002349, toValue = 1.0999756
04-10 19:00:03.016 20310 20310 D miui_anim: prepare, property = scaleX, global delay = 0, config = AnimConfig{, delay=0, ease=InterpolateEaseStyle{style=0, duration=350, factors=[0.9, 0.86]}, tintMethod = 0, relatedProperty=null}
04-10 19:00:03.016 20310 20310 D miui_anim: scaleX, fromValue = 0.8002349, toValue = 1.0999756
04-10 19:00:03.016 20310 20310 D homeTest: compute scroll mLastScrollXInDraw:1080
04-10 19:00:03.017 20310 20310 D ScreenView: dispatchDraw:1080
04-10 19:00:03.023   908   971 D BufferQueueLayer: Launcher new frame Arrived
04-10 19:00:03.025 20310 20310 D Launcher.ShortcutMenu: show ShortcutMenu
04-10 19:00:03.038   908   971 D BufferQueueLayer: Launcher new frame Arrived
04-10 19:00:03.048  1900  1900 E VibratorService: Vibration finished, cleaning up
04-10 19:00:03.048  1900  1900 D VibratorService: Turning vibrator off.
04-10 19:00:03.049   820   820 D VibratorService.qti: play mCurrEffectId -1, mCurrMagnitude 0x5fff, mVibraFd 7, timeoutMs 0, mPlayLengthMs 40
04-10 19:00:03.049   820   820 D VibratorService.qti: play Status::OK
04-10 19:00:03.050   842   842 E         : VibratorFeature::off
04-10 19:00:03.050   842   842 E         : VibratorFeature::play timeoutMs 0, mCurrAppId -1, mCurrEffectId -1
04-10 19:00:03.051  1900  1900 E VibratorService: cancel com.miui.home
04-10 19:00:03.118   908   971 D BufferQueueLayer: Launcher new frame Arrived
04-10 19:00:03.186   908   971 I chatty  : uid=1000(system) Binder:908_2 identical 5 lines
04-10 19:00:03.208   908   971 D BufferQueueLayer: Launcher new frame Arrived
04-10 19:00:03.223   908  3208 D BufferQueueLayer: Launcher new frame Arrived
04-10 19:00:03.245   908   971 D BufferQueueLayer: Launcher new frame Arrived
04-10 19:00:03.256   908  3208 D BufferQueueLayer: Launcher new frame Arrived
04-10 19:00:03.354   908  3208 I chatty  : uid=1000(system) Binder:908_4 identical 6 lines
04-10 19:00:03.376   908  3208 D BufferQueueLayer: Launcher new frame Arrived
04-10 19:00:03.384 20310 20310 D miui_anim: newState, property alpha end
04-10 19:00:03.385 20310 20310 D miui_anim: newState, property scaleY end
04-10 19:00:03.385 20310 20310 D miui_anim: newState, property scaleX end
04-10 19:00:03.385 20310 20310 D miui_anim: newState end
04-10 19:00:03.389   908  3208 D BufferQueueLayer: Launcher new frame Arrived
04-10 19:00:03.403   908  3208 D BufferQueueLayer: Launcher new frame Arrived
04-10 19:00:03.410   776  1571 D audio_hw_primary: out_set_parameters: enter: usecase(1: low-latency-playback) kvpairs: suspend_playback=false
04-10 19:00:03.410   776  1571 D audio_hw_extn: audio_extn_fm_set_parameters: Enter
04-10 19:00:03.410   776  1571 D audio_hw_hfp: hfp_set_parameters: enter
04-10 19:00:03.411   776  7508 D audio_hw_primary: out_standby: enter: stream (0xf1e8f000) usecase(1: low-latency-playback)
04-10 19:00:03.459   776  7508 D audio_hw_primary: disable_audio_route: reset and update mixer path: low-latency-playback
04-10 19:00:03.446   776   776 W HwBinder:776_5: type=1400 audit(0.0:109003): avc: denied { read } for name="u:object_r:default_prop:s0" dev="tmpfs" ino=25430 scontext=u:r:hal_audio_default:s0 tcontext=u:object_r:default_prop:s0 tclass=file permissive=0
04-10 19:00:03.463   776  7508 E soundtrigger: audio_extn_sound_trigger_update_stream_status: invalid input device 0x0, for event 2
04-10 19:00:03.463   776  7508 D soundtrigger: audio_extn_sound_trigger_update_stream_status: uc_info->id 1 of type 0 for Event 2, with Raise=0
04-10 19:00:03.463   776  7508 D msm8974_platform: platform_split_snd_device: snd_device(2) num devices(0) new_snd_devices(0)
04-10 19:00:03.463   776  7508 I msm8974_platform: platform_get_custom_mtmx_params: no matching param with id 0 ip_ch 2 op_ch 2 uc_id 1 snd_dev 2
04-10 19:00:03.463   776  7508 D hardware_info: hw_info_append_hw_type : device_name = speaker
04-10 19:00:03.463   776  7508 D audio_hw_primary: disable_snd_device: snd_device(2: speaker)
04-10 19:00:03.463   776  7508 V msm8974_platform: platform_set_parameters: enter: status_earpiece_clean=off
04-10 19:00:03.463   776  7508 D msm8974_platform: platform_set_parameters: Set speaker clean status: off
04-10 19:00:03.463   776  7508 D audio_hw_hfp: hfp_set_parameters: enter
04-10 19:00:03.464   776  7508 E libc    : Access denied finding property "tas.smartpa.debug.disable"
04-10 19:00:03.465   776  7508 I TI-SmartPA: tas_spk_prot_process: Feedback Disabled
04-10 19:00:03.487   776  7508 V TI-SmartPA: TAS25XX_SMARTPA_ENABLE:  0
04-10 19:00:03.487   776  7508 I TI-SmartPA: Disabling USECASE_AUDIO_TAS_SPK_PROT_TX
04-10 19:00:03.487   776  7508 D audio_hw_primary: disable_audio_route: reset and update mixer path: tas-iv-capture
04-10 19:00:03.489   776  7508 D soundtrigger: audio_extn_sound_trigger_update_stream_status: uc_info->id 72 of type 1 for Event 2, with Raise=0
04-10 19:00:03.489   776  7508 D msm8974_platform: platform_split_snd_device: snd_device(2) num devices(0) new_snd_devices(-219211469)
04-10 19:00:03.491   776  7508 I soundtrigger: audio_extn_sound_trigger_update_device_status: device 0x2 of type 0 for Event 0, with Raise=0
04-10 19:00:03.491   776  7508 D audio_hw_primary: out_standby: exit
04-10 19:00:03.491   776  1571 V EffectMiSound: MiSound_command() start, cmdCode=23
04-10 19:00:03.491   776  1571 V EffectMiSound: MiSound_Command EFFECT_CMD_SET_AUDIO_STANDBY, current mode = 0
04-10 19:00:03.492 20310 20310 D Launcher_dispatchTouchEvent: [motionEvent action:(rawX,rawY)]  00:02.658[0(638,4,879,6)] 00:03.492[1(638,4,879,6)] 
04-10 19:00:03.492 20310 20310 D Launcher_Scrollto: [(rawX,rawY)|scrollX]  
04-10 19:00:03.493 20310 20310 D Launcher.DragController: drop, from=ShortcutInfo, id=65, itemType=0, user=UserHandle{0}, mIconType=0, pkgName=com.YourCompany.EndlessRunner, className=com.epicgames.ue4.SplashActivity, screenId=2, container=-100, cellX=2, cellY=2, spanX=1, spanY=1, isLandscapePos=false
04-10 19:00:03.494 20310 20310 D Launcher.CellLayout: updateCellOccupiedMarks, update, ShortcutInfo, id=65, itemType=0, user=UserHandle{0}, mIconType=0, pkgName=com.YourCompany.EndlessRunner, className=com.epicgames.ue4.SplashActivity, screenId=2, container=-100, cellX=2, cellY=2, spanX=1, spanY=1, isLandscapePos=false
04-10 19:00:03.495 20310 20310 D EventBus: No subscribers registered for event class com.miui.home.launcher.common.messages.CellLayoutMessage
04-10 19:00:03.495 20310 20310 D EventBus: No subscribers registered for event class org.greenrobot.eventbus.NoSubscriberEvent
04-10 19:00:03.496 20310 20310 D Launcher.DragController: drop succeed, to ShortcutInfo, id=65, itemType=0, user=UserHandle{0}, mIconType=0, pkgName=com.YourCompany.EndlessRunner, className=com.epicgames.ue4.SplashActivity, screenId=2, container=-100, cellX=2, cellY=2, spanX=1, spanY=1, isLandscapePos=false
04-10 19:00:03.502 20310 20310 D Launcher.CellLayout: saveCurrentLayout, info=ShortcutInfo, id=65, itemType=0, user=UserHandle{0}, mIconType=0, pkgName=com.YourCompany.EndlessRunner, className=com.epicgames.ue4.SplashActivity, screenId=2, container=-100, cellX=2, cellY=2, spanX=1, spanY=1, isLandscapePos=false
04-10 19:00:03.502 20310 20310 D EventBus: No subscribers registered for event class com.miui.home.launcher.common.messages.CellLayoutMessage
04-10 19:00:03.502 20310 20310 D EventBus: No subscribers registered for event class org.greenrobot.eventbus.NoSubscriberEvent
04-10 19:00:03.502 20310 20310 D Launcher.MultiSelectMonitor: needShowGroupContainerOrFinishContainer, mEditModeState=17, mIsWidgetsPreviewLayoutVisible=false, mIsDefaultScreenPreviewVisible=false, mIsMenuVisible=false, isUninstallDialogShowing=false, mIsDragging=false
04-10 19:00:03.503 20310 20310 D Launcher.MultiSelectMonitor: needShowGroupContainerOrFinishContainer, mEditModeState=17, mIsWidgetsPreviewLayoutVisible=false, mIsDefaultScreenPreviewVisible=false, mIsMenuVisible=false, isUninstallDialogShowing=false, mIsDragging=false
04-10 19:00:03.503 20310 20310 D Launcher.DropTargetBar: update uninstall active when NO drag, active=false (edit=17, isUninstallDialogShowing=false, isWidgetPreviewShowing=false, isDefaultScreenPreviewShowing=false, isMenuVisible=false)
04-10 19:00:03.503 20310 20310 D Launcher.ShortcutMenu: show shortcut menu when drop, pkgName=com.YourCompany.EndlessRunner
04-10 19:00:03.503 20310 20310 D Launcher.Workspace: Workspace touch up or cancel
04-10 19:00:03.504 20310 21527 I RenderThread: RenderThread resumed
04-10 19:00:03.504 20310 21527 D ScreenElementRoot: resume
04-10 19:00:03.505 20310 21527 I NotifierManager: onRegister: miui.maml.NotifierManager$MultiBroadcastNotifier@3d6bfc6
04-10 19:00:03.510 20310 20310 D homeTest: compute scroll mLastScrollXInDraw:1080
04-10 19:00:03.510 20310 20310 D ScreenView: dispatchDraw:1080
04-10 19:00:03.516   908  3208 D BufferQueueLayer: Launcher new frame Arrived
04-10 19:00:03.520  1900  2398 D PerfShielderService: com.miui.home|com.miui.home/com.miui.home.launcher.Launcher|442|45056028835154|73|5|21
04-10 19:00:03.521  3496  5047 W MiuiPerfServiceClient: interceptAndQueuing:20310|com.miui.home|442|73|unknown|null|com.miui.home/com.miui.home.launcher.Launcher|45056028835154|Slow issue draw commands|21
04-10 19:00:03.523   908   971 D BufferQueueLayer: Launcher new frame Arrived
04-10 19:00:03.542   908   971 D BufferQueueLayer: Launcher new frame Arrived
04-10 19:00:03.559   908   970 D BufferQueueLayer: Launcher new frame Arrived
04-10 19:00:03.570   908   970 D BufferQueueLayer: Launcher new frame Arrived
04-10 19:00:03.586   908   971 D BufferQueueLayer: Launcher new frame Arrived
04-10 19:00:03.600   908   971 D BufferQueueLayer: Launcher new frame Arrived
04-10 19:00:03.618   908  3208 D BufferQueueLayer: Launcher new frame Arrived
04-10 19:00:03.638   908  3208 D BufferQueueLayer: Launcher new frame Arrived
04-10 19:00:03.665   908   970 D BufferQueueLayer: Launcher new frame Arrived
04-10 19:00:03.681   908  3208 D BufferQueueLayer: Launcher new frame Arrived
04-10 19:00:03.698   908   970 D BufferQueueLayer: Launcher new frame Arrived
04-10 19:00:03.709   908   971 D BufferQueueLayer: Launcher new frame Arrived
04-10 19:00:03.724   908   970 D BufferQueueLayer: Launcher new frame Arrived
04-10 19:00:03.739   908   970 D BufferQueueLayer: Launcher new frame Arrived
04-10 19:00:03.762   908   971 D BufferQueueLayer: Launcher new frame Arrived
04-10 19:00:03.778   908   971 D BufferQueueLayer: Launcher new frame Arrived
04-10 19:00:03.797   908   970 D BufferQueueLayer: Launcher new frame Arrived
04-10 19:00:03.819   908   970 D BufferQueueLayer: Launcher new frame Arrived
04-10 19:00:04.114 13148 13148 E adbd    : failed to connect to socket 'tcp:6666': Connection refused
04-10 19:00:04.228   908  3208 D BufferQueueLayer: Launcher new frame Arrived
04-10 19:00:04.277 20310 20310 D Launcher_dispatchTouchEvent: [motionEvent action:(rawX,rawY)]  00:04.216[0(632,4,650,7)] 00:04.277[1(632,4,650,7)] 
04-10 19:00:04.277 20310 20310 D Launcher_Scrollto: [(rawX,rawY)|scrollX]  
04-10 19:00:04.281 20310 20310 D ScreenView: setCurrentScreenInner:1
04-10 19:00:04.285 20310 20310 D Launcher: dialog already dismiss:class com.miui.home.launcher.LauncherMenuDialog
04-10 19:00:04.286 20310 20310 D Launcher: edit state changed from 17 to 7
04-10 19:00:04.286 20310 20310 D Launcher.MultiSelectMonitor: EditStateChangedMessageHandler, state=7
04-10 19:00:04.286 20310 20310 D Launcher.MultiSelectMonitor: needShowGroupContainerOrFinishContainer, mEditModeState=7, mIsWidgetsPreviewLayoutVisible=false, mIsDefaultScreenPreviewVisible=false, mIsMenuVisible=false, isUninstallDialogShowing=false, mIsDragging=false
04-10 19:00:04.286 20310 20310 D Launcher.MultiSelectMonitor: needShowGroupContainerOrFinishContainer, mEditModeState=7, mIsWidgetsPreviewLayoutVisible=false, mIsDefaultScreenPreviewVisible=false, mIsMenuVisible=false, isUninstallDialogShowing=false, mIsDragging=false
04-10 19:00:04.287 20310 20310 D Launcher.DropTargetBar: update uninstall active when NO drag, active=false (edit=7, isUninstallDialogShowing=false, isWidgetPreviewShowing=false, isDefaultScreenPreviewShowing=false, isMenuVisible=false)
04-10 19:00:04.301 20310 20310 W System.err: android.content.pm.PackageManager$NameNotFoundException: com.YourCompany.EndlessRunner
04-10 19:00:04.312 20310 20310 W System.err: 	at android.app.ApplicationPackageManager.getPackageInfoAsUser(ApplicationPackageManager.java:194)
04-10 19:00:04.312 20310 20310 W System.err: 	at com.miui.launcher.utils.LauncherUtils.hasRelativeXSpaceApp(LauncherUtils.java:216)
04-10 19:00:04.312 20310 20310 W System.err: 	at com.miui.home.launcher.uninstall.UninstallDialogViewContainer.setTitle(UninstallDialogViewContainer.java:128)
04-10 19:00:04.312 20310 20310 W System.err: 	at com.miui.home.launcher.uninstall.UninstallDialogViewContainer.bindShortcut(UninstallDialogViewContainer.java:101)
04-10 19:00:04.312 20310 20310 W System.err: 	at com.miui.home.launcher.uninstall.UninstallController.showDialog(UninstallController.java:167)
04-10 19:00:04.312 20310 20310 W System.err: 	at com.miui.home.launcher.shortcuts.SystemShortcutMenuItem$UninstallShortcutMenuItem.lambda$getOnClickListener$247(SystemShortcutMenuItem.java:209)
04-10 19:00:04.312 20310 20310 W System.err: 	at com.miui.home.launcher.shortcuts.-$$Lambda$SystemShortcutMenuItem$UninstallShortcutMenuItem$-QDY4cKWQNGnogDbSufzg4F1zjM.onClick(Unknown Source:0)
04-10 19:00:04.312 20310 20310 W System.err: 	at com.miui.home.launcher.shortcuts.IconAndTitleShortcutMenuItemContainer.lambda$bindShortcutMenuItem$195(IconAndTitleShortcutMenuItemContainer.java:50)
04-10 19:00:04.312 20310 20310 W System.err: 	at com.miui.home.launcher.shortcuts.-$$Lambda$IconAndTitleShortcutMenuItemContainer$7S00KQNVplLbz1ajIVw64Xmss8A.onClick(Unknown Source:4)
04-10 19:00:04.312 20310 20310 W System.err: 	at android.view.View.performClick(View.java:7161)
04-10 19:00:04.312 20310 20310 W System.err: 	at android.view.View.performClickInternal(View.java:7138)
04-10 19:00:04.312 20310 20310 W System.err: 	at android.view.View.access$3500(View.java:811)
04-10 19:00:04.313 20310 20310 W System.err: 	at android.view.View$PerformClick.run(View.java:27419)
04-10 19:00:04.313 20310 20310 W System.err: 	at android.os.Handler.handleCallback(Handler.java:883)
04-10 19:00:04.313 20310 20310 W System.err: 	at android.os.Handler.dispatchMessage(Handler.java:100)
04-10 19:00:04.313 20310 20310 W System.err: 	at android.os.Looper.loop(Looper.java:224)
04-10 19:00:04.313 20310 20310 W System.err: 	at android.app.ActivityThread.main(ActivityThread.java:7520)
04-10 19:00:04.313 20310 20310 W System.err: 	at java.lang.reflect.Method.invoke(Native Method)
04-10 19:00:04.313 20310 20310 W System.err: 	at com.android.internal.os.RuntimeInit$MethodAndArgsCaller.run(RuntimeInit.java:539)
04-10 19:00:04.313 20310 20310 W System.err: 	at com.android.internal.os.ZygoteInit.main(ZygoteInit.java:950)
04-10 19:00:04.379 20310 20310 D miuisdk_anim: logLevel = 
04-10 19:00:04.407 20310 20310 D homeTest: compute scroll mLastScrollXInDraw:1080
04-10 19:00:04.408 20310 20310 D ScreenView: dispatchDraw:1080
04-10 19:00:04.411  1900  7330 E VibrationEffect: VibrationEffect get 6
04-10 19:00:04.411  1900  7330 I VibrateUtils: android.os.VibrationEffect$Prebaked.setInfiniteStrength [double]
04-10 19:00:04.411  1900  7330 D VibratorService: Turning vibrator off.
04-10 19:00:04.412   908   971 D BufferQueueLayer: Launcher new frame Arrived
04-10 19:00:04.412   820   820 D VibratorService.qti: play mCurrEffectId -1, mCurrMagnitude 0x5fff, mVibraFd 7, timeoutMs 0, mPlayLengthMs 0
04-10 19:00:04.412   820   820 D VibratorService.qti: play Status::OK
04-10 19:00:04.412   842   842 E         : VibratorFeature::off
04-10 19:00:04.412   842   842 E         : VibratorFeature::play timeoutMs 0, mCurrAppId -1, mCurrEffectId -1
04-10 19:00:04.413  1900  7330 D VibratorService: Strength in doVibratorPrebaked is 1
04-10 19:00:04.413   820   820 D VibratorService.qti: perform_1_2 effect 6, es 1
04-10 19:00:04.413   820   820 D VibratorService.qti: play mCurrEffectId 6, mCurrMagnitude 0x5fff, mVibraFd 7, timeoutMs -1, mPlayLengthMs 0
04-10 19:00:04.413   820   820 D VibratorService.qti: play mCurrAppId 0, mPlayLengthMs 25, data: 6 0 25
04-10 19:00:04.413   820   820 D VibratorService.qti: play Status::OK
04-10 19:00:04.414 20310 20310 D homeTest: compute scroll mLastScrollXInDraw:0
04-10 19:00:04.426   908   971 D Layer   : ---setAlpha Launcher=1.000000
04-10 19:00:04.429   908   971 D Layer   : ---setAlpha Launcher=1.000000
04-10 19:00:04.437   908  3208 D Layer   : ---setAlpha Launcher=1.000000
04-10 19:00:04.438  1900  1900 E VibratorService: Vibration finished, cleaning up
04-10 19:00:04.438  1900  1900 D VibratorService: Turning vibrator off.
04-10 19:00:04.439   820   820 D VibratorService.qti: play mCurrEffectId -1, mCurrMagnitude 0x5fff, mVibraFd 7, timeoutMs 0, mPlayLengthMs 25
04-10 19:00:04.439   820   820 D VibratorService.qti: play Status::OK
04-10 19:00:04.439   842   842 E         : VibratorFeature::off
04-10 19:00:04.439   842   842 E         : VibratorFeature::play timeoutMs 0, mCurrAppId -1, mCurrEffectId -1
04-10 19:00:04.441  1900  1900 E VibratorService: cancel android
04-10 19:00:04.441 20310 20310 D homeTest: compute scroll mLastScrollXInDraw:0
04-10 19:00:04.441 20310 20310 D ScreenView: dispatchDraw:0
04-10 19:00:04.449   908   970 D BufferQueueLayer: Launcher new frame Arrived
04-10 19:00:04.453   908  3208 D Layer   : ---setAlpha Launcher=1.000000
04-10 19:00:04.470   908  3208 D Layer   : ---setAlpha Launcher=0.000000
04-10 19:00:04.470   908  3208 D Layer   : ---setAlpha Launcher=1.000000
04-10 19:00:04.484   908  3208 D Layer   : ---setAlpha Launcher=0.000000
04-10 19:00:04.484 20310 20310 D ScreenView: setCurrentScreenInner:0
04-10 19:00:04.486 20310 20310 D homeTest: compute scroll mLastScrollXInDraw:0
04-10 19:00:04.486 20310 20310 D ScreenView: dispatchDraw:0
04-10 19:00:04.490   908   970 D BufferQueueLayer: Launcher new frame Arrived
04-10 19:00:04.493 20310 20310 D Launcher.Lifecycle: onWindowFocusChanged:false,UserHandle{0},569707e,true
04-10 19:00:04.494   908   970 D BufferQueueLayer: Launcher new frame Arrived
04-10 19:00:04.501   908   971 D Layer   : ---setAlpha Launcher=0.221621
04-10 19:00:04.507   908   970 D BufferQueueLayer: Launcher new frame Arrived
04-10 19:00:04.518   908   970 D Layer   : ---setAlpha Launcher=0.404189
04-10 19:00:04.535   908   970 D Layer   : ---setAlpha Launcher=0.544719
04-10 19:00:04.551   908   970 D Layer   : ---setAlpha Launcher=0.665122
04-10 19:00:04.567   908   970 D Layer   : ---setAlpha Launcher=0.759900
04-10 19:00:04.584   908   970 D Layer   : ---setAlpha Launcher=0.829212
04-10 19:00:04.604   908   970 D Layer   : ---setAlpha Launcher=0.885153
04-10 19:00:04.618   908  1615 D Layer   : ---setAlpha Launcher=0.926077
04-10 19:00:04.635   908   971 D Layer   : ---setAlpha Launcher=0.953533
04-10 19:00:04.651   908   971 D Layer   : ---setAlpha Launcher=0.973473
04-10 19:00:04.668   908  3208 D Layer   : ---setAlpha Launcher=0.986182
04-10 19:00:04.692   908   970 D Layer   : ---setAlpha Launcher=0.993336
04-10 19:00:04.703   908   970 D Layer   : ---setAlpha Launcher=0.997437
04-10 19:00:04.720   908   970 D Layer   : ---setAlpha Launcher=0.999272
04-10 19:00:04.736   908   970 D Layer   : ---setAlpha Launcher=0.999885
04-10 19:00:04.751   908  3208 D Layer   : ---setAlpha Launcher=0.999997
04-10 19:00:04.767   908  3208 D Layer   : ---setAlpha Launcher=1.000000
04-10 19:00:05.136  2372  2859 D MobileSignalController: updateDataType mSelectedDataTypeIcon[1]=2131232701, mSelectedDataActivityIndex=6
04-10 19:00:05.136  2372  2859 D TelephonyIcons: getSignalStrengthIcon: slot=1, inetCondition=1, level=5, roaming=false, signalstrength=SignalStrength:{mCdma=CellSignalStrengthCdma: cdmaDbm=2147483647 cdmaEcio=2147483647 evdoDbm=2147483647 evdoEcio=2147483647 evdoSnr=2147483647 miuiLevel=0 level=0,mGsm=CellSignalStrengthGsm: rssi=2147483647 ber=2147483647 mTa=2147483647 miuiLevel=0 mLevel=0,mWcdma=CellSignalStrengthWcdma: ss=2147483647 ber=2147483647 rscp=2147483647 ecno=2147483647 miuiLevel=0 level=0,mTdscdma=CellSignalStrengthTdscdma: rssi=2147483647 ber=2147483647 rscp=2147483647 miuiLevel=0 level=0,mLte=CellSignalStrengthLte: rssi=-63 rsrp=-88 rsrq=-9 rssnr=232 cqi=2147483647 ta=2147483647 miuiLevel=5 level=4,mNr=CellSignalStrengthNr:{ csiRsrp = 2147483647 csiRsrq = 2147483647 csiSinr = 2147483647 ssRsrp = 2147483647 ssRsrq = 2147483647 ssSinr = 2147483647 miuiLevel = 0 level = 0 },primary=CellSignalStrengthLte}
04-10 19:00:05.137  2372  2859 D TelephonyIcons: getDataActivity, slot=1, activity=3
04-10 19:00:05.144  2372  2859 D TelephonyIcons: null signal icon name: drawable/stat_sys_signal_null
04-10 19:00:05.146  2372  2859 D TelephonyIcons: getDataTypeIcon sub=1
04-10 19:00:05.148  2372  2372 D SignalClusterView: updateMobileTypeImage  0
04-10 19:00:05.165  2372  2372 I chatty  : uid=1000(system) com.android.systemui identical 5 lines
04-10 19:00:05.167  2372  2372 D SignalClusterView: updateMobileTypeImage  0
04-10 19:00:05.741   908   970 D BufferQueueLayer: Launcher new frame Arrived
04-10 19:00:05.775 20310 20310 D ScreenView: dispatchDraw:0
04-10 19:00:05.780 20310 20310 W System.err: android.content.pm.PackageManager$NameNotFoundException: com.YourCompany.EndlessRunner
04-10 19:00:05.781 20310 20310 W System.err: 	at android.app.ApplicationPackageManager.getPackageInfoAsUser(ApplicationPackageManager.java:194)
04-10 19:00:05.781 20310 20310 W System.err: 	at com.miui.launcher.utils.LauncherUtils.hasRelativeXSpaceApp(LauncherUtils.java:216)
04-10 19:00:05.781 20310 20310 W System.err: 	at com.miui.home.launcher.uninstall.UninstallController.uninstallApp(UninstallController.java:62)
04-10 19:00:05.781 20310 20310 W System.err: 	at com.miui.home.launcher.uninstall.UninstallController.uninstallApps(UninstallController.java:47)
04-10 19:00:05.781 20310 20310 W System.err: 	at com.miui.home.launcher.uninstall.UninstallDialogViewContainer$2.onClick(UninstallDialogViewContainer.java:73)
04-10 19:00:05.781 20310 20310 W System.err: 	at android.view.View.performClick(View.java:7161)
04-10 19:00:05.781 20310 20310 W System.err: 	at android.view.View.performClickInternal(View.java:7138)
04-10 19:00:05.781 20310 20310 W System.err: 	at android.view.View.access$3500(View.java:811)
04-10 19:00:05.781 20310 20310 W System.err: 	at android.view.View$PerformClick.run(View.java:27419)
04-10 19:00:05.781 20310 20310 W System.err: 	at android.os.Handler.handleCallback(Handler.java:883)
04-10 19:00:05.781 20310 20310 W System.err: 	at android.os.Handler.dispatchMessage(Handler.java:100)
04-10 19:00:05.781 20310 20310 W System.err: 	at android.os.Looper.loop(Looper.java:224)
04-10 19:00:05.781 20310 20310 W System.err: 	at android.app.ActivityThread.main(ActivityThread.java:7520)
04-10 19:00:05.781 20310 20310 W System.err: 	at java.lang.reflect.Method.invoke(Native Method)
04-10 19:00:05.781 20310 20310 W System.err: 	at com.android.internal.os.RuntimeInit$MethodAndArgsCaller.run(RuntimeInit.java:539)
04-10 19:00:05.781 20310 20310 W System.err: 	at com.android.internal.os.ZygoteInit.main(ZygoteInit.java:950)
04-10 19:00:05.782 20310 20310 D UninstallController: delete apps icon before delete success
04-10 19:00:05.786  1900  2075 I ActivityManager: Force stopping com.YourCompany.EndlessRunner appid=10250 user=0: deletePackageX
04-10 19:00:05.790  1900  2075 I ActivityManager: Killing 13859:com.YourCompany.EndlessRunner/u0a250 (adj 700): stop com.YourCompany.EndlessRunner: deletePackageX
04-10 19:00:05.793   908  3208 D BufferQueueLayer: Launcher new frame Arrived
04-10 19:00:05.798   815   763 I /vendor/bin/hw/vendor.qti.hardware.servicetracker@1.1-service: killProcess is called for pid : 13859
04-10 19:00:05.798  1900  2075 W ActivityTaskManager: Force removing ActivityRecord{dcb38e5 u0 com.YourCompany.EndlessRunner/com.epicgames.ue4.GameActivity t10 f}: app died, no saved state
04-10 19:00:05.799   908   971 D BufferQueueLayer: Launcher new frame Arrived
04-10 19:00:05.824  1900  2278 I MiuiNetworkPolicy: removeUidState uid = 10250
04-10 19:00:05.828  2372  2372 D EventBus: [2372, u0] send(AppTransitionFinishedEvent)
04-10 19:00:05.828  2372  2372 D EventBus: [2372, u0]  -> ForcedResizableInfoActivityController [0xdfa233e, P1] onBusEvent(AppTransitionFinishedEvent)
04-10 19:00:05.829  2372  2372 D EventBus: [2372, u0] onBusEvent(AppTransitionFinishedEvent) duration: 33 microseconds, avg: 910
04-10 19:00:05.829   908  3208 D BufferQueueLayer: Launcher new frame Arrived
04-10 19:00:05.844   908   971 D BufferQueueLayer: Launcher new frame Arrived
04-10 19:00:05.857   908  3208 D BufferQueueLayer: Launcher new frame Arrived
04-10 19:00:05.870   908   970 D BufferQueueLayer: Launcher new frame Arrived
04-10 19:00:05.887   908  3208 D BufferQueueLayer: Launcher new frame Arrived
04-10 19:00:05.905   908  3208 D BufferQueueLayer: Launcher new frame Arrived
04-10 19:00:05.921   908   970 D BufferQueueLayer: Launcher new frame Arrived
04-10 19:00:05.933  1052  1052 I keystore: clear_uid 10250
04-10 19:00:05.934  1900  2110 E PermissionMonitor: unknown permission type: -1for uid: 10250
04-10 19:00:05.934   670  2273 E TrafficController: Failed to clean up the permission for 10250: No such file or directory
04-10 19:00:05.934   670  2273 I netd    : trafficSetNetPermForUids(-1, [10250]) <0.08ms>
04-10 19:00:05.935  2372 24996 E RecentsTaskLoader: Unexpected null component name or activity info: ComponentInfo{com.YourCompany.EndlessRunner/com.epicgames.ue4.SplashActivity}, null
04-10 19:00:05.936  2372 24996 E RecentsTaskLoader: Unexpected null component name or activity info: ComponentInfo{com.YourCompany.EndlessRunner/com.epicgames.ue4.SplashActivity}, null
04-10 19:00:05.938   908   970 D BufferQueueLayer: Launcher new frame Arrived
04-10 19:00:05.939  2372 24996 E RecentsTaskLoader: Unexpected null component name or activity info: ComponentInfo{com.YourCompany.EndlessRunner/com.epicgames.ue4.SplashActivity}, null
04-10 19:00:05.956   908  3208 D BufferQueueLayer: Launcher new frame Arrived
04-10 19:00:05.972  1900  1938 D ConnectivityService: ConnectivityService NetworkRequestInfo binderDied(NetworkRequest [ LISTEN id=529, [ Capabilities: INTERNET&NOT_RESTRICTED&TRUSTED&NOT_VPN&VALIDATED&FOREGROUND Uid: 10250] ], android.os.BinderProxy@4b51df)
04-10 19:00:05.972   908  3208 D BufferQueueLayer: Launcher new frame Arrived
04-10 19:00:05.956   902   902 W Binder:902_2: type=1400 audit(0.0:109004): avc: denied { connectto } for path="/dev/socket/logd" scontext=u:r:audioserver:s0 tcontext=u:r:logd:s0 tclass=unix_stream_socket permissive=0
04-10 19:00:05.974  1900  9064 D DisplayManagerService: Display listener for pid 13859 died.
04-10 19:00:05.974  1900  2020 W ActivityManager: setHasOverlayUi called on unknown pid: 13859
04-10 19:00:05.976   673   673 I Zygote  : Process 13859 exited due to signal 9 (Killed)
04-10 19:00:05.980  1900  2077 I libprocessgroup: Successfully killed process cgroup uid 10250 pid 13859 in 186ms
04-10 19:00:05.988 20310 20333 E VibrationEffect: VibrationEffect get 83
04-10 19:00:05.989  1900  6917 D VibratorService: Turning vibrator off.
04-10 19:00:05.989   820   820 D VibratorService.qti: play mCurrEffectId -1, mCurrMagnitude 0x5fff, mVibraFd 7, timeoutMs 0, mPlayLengthMs 0
04-10 19:00:05.989   820   820 D VibratorService.qti: play Status::OK
04-10 19:00:05.989   842   842 E         : VibratorFeature::off
04-10 19:00:05.989   842   842 E         : VibratorFeature::play timeoutMs 0, mCurrAppId -1, mCurrEffectId -1
04-10 19:00:05.990  1900  6917 D VibratorService: Strength in doVibratorPrebaked is 1
04-10 19:00:05.990   842   842 E         : VibratorFeature::play timeoutMs -1, mCurrAppId -1, mCurrEffectId 83
04-10 19:00:05.990   842   842 E         : VibratorFeature::play effect.type = FF_PERIODIC
04-10 19:00:05.990   842   842 E         : VibratorFeature::play effect.id 0
04-10 19:00:05.990   842   842 E         : VibratorFeature::perform_ext, ok!
04-10 19:00:05.997   908   971 D BufferQueueLayer: Launcher new frame Arrived
04-10 19:00:06.005   908  3208 D BufferQueueLayer: Launcher new frame Arrived
04-10 19:00:06.022   908  3208 D BufferQueueLayer: Launcher new frame Arrived
04-10 19:00:06.039   908  3257 D BufferQueueLayer: Launcher new frame Arrived
04-10 19:00:06.055   908  3208 D BufferQueueLayer: Launcher new frame Arrived
04-10 19:00:06.072   908  3208 D BufferQueueLayer: Launcher new frame Arrived
04-10 19:00:06.096  1900  2110 I system_server: Explicit concurrent copying GC freed 82392(3142KB) AllocSpace objects, 8(352KB) LOS objects, 41% free, 33MB/57MB, paused 126us total 161.832ms
04-10 19:00:06.098   908  3257 D BufferQueueLayer: Launcher new frame Arrived
04-10 19:00:06.110   908  3257 D BufferQueueLayer: Launcher new frame Arrived
04-10 19:00:06.120 13148 13148 E adbd    : failed to connect to socket 'tcp:6666': Connection refused
04-10 19:00:06.123   908   971 D BufferQueueLayer: Launcher new frame Arrived
04-10 19:00:06.129  1900  2110 I ActivityManager: Force stopping com.YourCompany.EndlessRunner appid=10250 user=0: pkg removed
04-10 19:00:06.140   908  3208 D BufferQueueLayer: Launcher new frame Arrived
04-10 19:00:06.145  1900  2110 E HistoricalRegistry: Interaction before persistence initialized
04-10 19:00:06.156   908  3257 D BufferQueueLayer: Launcher new frame Arrived
04-10 19:00:06.160  1900  1900 I RoleManagerService: Granting default permissions...for user0
04-10 19:00:06.160  1900  2278 I MiuiNetworkPolicy: ACTION_PACKAGE_REMOVED uid = 10250
04-10 19:00:06.162  2372  2372 E Recents : packageMonitor   onPackageModified  packageName=com.YourCompany.EndlessRunner   mIsRecentsWithinLauncher=false
04-10 19:00:06.162  2372  2372 D LockScreenMagazineController: received broadcast android.intent.action.PACKAGE_REMOVED
04-10 19:00:06.163  3443  3443 I GsaVoiceInteractionSrv: O received Intent { act=android.intent.action.PACKAGE_REMOVED dat=package:com.YourCompany.EndlessRunner flg=0x4000010 (has extras) }
04-10 19:00:06.163  4140  4140 D AppInstalledReceiver: receive broadcast
04-10 19:00:06.165  1900  2075 W BroadcastQueue: Background execution not allowed: receiving Intent { act=android.intent.action.PACKAGE_REMOVED dat=package:com.YourCompany.EndlessRunner flg=0x4000010 (has extras) } to com.lbe.security.miui/com.lbe.security.service.BootReceiver
04-10 19:00:06.165  1900  2075 W BroadcastQueue: Background execution not allowed: receiving Intent { act=android.intent.action.PACKAGE_REMOVED dat=package:com.YourCompany.EndlessRunner flg=0x4000010 (has extras) } to com.android.settings/.search.provider.UpdateReceiver
04-10 19:00:06.167 10669 10669 I Finsky  : [2] accd.h(1): PackageMonitorReceiverImpl - Received: android.intent.action.PACKAGE_REMOVED, [gldD9kT-Zw7tLCSnyCH9DYQHyB1rWYr1VN3C4EDd1cY]
04-10 19:00:06.167 10669 10669 I Finsky  : [2] acde.g(8): Invalidating cached PackageState for com.YourCompany.EndlessRunner
04-10 19:00:06.168  4140  4140 I FireWallService: mina mPackageReceiver onReceive
04-10 19:00:06.169  4645  4700 I WakelockPolicyManager: setWakelockPolicy
04-10 19:00:06.169  4140  4140 I TrafficManageService: mina mPackageReceiver 0
04-10 19:00:06.169  3496  3496 D MiSpeedUtils: Calling service to removeAuthorizedUid: 10250 and result: 0
04-10 19:00:06.169  4140  4140 I InstalledAppMonitor: com.YourCompany.EndlessRunneronReceive remove pkg=com.YourCompany.EndlessRunner
04-10 19:00:06.170 10669 10669 I Finsky  : [2] acde.p(3): Package no longer installed: com.YourCompany.EndlessRunner
04-10 19:00:06.170  2606  2606 E PhoneInterfaceManager: [PhoneIntfMgr] getCarrierPackageNamesForIntent: No UICC
04-10 19:00:06.170  2606  2606 D CarrierSvcBindHelper: No carrier app for: 0
04-10 19:00:06.172   908   971 D BufferQueueLayer: Launcher new frame Arrived
04-10 19:00:06.179  1900  2075 W BroadcastQueue: Background execution not allowed: receiving Intent { act=android.intent.action.PACKAGE_REMOVED dat=package:com.YourCompany.EndlessRunner flg=0x4000010 (has extras) } to com.android.vending/com.google.android.finsky.packagemanager.impl.PackageMonitorReceiverImpl$RegisteredReceiver
04-10 19:00:06.181  4512 14944 I com.lbe.security.service.provider.WakePathDatabaseUtil: onPackageRemoved
04-10 19:00:06.183 10669 10669 I Finsky  : [2] astl.a(3): Do not start WearSupportService due to Wear service optimization
04-10 19:00:06.185  1900  2075 W BroadcastQueue: Background execution not allowed: receiving Intent { act=android.intent.action.PACKAGE_REMOVED dat=package:com.YourCompany.EndlessRunner flg=0x4000010 (has extras) } to com.android.vending/com.google.android.finsky.instantapps.appmanagement.InstantAppRemoveMonitor
04-10 19:00:06.185  1900  2075 W BroadcastQueue: Background execution not allowed: receiving Intent { act=android.intent.action.PACKAGE_REMOVED dat=package:com.YourCompany.EndlessRunner flg=0x4000010 (has extras) } to com.google.android.gms/.games.chimera.GamesSystemBroadcastReceiverProxy
04-10 19:00:06.188  1900  2075 W BroadcastQueue: Background execution not allowed: receiving Intent { act=android.intent.action.PACKAGE_REMOVED dat=package:com.YourCompany.EndlessRunner flg=0x4000010 (has extras) } to com.google.android.gms/.chimera.GmsIntentOperationService$PersistentTrustedReceiver
04-10 19:00:06.189  1900  2075 W BroadcastQueue: Background execution not allowed: receiving Intent { act=android.intent.action.PACKAGE_REMOVED dat=package:com.YourCompany.EndlessRunner flg=0x4000010 (has extras) } to com.google.android.googlequicksearchbox/com.google.android.apps.gsa.googlequicksearchbox.GelStubAppWatcher
04-10 19:00:06.189  1900  2075 W BroadcastQueue: Background execution not allowed: receiving Intent { act=android.intent.action.PACKAGE_REMOVED dat=package:com.YourCompany.EndlessRunner flg=0x4000010 (has extras) } to com.mi.android.globalminusscreen/.health.receiver.HealthAppReceiver
04-10 19:00:06.188 10669 10669 I Finsky  : [2] astl.a(3): Do not start WearSupportService due to Wear service optimization
04-10 19:00:06.190   908   971 D BufferQueueLayer: Launcher new frame Arrived
04-10 19:00:06.190  2606  2606 D CarrierSvcBindHelper: No carrier app for: 1
04-10 19:00:06.192   815   763 I /vendor/bin/hw/vendor.qti.hardware.servicetracker@1.1-service: bindService is called for service : com.google.android.permissioncontroller/com.android.packageinstaller.role.service.RoleControllerServiceImpl and for client system
04-10 19:00:06.192   815   763 I /vendor/bin/hw/vendor.qti.hardware.servicetracker@1.1-service: total connections for service : com.google.android.permissioncontroller/com.android.packageinstaller.role.service.RoleControllerServiceImplare :1
04-10 19:00:06.192   815   763 I /vendor/bin/hw/vendor.qti.hardware.servicetracker@1.1-service: total connections for client : systemare :24
04-10 19:00:06.192  3542  3542 D RegisteredServicesCache:  Reading service state data always from file
04-10 19:00:06.192  4512 14944 I com.lbe.security.service.provider.WakePathDatabaseUtil: getWakePathWhiteList: whiteList.size=5
04-10 19:00:06.193  1900  3540 I WakePathChecker: MIUILOG-WAKEPATH pushWakePathWhiteList: userId=0 size=5
04-10 19:00:06.193  1900  2016 D CompatibilityInfo: mCompatibilityFlags - 0
04-10 19:00:06.193  1900  2016 D CompatibilityInfo: applicationDensity - 440
04-10 19:00:06.193  1900  2016 D CompatibilityInfo: applicationScale - 1.0
04-10 19:00:06.194  3542  3542 D RegisteredServicesCache: ServiceStateFileVersion=1.0
04-10 19:00:06.194  3542  3542 E RegisteredServicesCache: Next Tag=services
04-10 19:00:06.194  3542  3542 D RegisteredServicesCache:  curr component com.google.android.gms/com.google.android.gms.nearby.mediums.nearfieldcommunication.NfcAdvertisingService
04-10 19:00:06.194  3542  3542 D RegisteredServicesCache:  curr uid 10194
04-10 19:00:06.194  3542  3542 D RegisteredServicesCache:  curr state 2
04-10 19:00:06.194  3542  3542 E RegisteredServicesCache: installedServices no uidString 
04-10 19:00:06.194  3542  3542 E RegisteredServicesCache: 1invalidateCache:WriteServiceStateToFile
04-10 19:00:06.194  3542  3542 E RegisteredServicesCache:  Writing service state Data Always
04-10 19:00:06.194  4512 14944 I com.lbe.security.service.provider.WakePathDatabaseUtil: getWakePathRuleList: wakeType=17 wakePathRuleInfos.size=0
04-10 19:00:06.195 10669 10669 I Finsky  : [2] swa.s(2): Installer: package com.YourCompany.EndlessRunner was removed. replacing: false
04-10 19:00:06.195  1900  6697 I WakePathChecker: MIUILOG-WAKEPATH pushWakePathRuleInfos: wakeType=17 userId=0 size=0
04-10 19:00:06.196 10669 10669 I Finsky  : [2] swy.L(12): Installer: Notifying status update. package=com.YourCompany.EndlessRunner, status=UNINSTALLED
04-10 19:00:06.196   815   763 I /vendor/bin/hw/vendor.qti.hardware.servicetracker@1.1-service: startService() is called for servicecom.google.android.permissioncontroller/com.android.packageinstaller.role.service.RoleControllerServiceImpl
04-10 19:00:06.197  3542  3542 E RegisteredServicesCache: component namecom.google.android.gms/com.google.android.gms.nearby.mediums.nearfieldcommunication.NfcAdvertisingService
04-10 19:00:06.199  3542  3542 D NfcService: defaultMifateCLTRoute : 571
04-10 19:00:06.199  3542  3542 D NfcService: defaultAidRoute : 571
04-10 19:00:06.199  3542  3542 D NfcService: GetDefaultRouteLoc  :2
04-10 19:00:06.199  3542  3542 D NfcService: defaultAidRoute : 571
04-10 19:00:06.199  3542  3542 E AidRoutingManager: Size of routing table800
04-10 19:00:06.200  3542  3542 D RegisteredNfcFServicesCache: Service unchanged, not updating
04-10 19:00:06.200  1900  2075 W BroadcastQueue: Background execution not allowed: receiving Intent { act=android.intent.action.PACKAGE_REMOVED dat=package:com.YourCompany.EndlessRunner flg=0x4000010 (has extras) } to com.miui.audioeffect/com.android.musicfx.Compatibility$Receiver
04-10 19:00:06.200  1900  2075 W BroadcastQueue: Background execution not allowed: receiving Intent { act=android.intent.action.PACKAGE_REMOVED dat=package:com.YourCompany.EndlessRunner flg=0x4000010 (has extras) } to com.xiaomi.discover/com.xiaomi.market.data.MyPackageMonitor
04-10 19:00:06.201  1900  2075 W BroadcastQueue: Background execution not allowed: receiving Intent { act=android.intent.action.PACKAGE_REMOVED dat=package:com.YourCompany.EndlessRunner flg=0x4000010 (has extras) } to com.xiaomi.misettings/.usagestats.AppTimerReceiver
04-10 19:00:06.202  1900  2278 I MiuiNetworkPolicy: updateUidState uid = 1000, uidState = 0
04-10 19:00:06.202  1900  2278 I MiuiNetworkPolicy: updateUidState uid = 10096, uidState = 6
04-10 19:00:06.203 10669 14943 I Finsky  : [8670] qqs.run(16): Frosting DB delete succeeded: true
04-10 19:00:06.205 10669 10669 I Finsky  : [2] aivp.a(8): Clearing split related stale data.
04-10 19:00:06.205 10669 14947 I Finsky  : [8673] hxj.a(12): Asset module storage cleared for package com.YourCompany.EndlessRunner.
04-10 19:00:06.208 10669 10669 I Finsky  : [2] acde.p(3): Package no longer installed: com.YourCompany.EndlessRunner
04-10 19:00:06.208  1900  2275 D NtpTrustedTime: currentTimeMillis() cache hit
04-10 19:00:06.209   670  2273 I netd    : trafficSwapActiveStatsMap() <0.69ms>
04-10 19:00:06.209  4231  4350 W PushService: 2021-04-11 01:00:06,209 - [WARN::PushService] - [Thread:270] JOB: Handle intent action = com.xiaomi.xmsf.push.UNINSTALL
04-10 19:00:06.210   815   763 I /vendor/bin/hw/vendor.qti.hardware.servicetracker@1.1-service: bindService is called for service : com.google.android.googlequicksearchbox/com.google.android.apps.gsa.search.core.service.SearchService and for client com.google.android.googlequicksearchbox:interactor
04-10 19:00:06.210   815   763 I /vendor/bin/hw/vendor.qti.hardware.servicetracker@1.1-service: total connections for service : com.google.android.googlequicksearchbox/com.google.android.apps.gsa.search.core.service.SearchServiceare :1
04-10 19:00:06.210   815   763 I /vendor/bin/hw/vendor.qti.hardware.servicetracker@1.1-service: total connections for client : com.google.android.googlequicksearchbox:interactorare :1
04-10 19:00:06.211  1900  2294 V LocationPolicy: ACTION_UID_REMOVED for uid=10250
04-10 19:00:06.211  1900  2294 V LocationPolicy: writePolicyLocked()
04-10 19:00:06.211  1900  9064 D CompatibilityInfo: mCompatibilityFlags - 0
04-10 19:00:06.211  1900  9064 D CompatibilityInfo: applicationDensity - 440
04-10 19:00:06.211  1900  9064 D CompatibilityInfo: applicationScale - 1.0
04-10 19:00:06.213 10669 10669 I Finsky  : [2] swy.O(7): Installer: found apps to install. isMultiUserMode=false, apps=[]
04-10 19:00:06.214   670  2273 I netd    : tetherGetStats() <1.42ms>
04-10 19:00:06.214   815   763 I /vendor/bin/hw/vendor.qti.hardware.servicetracker@1.1-service: startService() is called for servicecom.google.android.googlequicksearchbox/com.google.android.apps.gsa.search.core.service.SearchService
04-10 19:00:06.220 15342 15402 I BtGatt.ScanManager: msg.what = 6
04-10 19:00:06.220  1900  2278 I MiuiNetworkPolicy: updateUidState uid = 10194, uidState = 5
04-10 19:00:06.222   908   971 D BufferQueueLayer: Launcher new frame Arrived
04-10 19:00:06.224   908   971 D BufferQueueLayer: Launcher new frame Arrived
04-10 19:00:06.236  1900  2262 I InputReader: Reconfiguring input devices.  changes=0x00000010
04-10 19:00:06.237  1900  2534 D CompatibilityInfo: mCompatibilityFlags - 0
04-10 19:00:06.237  1900  2534 D CompatibilityInfo: applicationDensity - 440
04-10 19:00:06.237  1900  2534 D CompatibilityInfo: applicationScale - 1.0
04-10 19:00:06.238   815   763 I /vendor/bin/hw/vendor.qti.hardware.servicetracker@1.1-service: startService() is called for servicecom.google.android.gms/.chimera.GmsIntentOperationService
04-10 19:00:06.240  1900  2075 W BroadcastQueue: Background execution not allowed: receiving Intent { act=android.intent.action.PACKAGE_REMOVED dat=package:com.YourCompany.EndlessRunner flg=0x4000010 (has extras) } to com.xiaomi.xmsf/.pushcontrol.PkgUninstallReceiver
04-10 19:00:06.240   908   971 D BufferQueueLayer: Launcher new frame Arrived
04-10 19:00:06.246 10669 14943 I Finsky  : [8670] qqs.run(16): Frosting DB delete succeeded: false
04-10 19:00:06.247  1900  2075 W BroadcastQueue: Background execution not allowed: receiving Intent { act=android.intent.action.PACKAGE_REMOVED dat=package:com.YourCompany.EndlessRunner flg=0x4000010 (has extras) } to com.xiaomi.xmsf/com.xiaomi.push.service.receivers.PkgUninstallReceiver
04-10 19:00:06.248   672   672 D Zygote  : Forked child process 14959
04-10 19:00:06.249  1900  2076 D Boost   : hostingType=service, hostingName={com.android.keychain/com.android.keychain.KeyChainService}, callerPackage=android, isSystem=true, isBoostNeeded=false.
04-10 19:00:06.251  1900  1900 W system_server: resources.arsc in APK '/data/app/cn.wps.moffice_eng-He_sRs3Q0a3YX-JJCqzMaQ==/base.apk' is compressed.
04-10 19:00:06.256 10669 14955 W Finsky  : [8679] tqe.call(3): IQ: Cannot find installStatus. Using status from installer: status=# tbh@e4a66de2
04-10 19:00:06.257 10669 14955 I Finsky  : [8679] tsm.C(2): IQ: Notifying installation update. package=com.YourCompany.EndlessRunner, status=UNINSTALLED
04-10 19:00:06.259   908   971 D BufferQueueLayer: Launcher new frame Arrived
04-10 19:00:06.264  1900  2075 W BroadcastQueue: Background execution not allowed: receiving Intent { act=android.intent.action.PACKAGE_REMOVED dat=package:com.YourCompany.EndlessRunner flg=0x4000010 (has extras) } to com.google.android.apps.photos/com.google.android.libraries.social.peoplekit.thirdparty.viewcontrollers.ThirdPartyReceiver
