--------- beginning of system
04-09 17:03:33.112  3394  3394 D ActivityThread: Attach thread to application
04-09 17:03:33.144  1290  1408 I chatty  : uid=1000(system) android.anim expire 32 lines
04-09 17:03:33.153  1290  1315 I chatty  : uid=1000(system) android.ui expire 123 lines
04-09 17:03:33.165  1290  3409 I chatty  : uid=1000 system_server expire 1 line
04-09 17:03:33.167  1290  1325 I chatty  : uid=1000(system) android.display expire 7 lines
04-09 17:03:33.170  1290  1317 I chatty  : uid=1000(system) ActivityManager expire 8 lines
04-09 17:03:33.171  1290  1777 I chatty  : uid=1000(system) MultiTaskManage expire 8 lines
04-09 17:03:33.239  1290  3954 I chatty  : uid=1000(system) Binder:1290_11 expire 72 lines
04-09 17:03:33.240  1290  2263 I chatty  : uid=1000(system) Binder:1290_A expire 42 lines
04-09 17:03:33.257  1290  1312 I chatty  : uid=1000(system) HwActivityManag expire 11 lines
04-09 17:03:33.258  1290  1290 I chatty  : uid=1000 system_server expire 13 lines
04-09 17:03:33.260  1290  8825 I chatty  : uid=1000(system) Binder:1290_1F expire 16 lines
04-09 17:03:33.260  1782  6388 I BoosterSwitchP: notifyUidState do nothing
04-09 17:03:33.260  1782  6388 I DeepNoDisturbP: notifyUidState
04-09 17:03:33.260  1782  6388 I BrowserChrP: notifyUidState
04-09 17:03:33.263  1290  1326 I chatty  : uid=1000(system) HwGameAssistant expire 3 lines
04-09 17:03:33.265  2065  2449 I HwNetworkPolicyManager: getHwUidPolicy uid = 10245 policy = 0
04-09 17:03:33.270  1290  1311 I chatty  : uid=1000(system) android.bg expire 6 lines
04-09 17:03:33.309  1290  1324 I chatty  : uid=1000(system) android.io expire 1 line
04-09 17:03:33.326  1290  1306 I chatty  : uid=1000(system) Binder:1290_2 expire 62 lines
04-09 17:03:33.474  3394  3394 D HwCustConnectivityManagerImpl: isBlockNetworkRequestByNonAis, INVALID_SUBSCRIPTION_ID
04-09 17:03:33.476  1290  1468 I chatty  : uid=1000(system) ConnectivitySer expire 23 lines
04-09 17:03:33.486  3394  3394 V ActivityThread: Skipping new config:{1.0 216mcc30mnc [hu_HU] ldltr sw360dp w603dp h336dp 480dpi nrml long land finger -keyb/v/h -nav/h winConfig={ mBounds=Rect(0, 0 - 0, 0) mAppBounds=Rect(0, 0 - 1809, 1080) mWindowingMode=fullscreen mActivityType=undefined} nonFullScreen=0 suim:4 s.1065}, config:{1.0 216mcc30mnc [hu_HU] ldltr sw360dp w603dp h336dp 480dpi nrml long land finger -keyb/v/h -nav/h winConfig={ mBounds=Rect(0, 0 - 0, 0) mAppBounds=Rect(0, 0 - 1809, 1080) mWindowingMode=fullscreen mActivityType=undefined} nonFullScreen=0 suim:4 s.1065} for app:com.YourCompany.EndlessRunner
04-09 17:03:33.499  3394  3394 V ActivityThread: callActivityOnCreate
04-09 17:03:33.547  3394  3394 D ActivityThread: add activity client record, r= ActivityRecord{9ec37dc token=android.os.BinderProxy@a9b19fe {com.YourCompany.EndlessRunner/com.epicgames.ue4.SplashActivity}} token= android.os.BinderProxy@a9b19fe
04-09 17:03:33.555  1782  3462 I HidataAppQoeP: foregroundUidAdd uid: 10245 name: com.YourCompany.EndlessRunner activity state: true
04-09 17:03:33.559  1782  3462 I HidataAppQoeP: sendKernelAppUid, Uid = 10245, period = 2000 name = com.YourCompany.EndlessRunner
04-09 17:03:33.560  1290  1454 I chatty  : uid=1000(system) NetdConnector expire 12 lines
04-09 17:03:33.569  3394  3394 V ActivityThread: Skipping new config:{1.0 216mcc30mnc [hu_HU] ldltr sw360dp w603dp h336dp 480dpi nrml long land finger -keyb/v/h -nav/h winConfig={ mBounds=Rect(0, 0 - 0, 0) mAppBounds=Rect(0, 0 - 1809, 1080) mWindowingMode=fullscreen mActivityType=undefined} nonFullScreen=0 suim:4 s.1065}, config:{1.0 216mcc30mnc [hu_HU] ldltr sw360dp w603dp h336dp 480dpi nrml long land finger -keyb/v/h -nav/h winConfig={ mBounds=Rect(0, 0 - 0, 0) mAppBounds=Rect(0, 0 - 1809, 1080) mWindowingMode=fullscreen mActivityType=undefined} nonFullScreen=0 suim:4 s.1065} for app:com.YourCompany.EndlessRunner
04-09 17:03:33.571  1782  1945 I BoosterGameP: receiveAPModuleData
04-09 17:03:33.572  1782  1945 I BoosterVideoP: receiveAPModuleData
04-09 17:03:33.572  1782  1945 I BoosterSwitchP: receiveAPModuleData
04-09 17:03:33.574  1782  1945 I DeepNoDisturbP: receiveAPModuleData
04-09 17:03:33.574  1782  1945 I HidataAppQoeP: receiveAPModuleData,dataTypeId=305
04-09 17:03:33.575  1782  1945 I HidataAppQoeP: HIDATA_HIRADIO_DATA_TO_3G appUid = 10245, type = 200001, scene = 0, status = 0
04-09 17:03:33.575  1782  1945 I BrowserChrP: receiveAPModuleData
04-09 17:03:33.788  3394  3394 V ActivityThread: callActivityOnCreate
04-09 17:03:33.905  1290  7305 I chatty  : uid=1000(system) Binder:1290_1B expire 12 lines
04-09 17:03:33.935  1290  1696 I chatty  : uid=1000(system) Binder:1290_7 expire 14 lines
04-09 17:03:33.988  3394  3394 D ActivityThread: add activity client record, r= ActivityRecord{8118f7e token=android.os.BinderProxy@2c100e5 {com.YourCompany.EndlessRunner/com.epicgames.ue4.GameActivity}} token= android.os.BinderProxy@2c100e5
04-09 17:03:34.036  1866  1866 I chatty  : uid=1001(radio) com.android.phone expire 10 lines
04-09 17:03:34.037  1866  2461 I chatty  : uid=1001(radio) SMVoice-0 expire 36 lines
04-09 17:03:34.044  1782  1945 I HidataAppQoeP: handleStateChanged reason=6
04-09 17:03:34.047  1782  1945 I PreDnsQuery: handleStateChanged reason=6
04-09 17:03:34.049  1782  1945 I BrowserChrP: handleStateChanged
04-09 17:03:34.055  1607 11149 I CommandQueue: updateBarBgColor
04-09 17:03:34.055  1607 11149 D CommandQueue: CommandQueue, setBarBackgroundColor
04-09 17:03:34.348  3394  3394 D ActivityThread: Remove activity client record, r= ActivityRecord{9ec37dc token=android.os.BinderProxy@a9b19fe {com.YourCompany.EndlessRunner/com.epicgames.ue4.SplashActivity}} token= android.os.BinderProxy@a9b19fe
04-09 17:03:34.360  1782  6388 I BoosterSwitchP: notifyUidState do nothing
04-09 17:03:34.360  1782  6388 I DeepNoDisturbP: notifyUidState
04-09 17:03:34.360  1782  6388 I BrowserChrP: notifyUidState
04-09 17:03:34.672  1782  1945 I HidataAppQoeP: handleStateChanged reason=6
04-09 17:03:34.673  1782  1945 I PreDnsQuery: handleStateChanged reason=6
04-09 17:03:34.674  1782  1945 I BrowserChrP: handleStateChanged
04-09 17:03:35.322  1782  1945 I HidataAppQoeP: handleStateChanged reason=6
04-09 17:03:35.324  1782  1945 I PreDnsQuery: handleStateChanged reason=6
04-09 17:03:35.327  1782  1945 I BrowserChrP: handleStateChanged
04-09 17:03:35.592  1782  1945 I HidataAppQoeP: handleStateChanged reason=6
04-09 17:03:35.595  1782  1945 I PreDnsQuery: handleStateChanged reason=6
04-09 17:03:35.597  1782  1945 I BrowserChrP: handleStateChanged
04-09 17:03:35.889  1290  1484 I chatty  : uid=1000(system) Thread-16 expire 18 lines
04-09 17:03:36.438  1290  1417 I chatty  : uid=1000(system) UEventObserver expire 12 lines
04-09 17:03:37.324  1866  2438 I chatty  : uid=1001(radio) ConfigHandlerTh expire 24 lines
04-09 17:03:41.606  1782  1945 I HidataAppQoeP: handleStateChanged reason=6
04-09 17:03:41.618  1782  1945 I PreDnsQuery: handleStateChanged reason=6
04-09 17:03:41.621  1782  1945 I BrowserChrP: handleStateChanged
04-09 17:03:41.741  1782  1945 I HidataAppQoeP: handleStateChanged reason=6
04-09 17:03:41.748  1782  1945 I PreDnsQuery: handleStateChanged reason=6
04-09 17:03:41.752  1782  1945 I BrowserChrP: handleStateChanged
04-09 17:03:42.039  1782  1945 I HidataAppQoeP: handleStateChanged reason=6
04-09 17:03:42.041  1782  1945 I PreDnsQuery: handleStateChanged reason=6
04-09 17:03:42.042  1782  1945 I BrowserChrP: handleStateChanged
04-09 17:03:47.213  1782  1945 I HidataAppQoeP: handleStateChanged reason=6
04-09 17:03:47.230  1782  1945 I PreDnsQuery: handleStateChanged reason=6
04-09 17:03:47.240  1782  1945 I BrowserChrP: handleStateChanged
04-09 17:03:47.337  1866  2461 I chatty  : uid=1001(radio) SMVoice-0 expire 43 lines
04-09 17:03:47.527  1607  9314 I CommandQueue: updateBarBgColor
04-09 17:03:47.527  1607  9314 D CommandQueue: CommandQueue, setBarBackgroundColor
04-09 17:03:47.532  1290  1696 I chatty  : uid=1000(system) Binder:1290_7 expire 34 lines
04-09 17:03:47.613  1290  1408 I chatty  : uid=1000(system) android.anim expire 19 lines
04-09 17:03:47.617  1290  3601 I chatty  : uid=1000 system_server expire 1 line
04-09 17:03:47.623  2658  2658 V ActivityThread: Skipping new config:{1.0 216mcc30mnc [hu_HU] ldltr sw360dp w603dp h336dp 480dpi nrml long land finger -keyb/v/h -nav/h winConfig={ mBounds=Rect(0, 0 - 0, 0) mAppBounds=Rect(0, 0 - 1809, 1080) mWindowingMode=fullscreen mActivityType=undefined} nonFullScreen=0 suim:4 s.1065}, config:{1.0 216mcc30mnc [hu_HU] ldltr sw360dp w603dp h336dp 480dpi nrml long land finger -keyb/v/h -nav/h winConfig={ mBounds=Rect(0, 0 - 0, 0) mAppBounds=Rect(0, 0 - 1809, 1080) mWindowingMode=fullscreen mActivityType=undefined} nonFullScreen=0 suim:4 s.1065} for app:com.android.settings
04-09 17:03:47.641  1782 17446 I BoosterSwitchP: notifyUidState do nothing
04-09 17:03:47.641  1782 17446 I DeepNoDisturbP: notifyUidState
04-09 17:03:47.641  1782 17446 I BrowserChrP: notifyUidState
04-09 17:03:47.642  2065  2449 I HwNetworkPolicyManager: getHwUidPolicy uid = 1000 policy = 0
04-09 17:03:47.706  2658  2658 V ActivityThread: callActivityOnCreate
04-09 17:03:47.876  2658  2658 D ActivityThread: add activity client record, r= ActivityRecord{c261294 token=android.os.BinderProxy@ea230c2 {com.android.settings/com.android.settings.HWSettings}} token= android.os.BinderProxy@ea230c2
04-09 17:03:47.882  2658  2658 W ContextImpl: Calling a method in the system process without a qualified user: android.app.ContextImpl.sendBroadcast:1176 android.content.ContextWrapper.sendBroadcast:449 com.android.settings.HWSettings.onResume:255 android.app.Instrumentation.callActivityOnResume:1456 android.app.Activity.performResume:7614 
04-09 17:03:47.905  1782  1945 I BoosterGameP: receiveAPModuleData
04-09 17:03:47.905  1782  1945 I BoosterVideoP: receiveAPModuleData
04-09 17:03:47.905  1782  1945 I BoosterSwitchP: receiveAPModuleData
04-09 17:03:47.906  1782  1945 I DeepNoDisturbP: receiveAPModuleData
04-09 17:03:47.906  1782  1945 I HidataAppQoeP: receiveAPModuleData,dataTypeId=305
04-09 17:03:47.906  1782  1945 I HidataAppQoeP: HIDATA_HIRADIO_DATA_TO_3G appUid = 10245, type = 200001, scene = 0, status = 2
04-09 17:03:47.906  1782  1945 I BrowserChrP: receiveAPModuleData
04-09 17:03:47.942  2658  2658 W ContextImpl: Calling a method in the system process without a qualified user: android.app.ContextImpl.bindService:1844 android.content.ContextWrapper.bindService:698 com.huawei.decision.DecisionHelper.bindService:59 huawei.android.widget.RollbackRuleDetector.start:156 huawei.support.v7.widget.HwRecyclerView.onAttachedToWindow:211 
04-09 17:03:48.070  1607  9224 I CommandQueue: updateBarBgColor
04-09 17:03:48.070  1607  9224 D CommandQueue: CommandQueue, setBarBackgroundColor
04-09 17:03:48.105  1782  3462 I HidataAppQoeP: foregroundUidRemove uid: 10245 name: com.YourCompany.EndlessRunner
04-09 17:03:48.105  1782  3462 I HidataAppQoeP: sendKernelAppUid, Uid = 0, period = 0 name = null
04-09 17:03:48.151  3647  3647 D ActivityThread: Attach thread to application
04-09 17:03:48.429  3683  3683 D ActivityThread: Attach thread to application
04-09 17:03:48.541  1782 17446 I BoosterSwitchP: notifyUidState do nothing
04-09 17:03:48.541  1782 17446 I DeepNoDisturbP: notifyUidState
04-09 17:03:48.541  1782 17446 I BrowserChrP: notifyUidState
04-09 17:03:48.586  3726  3726 D ActivityThread: Attach thread to application
04-09 17:03:48.600  1782  6388 I BoosterSwitchP: notifyUidState do nothing
04-09 17:03:48.600  1782  6388 I DeepNoDisturbP: notifyUidState
04-09 17:03:48.600  1782  6388 I BrowserChrP: notifyUidState
04-09 17:03:49.406  1290  6047 I chatty  : uid=1000(system) Binder:1290_13 expire 18 lines
04-09 17:03:49.673  1290  1441 I chatty  : uid=1000(system) InputDispatcher expire 2 lines
04-09 17:03:49.817  1782  6388 I BoosterSwitchP: notifyUidState do nothing
04-09 17:03:49.817  1782  6388 I DeepNoDisturbP: notifyUidState
04-09 17:03:49.817  1782  6388 I BrowserChrP: notifyUidState
04-09 17:03:49.818  2065  2449 I HwNetworkPolicyManager: getHwUidPolicy uid = 10245 policy = 0
04-09 17:03:49.837  1782  3462 I HidataAppQoeP: foregroundUidAdd uid: 10245 name: com.YourCompany.EndlessRunner activity state: true
04-09 17:03:49.839  1782  1945 I BoosterGameP: receiveAPModuleData
04-09 17:03:49.839  1782  1945 I BoosterVideoP: receiveAPModuleData
04-09 17:03:49.839  1782  1945 I BoosterSwitchP: receiveAPModuleData
04-09 17:03:49.840  1782  1945 I DeepNoDisturbP: receiveAPModuleData
04-09 17:03:49.841  1782  1945 I HidataAppQoeP: receiveAPModuleData,dataTypeId=305
04-09 17:03:49.841  1782  1945 I HidataAppQoeP: HIDATA_HIRADIO_DATA_TO_3G appUid = 10245, type = 200001, scene = 0, status = 0
04-09 17:03:49.841  1782  3462 I HidataAppQoeP: sendKernelAppUid, Uid = 10245, period = 2000 name = com.YourCompany.EndlessRunner
04-09 17:03:49.841  1782  1945 I BrowserChrP: receiveAPModuleData
04-09 17:03:49.843  1607 11149 I CommandQueue: updateBarBgColor
04-09 17:03:49.844  1607 11149 D CommandQueue: CommandQueue, setBarBackgroundColor
04-09 17:03:50.097  3809  3809 D ActivityThread: Attach thread to application
04-09 17:03:50.190  3864  3864 D ActivityThread: Attach thread to application
04-09 17:03:50.229  1290  1315 I chatty  : uid=1000(system) android.ui expire 61 lines
04-09 17:03:50.298  1290  1314 I chatty  : uid=1000(system) ActivityManager expire 4 lines
04-09 17:03:50.339  1290  2263 I chatty  : uid=1000(system) Binder:1290_A expire 17 lines
04-09 17:03:50.346  1782 17446 I BoosterSwitchP: notifyUidState do nothing
04-09 17:03:50.346  1782 17446 I DeepNoDisturbP: notifyUidState
04-09 17:03:50.346  1782 17446 I BrowserChrP: notifyUidState
04-09 17:03:50.466  1290  1306 I chatty  : uid=1000(system) Binder:1290_2 expire 10 lines
04-09 17:03:50.535  3864  3864 W ContextImpl: Calling a method in the system process without a qualified user: android.app.ContextImpl.startService:1764 android.content.ContextWrapper.startService:664 com.huawei.library.stat.client.HsmStatProxy.startMainService:308 com.huawei.systemmanager.SystemManagerApplication.startServices:215 com.huawei.systemmanager.SystemManagerApplication.onCreate:147 
04-09 17:03:50.612  3864  3864 W ContextImpl: Calling a method in the system process without a qualified user: android.app.ContextImpl.startService:1764 android.content.ContextWrapper.startService:664 com.huawei.systemmanager.SystemManagerApplication.startPermissionService:314 com.huawei.systemmanager.SystemManagerApplication.startServices:216 com.huawei.systemmanager.SystemManagerApplication.onCreate:147 
04-09 17:03:50.677  1290  1290 I chatty  : uid=1000 system_server expire 10 lines
04-09 17:03:50.710  3864  3864 W ContextImpl: Calling a method in the system process without a qualified user: android.app.ContextImpl.startService:1764 android.content.ContextWrapper.startService:664 com.huawei.systemmanager.SystemManagerApplication.startBgStaticsService:336 com.huawei.systemmanager.SystemManagerApplication.startServices:221 com.huawei.systemmanager.SystemManagerApplication.onCreate:147 
04-09 17:03:50.734  3864  3864 W ContextImpl: Calling a method in the system process without a qualified user: android.app.ContextImpl.startService:1764 android.content.ContextWrapper.startService:664 com.huawei.systemmanager.SystemManagerApplication.startDeviceStorageMonitorService:343 com.huawei.systemmanager.SystemManagerApplication.startServices:224 com.huawei.systemmanager.SystemManagerApplication.onCreate:147 
04-09 17:03:50.736  3864  3864 W ContextImpl: Calling a method in the system process without a qualified user: android.app.ContextImpl.startService:1764 android.content.ContextWrapper.startService:664 com.huawei.systemmanager.SystemManagerApplication.startSpaceCleanService:364 com.huawei.systemmanager.SystemManagerApplication.startServices:229 com.huawei.systemmanager.SystemManagerApplication.onCreate:147 
04-09 17:03:50.737  3864  3864 W ContextImpl: Calling a method in the system process without a qualified user: android.app.ContextImpl.startService:1764 android.content.ContextWrapper.startService:664 com.huawei.systemmanager.SystemManagerApplication.startSmartControlResidentService:374 com.huawei.systemmanager.SystemManagerApplication.startServices:232 com.huawei.systemmanager.SystemManagerApplication.onCreate:147 
04-09 17:03:50.739  3864  3864 W ContextImpl: Calling a method in the system process without a qualified user: android.app.ContextImpl.startService:1764 android.content.ContextWrapper.startService:664 com.huawei.systemmanager.SystemManagerApplication.startAntivirusService:382 com.huawei.systemmanager.SystemManagerApplication.startServices:233 com.huawei.systemmanager.SystemManagerApplication.onCreate:147 
04-09 17:03:50.751  3864  3864 W ContextImpl: Calling a method in the system process without a qualified user: android.app.ContextImpl.startService:1764 android.content.ContextWrapper.startService:664 com.huawei.systemmanager.SystemManagerApplication.startCoreService:258 com.huawei.systemmanager.SystemManagerApplication.startServices:235 com.huawei.systemmanager.SystemManagerApplication.onCreate:147 
04-09 17:03:50.753  3864  3864 W ContextImpl: Calling a method in the system process without a qualified user: android.app.ContextImpl.startService:1764 android.content.ContextWrapper.startService:664 com.huawei.systemmanager.SystemManagerApplication.startRainbowService:243 com.huawei.systemmanager.SystemManagerApplication.startServices:236 com.huawei.systemmanager.SystemManagerApplication.onCreate:147 
04-09 17:03:50.825  3898  3898 D ActivityThread: Attach thread to application
04-09 17:03:50.885  3864  3864 W ContextImpl: Calling a method in the system process without a qualified user: android.app.ContextImpl.bindService:1844 android.content.ContextWrapper.bindService:698 com.huawei.library.stat.client.HsmStatProxy.bindService:276 com.huawei.library.stat.client.HsmStatProxy.access$000:34 com.huawei.library.stat.client.HsmStatProxy$1.handleMessage:67 
04-09 17:03:51.270  1290  1581 I chatty  : uid=1000(system) Binder:1290_5 expire 7 lines
04-09 17:03:51.411  3864  3932 W ContextImpl: Calling a method in the system process without a qualified user: android.app.ContextImpl.sendBroadcast:1155 android.content.ContextWrapper.sendBroadcast:444 com.avast.android.sdk.engine.obfuscated.ek.run:85 <bottom of call stack> <bottom of call stack> 
04-09 17:03:51.713  1290  3954 I chatty  : uid=1000(system) Binder:1290_11 expire 11 lines
04-09 17:03:52.356  1866  2438 I chatty  : uid=1001(radio) ConfigHandlerTh expire 24 lines
04-09 17:03:53.198  1782  1945 I HidataAppQoeP: handleStateChanged reason=6
04-09 17:03:53.206  1782  1945 I PreDnsQuery: handleStateChanged reason=6
04-09 17:03:53.209  1782  1945 I BrowserChrP: handleStateChanged
04-09 17:03:53.397   522   531 D sdlock  : poll
04-09 17:03:53.397   522   531 I sdlock  : file name: mmc1:59b4
04-09 17:03:53.397   522   531 I sdlock  : mmc sys path: /sys/class/mmc_host/mmc1/mmc1:59b4
04-09 17:03:53.398   522   531 D sdlock  : sd is none
04-09 17:03:53.398   522   531 D sdlock  : 
04-09 17:03:53.399   522   531 D sdlock  : poll
04-09 17:03:53.399   522   531 I sdlock  : file name: mmc1:59b4
04-09 17:03:53.399   522   531 I sdlock  : mmc sys path: /sys/class/mmc_host/mmc1/mmc1:59b4
04-09 17:03:53.399   522   531 D sdlock  : sd is none
04-09 17:03:53.399   522   531 D sdlock  : 
04-09 17:03:53.403   522   531 D sdlock  : poll
04-09 17:03:53.403   522   531 I sdlock  : file name: mmc1:59b4
04-09 17:03:53.403   522   531 I sdlock  : mmc sys path: /sys/class/mmc_host/mmc1/mmc1:59b4
04-09 17:03:53.403   522   531 D sdlock  : sd is none
04-09 17:03:53.403   522   531 D sdlock  : 
04-09 17:03:53.950  1782  6388 D HwBootanimService: Boot or Shutdown sound is Capable :true
04-09 17:03:55.016  1290  1700 I chatty  : uid=1000(system) watchdog expire 1 line
04-09 17:03:56.412  1290  1578 I chatty  : uid=1000(system) Binder:1290_4 expire 16 lines
04-09 17:03:57.560   743   807 I storaged: storaged_t::event: storage_info refreshed.
04-09 17:03:59.198  1782  1945 I HidataAppQoeP: handleStateChanged reason=6
04-09 17:03:59.203  1866  2461 I chatty  : uid=1001(radio) SMVoice-0 expire 31 lines
04-09 17:03:59.209  1782  1945 I PreDnsQuery: handleStateChanged reason=6
04-09 17:03:59.241  1782  1945 I PreDnsQuery: setPreDnsCurrentProp is: true
04-09 17:03:59.242  1782  1945 I BrowserChrP: handleStateChanged
04-09 17:04:03.688  1866  1866 I chatty  : uid=1001(radio) com.android.phone expire 3 lines
04-09 17:04:03.699  1782  1945 I HidataAppQoeP: handleStateChanged reason=6
04-09 17:04:03.709  1782  1945 I PreDnsQuery: handleStateChanged reason=6
04-09 17:04:03.716  1782  1945 I BrowserChrP: handleStateChanged
04-09 17:04:05.982  1290  1414 I chatty  : uid=1000(system) Binder:1290_3 expire 6 lines
04-09 17:04:06.076  4005  4005 D ActivityThread: Attach thread to application
04-09 17:04:06.347  1290  2263 I chatty  : uid=1000(system) Binder:1290_A expire 7 lines
04-09 17:04:06.421  1607  9366 I CommandQueue: updateBarBgColor
04-09 17:04:06.421  1607  9366 D CommandQueue: CommandQueue, setBarBackgroundColor
04-09 17:04:06.561  1290  1696 I chatty  : uid=1000(system) Binder:1290_7 expire 2 lines
04-09 17:04:07.386  1866  2438 I chatty  : uid=1001(radio) ConfigHandlerTh expire 24 lines
04-09 17:04:09.709  1782  1945 I HidataAppQoeP: handleStateChanged reason=6
04-09 17:04:09.717  1782  1945 I PreDnsQuery: handleStateChanged reason=6
04-09 17:04:09.732  1782  1945 I PreDnsQuery: setPreDnsCurrentProp is: false
04-09 17:04:09.732  1782  1945 I BrowserChrP: handleStateChanged
04-09 17:04:11.007  1290  4085 I chatty  : uid=1000 system_server expire 15 lines
04-09 17:04:11.015  1290  1511 I chatty  : uid=1000(system) iaware.clean expire 26 lines
04-09 17:04:11.029  1782 17446 I BoosterSwitchP: notifyUidState do nothing
04-09 17:04:11.029  1782 17446 I DeepNoDisturbP: notifyUidState
04-09 17:04:11.029  1782 17446 I BrowserChrP: notifyUidState
04-09 17:04:11.039  1782  6388 I BoosterSwitchP: notifyUidState do nothing
04-09 17:04:11.039  1782  6388 I DeepNoDisturbP: notifyUidState
04-09 17:04:11.039  1782  6388 I BrowserChrP: notifyUidState
04-09 17:04:11.157  1290  3954 I chatty  : uid=1000(system) Binder:1290_11 expire 1 line
04-09 17:04:11.157  1290  6765 I chatty  : uid=1000(system) Binder:1290_19 expire 1 line
04-09 17:04:11.159  1290  1468 I chatty  : uid=1000(system) ConnectivitySer expire 9 lines
04-09 17:04:11.162  1782  6388 I BoosterSwitchP: notifyUidState do nothing
04-09 17:04:11.162  1782  6388 I DeepNoDisturbP: notifyUidState
04-09 17:04:11.162  1782  6388 I BrowserChrP: notifyUidState
04-09 17:04:11.172  1782  4018 I BoosterSwitchP: notifyUidState do nothing
04-09 17:04:11.172  1782  4018 I DeepNoDisturbP: notifyUidState
04-09 17:04:11.172  1782  4018 I BrowserChrP: notifyUidState
04-09 17:04:11.174  1782  4018 I BoosterSwitchP: notifyUidState do nothing
04-09 17:04:11.175  1782  4018 I DeepNoDisturbP: notifyUidState
04-09 17:04:11.175  1782  4018 I BrowserChrP: notifyUidState
04-09 17:04:11.175  1782  4018 I BoosterSwitchP: notifyUidState do nothing
04-09 17:04:11.175  1782  4018 I DeepNoDisturbP: notifyUidState
04-09 17:04:11.175  1782  4018 I BrowserChrP: notifyUidState
04-09 17:04:11.176  1782  4018 I BoosterSwitchP: notifyUidState do nothing
04-09 17:04:11.176  1782  4018 I DeepNoDisturbP: notifyUidState
04-09 17:04:11.176  1782  4018 I BrowserChrP: notifyUidState
04-09 17:04:11.180  1782 26023 I BoosterSwitchP: notifyUidState do nothing
04-09 17:04:11.180  1782 26023 I DeepNoDisturbP: notifyUidState
04-09 17:04:11.180  1782 26023 I BrowserChrP: notifyUidState
04-09 17:04:11.181  1782 26023 I BoosterSwitchP: notifyUidState do nothing
04-09 17:04:11.181  1782 26023 I DeepNoDisturbP: notifyUidState
04-09 17:04:11.181  1782 26023 I BrowserChrP: notifyUidState
04-09 17:04:11.183  1782 26023 I BoosterSwitchP: notifyUidState do nothing
04-09 17:04:11.183  1782 26023 I DeepNoDisturbP: notifyUidState
04-09 17:04:11.183  1782 26023 I BrowserChrP: notifyUidState
04-09 17:04:11.185  1782 26023 I BoosterSwitchP: notifyUidState do nothing
04-09 17:04:11.185  1782 26023 I DeepNoDisturbP: notifyUidState
04-09 17:04:11.185  1782 26023 I BrowserChrP: notifyUidState
04-09 17:04:11.186  1782 26023 I BoosterSwitchP: notifyUidState do nothing
04-09 17:04:11.187  1782 26023 I DeepNoDisturbP: notifyUidState
04-09 17:04:11.187  1782 26023 I BrowserChrP: notifyUidState
04-09 17:04:11.187  1782 26023 I BoosterSwitchP: notifyUidState do nothing
04-09 17:04:11.187  1782 26023 I DeepNoDisturbP: notifyUidState
04-09 17:04:11.187  1782 26023 I BrowserChrP: notifyUidState
04-09 17:04:11.188  1782 26023 I BoosterSwitchP: notifyUidState do nothing
04-09 17:04:11.188  1782 26023 I DeepNoDisturbP: notifyUidState
04-09 17:04:11.188  1782 26023 I BrowserChrP: notifyUidState
04-09 17:04:11.188  1782 12973 I BoosterSwitchP: notifyUidState do nothing
04-09 17:04:11.188  1782 12973 I DeepNoDisturbP: notifyUidState
04-09 17:04:11.188  1782 12973 I BrowserChrP: notifyUidState
04-09 17:04:11.210  1290  1290 I chatty  : uid=1000 system_server expire 8 lines
04-09 17:04:12.394  1866  2461 I chatty  : uid=1001(radio) SMVoice-0 expire 35 lines
04-09 17:04:15.709  1782  1945 I HidataAppQoeP: handleStateChanged reason=6
04-09 17:04:15.724  1782  1945 I PreDnsQuery: handleStateChanged reason=6
04-09 17:04:15.732  1782  1945 I BrowserChrP: handleStateChanged
04-09 17:04:16.495  1290  1582 I chatty  : uid=1000(system) Binder:1290_6 expire 1 line
04-09 17:04:19.086  1290  6047 I chatty  : uid=1000(system) Binder:1290_13 expire 8 lines
04-09 17:04:21.700  1866  1866 I chatty  : uid=1001(radio) com.android.phone expire 1 line
04-09 17:04:21.713  1782  1945 I HidataAppQoeP: handleStateChanged reason=6
04-09 17:04:21.723  1782  1945 I PreDnsQuery: handleStateChanged reason=6
04-09 17:04:21.725  1782  1945 I BrowserChrP: handleStateChanged
04-09 17:04:22.415  1866  2438 I chatty  : uid=1001(radio) ConfigHandlerTh expire 24 lines
04-09 17:04:22.423  1866  2461 I chatty  : uid=1001(radio) SMVoice-0 expire 38 lines
04-09 17:04:24.582  1290  1290 I chatty  : uid=1000 system_server expire 10 lines
04-09 17:04:25.021  1290  1700 I chatty  : uid=1000(system) watchdog expire 5 lines
04-09 17:04:26.527  1290  8825 I chatty  : uid=1000(system) Binder:1290_1F expire 10 lines
04-09 17:04:27.707  1866  1866 I chatty  : uid=1001(radio) com.android.phone expire 10 lines
04-09 17:04:27.713  1782  1945 I HidataAppQoeP: handleStateChanged reason=6
04-09 17:04:27.720  1782  1945 I PreDnsQuery: handleStateChanged reason=6
04-09 17:04:27.722  1782  1945 I BrowserChrP: handleStateChanged
04-09 17:04:29.086  1290  1582 I chatty  : uid=1000(system) Binder:1290_6 expire 10 lines
04-09 17:04:30.139  1290  4085 I chatty  : uid=1000 system_server expire 2 lines
04-09 17:04:30.149  1290  1511 I chatty  : uid=1000(system) iaware.clean expire 2 lines
04-09 17:04:30.162  1782 12973 I BoosterSwitchP: notifyUidState do nothing
04-09 17:04:30.162  1782 12973 I DeepNoDisturbP: notifyUidState
04-09 17:04:30.162  1782 12973 I BrowserChrP: notifyUidState
04-09 17:04:30.180  1782  3417 I BoosterSwitchP: notifyUidState do nothing
04-09 17:04:30.180  1782  3417 I DeepNoDisturbP: notifyUidState
04-09 17:04:30.181  1782  3417 I BrowserChrP: notifyUidState
04-09 17:04:30.661  1290  1484 I chatty  : uid=1000(system) Thread-16 expire 2 lines
04-09 17:04:33.718  1782  1945 I HidataAppQoeP: handleStateChanged reason=6
04-09 17:04:33.722  1866  2461 I chatty  : uid=1001(radio) SMVoice-0 expire 45 lines
04-09 17:04:33.724  1782  1945 I PreDnsQuery: handleStateChanged reason=6
04-09 17:04:33.728  1782  1945 I BrowserChrP: handleStateChanged
04-09 17:04:37.454  1866  2438 I chatty  : uid=1001(radio) ConfigHandlerTh expire 24 lines
04-09 17:04:37.883  1290  1417 I chatty  : uid=1000(system) UEventObserver expire 12 lines
04-09 17:04:37.901  1290  1987 I chatty  : uid=1000(system) HwBinder:1290_5 expire 1 line
04-09 17:04:42.502  1782  1945 I HidataAppQoeP: handleStateChanged reason=6
04-09 17:04:42.507  1782  1945 I PreDnsQuery: handleStateChanged reason=6
04-09 17:04:42.512  1782  1945 I BrowserChrP: handleStateChanged
04-09 17:04:48.506  1782  1945 I HidataAppQoeP: handleStateChanged reason=6
04-09 17:04:48.509  1782  1945 I PreDnsQuery: handleStateChanged reason=6
04-09 17:04:48.513  1782  1945 I BrowserChrP: handleStateChanged
04-09 17:04:50.485  1782  1945 I HidataAppQoeP: handleStateChanged reason=6
04-09 17:04:50.488  1866  2461 I chatty  : uid=1001(radio) SMVoice-0 expire 49 lines
04-09 17:04:50.493  1782  1945 I PreDnsQuery: handleStateChanged reason=6
04-09 17:04:50.496  1782  1945 I BrowserChrP: handleStateChanged
04-09 17:04:52.502  1866  2438 I chatty  : uid=1001(radio) ConfigHandlerTh expire 24 lines
04-09 17:04:52.786  1782  1945 I HidataAppQoeP: handleStateChanged reason=6
04-09 17:04:52.794  1782  1945 I PreDnsQuery: handleStateChanged reason=6
04-09 17:04:52.800  1782  1945 I BrowserChrP: handleStateChanged
04-09 17:04:53.100  1782  1945 I HidataAppQoeP: handleStateChanged reason=6
04-09 17:04:53.104  1782  1945 I PreDnsQuery: handleStateChanged reason=6
04-09 17:04:53.111  1782  1945 I BrowserChrP: handleStateChanged
04-09 17:04:53.411  1290  1306 I chatty  : uid=1000(system) Binder:1290_2 expire 11 lines
04-09 17:04:53.736  1782  1945 I HidataAppQoeP: handleStateChanged reason=6
04-09 17:04:53.739  1782  1945 I PreDnsQuery: handleStateChanged reason=6
04-09 17:04:53.743  1782  1945 I BrowserChrP: handleStateChanged
04-09 17:04:54.387  1782  1945 I HidataAppQoeP: handleStateChanged reason=6
04-09 17:04:54.391  1782  1945 I PreDnsQuery: handleStateChanged reason=6
04-09 17:04:54.401  1782  1945 I BrowserChrP: handleStateChanged
04-09 17:04:54.601  1290  1290 I chatty  : uid=1000 system_server expire 10 lines
04-09 17:04:57.561   743   807 I storaged: storaged_t::event: storage_info refreshed.
04-09 17:05:00.105  1290  3954 I chatty  : uid=1000(system) Binder:1290_11 expire 10 lines
04-09 17:05:00.391  1782  1945 I HidataAppQoeP: handleStateChanged reason=6
04-09 17:05:00.399  1782  1945 I PreDnsQuery: handleStateChanged reason=6
04-09 17:05:00.404  1782  1945 I BrowserChrP: handleStateChanged
04-09 17:05:03.411  1290  8825 I chatty  : uid=1000(system) Binder:1290_1F expire 10 lines
04-09 17:05:06.379  1866  1866 I chatty  : uid=1001(radio) com.android.phone expire 4 lines
04-09 17:05:06.391  1782  1945 I HidataAppQoeP: handleStateChanged reason=6
04-09 17:05:06.401  1782  1945 I PreDnsQuery: handleStateChanged reason=6
04-09 17:05:06.426  1782  1945 I PreDnsQuery: setPreDnsCurrentProp is: true
04-09 17:05:06.426  1782  1945 I BrowserChrP: handleStateChanged
04-09 17:05:06.431  1290  1454 I chatty  : uid=1000(system) NetdConnector expire 8 lines
04-09 17:05:06.772  1866  2461 I chatty  : uid=1001(radio) SMVoice-0 expire 26 lines
04-09 17:05:06.776  1782  1945 I HidataAppQoeP: handleStateChanged reason=6
04-09 17:05:06.786  1782  1945 I PreDnsQuery: handleStateChanged reason=6
04-09 17:05:06.790  1782  1945 I BrowserChrP: handleStateChanged
04-09 17:05:07.088  1782  1945 I HidataAppQoeP: handleStateChanged reason=6
04-09 17:05:07.099  1782  1945 I PreDnsQuery: handleStateChanged reason=6
04-09 17:05:07.104  1782  1945 I BrowserChrP: handleStateChanged
04-09 17:05:07.410  1782  1945 I HidataAppQoeP: handleStateChanged reason=6
04-09 17:05:07.413  1782  1945 I PreDnsQuery: handleStateChanged reason=6
04-09 17:05:07.415  1782  1945 I BrowserChrP: handleStateChanged
04-09 17:05:07.526  1866  2438 I chatty  : uid=1001(radio) ConfigHandlerTh expire 24 lines
04-09 17:05:08.410  1290  1582 I chatty  : uid=1000(system) Binder:1290_6 expire 10 lines
04-09 17:05:12.548  1866  2461 I chatty  : uid=1001(radio) SMVoice-0 expire 36 lines
04-09 17:05:13.414  1866  1866 I chatty  : uid=1001(radio) com.android.phone expire 5 lines
04-09 17:05:13.428  1782  1945 I HidataAppQoeP: handleStateChanged reason=6
04-09 17:05:13.432  1782  1945 I PreDnsQuery: handleStateChanged reason=6
04-09 17:05:13.447  1782  1945 I PreDnsQuery: setPreDnsCurrentProp is: false
04-09 17:05:13.447  1782  1945 I BrowserChrP: handleStateChanged
04-09 17:05:19.415  1782  1945 I HidataAppQoeP: handleStateChanged reason=6
04-09 17:05:19.427  1782  1945 I PreDnsQuery: handleStateChanged reason=6
04-09 17:05:19.431  1782  1945 I BrowserChrP: handleStateChanged
04-09 17:05:19.443  1290  1311 I chatty  : uid=1000(system) android.bg expire 1 line
04-09 17:05:19.536  1290  1458 I chatty  : uid=1000(system) NetworkPolicy expire 4 lines
04-09 17:05:22.564  1866  2438 I chatty  : uid=1001(radio) ConfigHandlerTh expire 24 lines
04-09 17:05:25.421  1782  1945 I HidataAppQoeP: handleStateChanged reason=6
04-09 17:05:25.423  1782  1945 I PreDnsQuery: handleStateChanged reason=6
04-09 17:05:25.427  1782  1945 I BrowserChrP: handleStateChanged
04-09 17:05:27.572  1866  2461 I chatty  : uid=1001(radio) SMVoice-0 expire 35 lines
04-09 17:05:28.412  1290  8825 I chatty  : uid=1000(system) Binder:1290_1F expire 10 lines
04-09 17:05:30.627  1290  1290 I chatty  : uid=1000 system_server expire 10 lines
04-09 17:05:31.442  1782  1945 I HidataAppQoeP: handleStateChanged reason=6
04-09 17:05:31.451  1782  1945 I PreDnsQuery: handleStateChanged reason=6
04-09 17:05:31.456  1782  1945 I BrowserChrP: handleStateChanged
04-09 17:05:37.450  1782  1945 I HidataAppQoeP: handleStateChanged reason=6
04-09 17:05:37.455  1782  1945 I PreDnsQuery: handleStateChanged reason=6
04-09 17:05:37.459  1782  1945 I BrowserChrP: handleStateChanged
04-09 17:05:37.588  1866  2438 I chatty  : uid=1001(radio) ConfigHandlerTh expire 24 lines
04-09 17:05:37.596  1866  2461 I chatty  : uid=1001(radio) SMVoice-0 expire 40 lines
04-09 17:05:39.333  1290  1417 I chatty  : uid=1000(system) UEventObserver expire 12 lines
04-09 17:05:42.166  1866  1866 I chatty  : uid=1001(radio) com.android.phone expire 10 lines
04-09 17:05:42.172  1782  1945 I HidataAppQoeP: handleStateChanged reason=6
04-09 17:05:42.178  1782  1945 I PreDnsQuery: handleStateChanged reason=6
04-09 17:05:42.181  1782  1945 I BrowserChrP: handleStateChanged
04-09 17:05:44.634  1782  1945 I HidataAppQoeP: handleStateChanged reason=6
04-09 17:05:44.640  1782  1945 I PreDnsQuery: handleStateChanged reason=6
04-09 17:05:44.655  1782  1945 I PreDnsQuery: setPreDnsCurrentProp is: true
04-09 17:05:44.656  1782  1945 I BrowserChrP: handleStateChanged
04-09 17:05:50.456  1782  1945 I HidataAppQoeP: handleStateChanged reason=6
04-09 17:05:50.461  1782  1945 I PreDnsQuery: handleStateChanged reason=6
04-09 17:05:50.463  1782  1945 I BrowserChrP: handleStateChanged
04-09 17:05:52.618  1866  2461 I chatty  : uid=1001(radio) SMVoice-0 expire 46 lines
04-09 17:05:52.620  1866  2438 I chatty  : uid=1001(radio) ConfigHandlerTh expire 24 lines
04-09 17:05:53.411  1290  1582 I chatty  : uid=1000(system) Binder:1290_6 expire 1 line
04-09 17:05:56.450  1782  1945 I HidataAppQoeP: handleStateChanged reason=6
04-09 17:05:56.457  1782  1945 I PreDnsQuery: handleStateChanged reason=6
04-09 17:05:56.464  1782  1945 I BrowserChrP: handleStateChanged
04-09 17:05:57.562   743   807 I storaged: storaged_t::event: storage_info refreshed.
04-09 17:05:59.600  1782  1945 I HidataAppQoeP: handleStateChanged reason=6
04-09 17:05:59.604  1782  1945 I PreDnsQuery: handleStateChanged reason=6
04-09 17:05:59.607  1782  1945 I BrowserChrP: handleStateChanged
04-09 17:06:00.082  1782  1945 I HidataAppQoeP: handleStateChanged reason=6
04-09 17:06:00.090  1782  1945 I PreDnsQuery: handleStateChanged reason=6
04-09 17:06:00.094  1782  1945 I BrowserChrP: handleStateChanged
04-09 17:06:01.158  1782  1945 I HidataAppQoeP: handleStateChanged reason=6
04-09 17:06:01.169  1782  1945 I PreDnsQuery: handleStateChanged reason=6
04-09 17:06:01.174  1782  1945 I BrowserChrP: handleStateChanged
04-09 17:06:04.085  1290  6751 I chatty  : uid=1000(system) Binder:1290_18 expire 18 lines
04-09 17:06:04.671  1782  1945 I HidataAppQoeP: handleStateChanged reason=6
04-09 17:06:04.683  1866  2461 I chatty  : uid=1001(radio) SMVoice-0 expire 35 lines
04-09 17:06:04.684  1782  1945 I PreDnsQuery: handleStateChanged reason=6
04-09 17:06:04.692  1782  1945 I BrowserChrP: handleStateChanged
04-09 17:06:05.002  1782  1945 I HidataAppQoeP: handleStateChanged reason=6
04-09 17:06:05.008  1782  1945 I PreDnsQuery: handleStateChanged reason=6
04-09 17:06:05.012  1782  1945 I BrowserChrP: handleStateChanged
04-09 17:06:05.618  1782  1945 I HidataAppQoeP: handleStateChanged reason=6
04-09 17:06:05.633  1782  1945 I PreDnsQuery: handleStateChanged reason=6
04-09 17:06:05.636  1782  1945 I BrowserChrP: handleStateChanged
04-09 17:06:06.291  1866  1866 I chatty  : uid=1001(radio) com.android.phone expire 6 lines
04-09 17:06:06.340  1782  1945 I HidataAppQoeP: handleStateChanged reason=6
04-09 17:06:06.348  1782  1945 I PreDnsQuery: handleStateChanged reason=6
04-09 17:06:06.358  1782  1945 I BrowserChrP: handleStateChanged
04-09 17:06:07.649  1866  2438 I chatty  : uid=1001(radio) ConfigHandlerTh expire 24 lines
04-09 17:06:12.285  1782  1945 I HidataAppQoeP: handleStateChanged reason=6
04-09 17:06:12.290  1782  1945 I PreDnsQuery: handleStateChanged reason=6
04-09 17:06:12.292  1782  1945 I BrowserChrP: handleStateChanged
04-09 17:06:14.614  1782  1945 I HidataAppQoeP: handleStateChanged reason=6
04-09 17:06:14.616  1782  1945 I PreDnsQuery: handleStateChanged reason=6
04-09 17:06:14.618  1782  1945 I BrowserChrP: handleStateChanged
04-09 17:06:15.226  1782  1945 I HidataAppQoeP: handleStateChanged reason=6
04-09 17:06:15.232  1782  1945 I PreDnsQuery: handleStateChanged reason=6
04-09 17:06:15.236  1782  1945 I BrowserChrP: handleStateChanged
04-09 17:06:17.663  1866  2461 I chatty  : uid=1001(radio) SMVoice-0 expire 47 lines
04-09 17:06:18.411  1290  8825 I chatty  : uid=1000(system) Binder:1290_1F expire 14 lines
04-09 17:06:18.672  1290  1290 I chatty  : uid=1000 system_server expire 10 lines
04-09 17:06:21.226  1782  1945 I HidataAppQoeP: handleStateChanged reason=6
04-09 17:06:21.231  1782  1945 I PreDnsQuery: handleStateChanged reason=6
04-09 17:06:21.235  1782  1945 I BrowserChrP: handleStateChanged
04-09 17:06:21.936  1782  1945 I HidataAppQoeP: handleStateChanged reason=6
04-09 17:06:21.941  1782  1945 I PreDnsQuery: handleStateChanged reason=6
04-09 17:06:21.945  1782  1945 I BrowserChrP: handleStateChanged
04-09 17:06:22.669  1866  2438 I chatty  : uid=1001(radio) ConfigHandlerTh expire 24 lines
04-09 17:06:23.552  1866  1866 I chatty  : uid=1001(radio) com.android.phone expire 4 lines
04-09 17:06:23.563  1782  1945 I HidataAppQoeP: handleStateChanged reason=6
04-09 17:06:23.568  1782  1945 I PreDnsQuery: handleStateChanged reason=6
04-09 17:06:23.572  1782  1945 I BrowserChrP: handleStateChanged
04-09 17:06:24.485  1782  1945 I HidataAppQoeP: handleStateChanged reason=6
04-09 17:06:24.494  1782  1945 I PreDnsQuery: handleStateChanged reason=6
04-09 17:06:24.504  1782  1945 I BrowserChrP: handleStateChanged
04-09 17:06:30.470  1290  1315 I chatty  : uid=1000(system) android.ui expire 43 lines
04-09 17:06:30.507  1782  1945 I HidataAppQoeP: handleStateChanged reason=6
04-09 17:06:30.515  1782  1945 I PreDnsQuery: handleStateChanged reason=6
04-09 17:06:30.520  1782  1945 I BrowserChrP: handleStateChanged
04-09 17:06:32.176  1866  2461 I chatty  : uid=1001(radio) SMVoice-0 expire 19 lines
04-09 17:06:32.179  1782  1945 I HidataAppQoeP: handleStateChanged reason=6
04-09 17:06:32.184  1782  1945 I PreDnsQuery: handleStateChanged reason=6
04-09 17:06:32.188  1782  1945 I BrowserChrP: handleStateChanged
04-09 17:06:36.156  1607  9223 I CommandQueue: updateBarBgColor
04-09 17:06:36.156  1607  9223 D CommandQueue: CommandQueue, setBarBackgroundColor
04-09 17:06:36.313  1290  2794 I chatty  : uid=1000(system) Binder:1290_D expire 7 lines
04-09 17:06:37.698  1866  2438 I chatty  : uid=1001(radio) ConfigHandlerTh expire 24 lines
04-09 17:06:37.701  1866  2461 I chatty  : uid=1001(radio) SMVoice-0 expire 40 lines
04-09 17:06:38.180  1866  1866 I chatty  : uid=1001(radio) com.android.phone expire 10 lines
04-09 17:06:38.180  1782  1945 I HidataAppQoeP: handleStateChanged reason=6
04-09 17:06:38.191  1782  1945 I PreDnsQuery: handleStateChanged reason=6
04-09 17:06:38.207  1782  1945 I PreDnsQuery: setPreDnsCurrentProp is: false
04-09 17:06:38.207  1782  1945 I BrowserChrP: handleStateChanged
04-09 17:06:38.239  1290  1408 I chatty  : uid=1000(system) android.anim expire 47 lines
04-09 17:06:39.639  1290  1325 I chatty  : uid=1000(system) android.display expire 9 lines
04-09 17:06:40.387  1290  1290 I chatty  : uid=1000 system_server expire 29 lines
04-09 17:06:40.760  1290  1417 I chatty  : uid=1000(system) UEventObserver expire 18 lines
04-09 17:06:40.976  1290  1441 I chatty  : uid=1000(system) InputDispatcher expire 20 lines
04-09 17:06:41.046  1290  1312 I chatty  : uid=1000(system) HwActivityManag expire 8 lines
04-09 17:06:41.068  1290  1315 I chatty  : uid=1000(system) android.ui expire 89 lines
04-09 17:06:41.069  1290  1326 I chatty  : uid=1000(system) HwGameAssistant expire 2 lines
04-09 17:06:41.070  1290  3953 I chatty  : uid=1000(system) Binder:1290_10 expire 37 lines
04-09 17:06:41.274  1290  2794 I chatty  : uid=1000(system) Binder:1290_D expire 3 lines
04-09 17:06:41.299  1290  3630 I chatty  : uid=1000(system) Binder:1290_F expire 4 lines
04-09 17:06:41.314  1290  8825 I chatty  : uid=1000(system) Binder:1290_1F expire 2 lines
04-09 17:06:41.317  1290  1314 I chatty  : uid=1000(system) ActivityManager expire 6 lines
04-09 17:06:41.341  1782  2216 I BoosterSwitchP: notifyUidState do nothing
04-09 17:06:41.341  1782  2216 I DeepNoDisturbP: notifyUidState
04-09 17:06:41.341  1782  2216 I BrowserChrP: notifyUidState
04-09 17:06:41.347  1290  6751 I chatty  : uid=1000(system) Binder:1290_18 expire 16 lines
04-09 17:06:41.347  1290  1311 I chatty  : uid=1000(system) android.bg expire 5 lines
04-09 17:06:41.347  2065  2449 I HwNetworkPolicyManager: getHwUidPolicy uid = 10062 policy = 0
04-09 17:06:41.350  1290  6632 I chatty  : uid=1000(system) Binder:1290_17 expire 32 lines
04-09 17:06:41.361  1782  3462 I HidataAppQoeP: foregroundUidRemove uid: 10245 name: com.YourCompany.EndlessRunner
04-09 17:06:41.361  1782  3462 I HidataAppQoeP: sendKernelAppUid, Uid = 0, period = 0 name = null
04-09 17:06:41.361  1290  1757 I chatty  : uid=1000(system) Binder:1290_8 expire 10 lines
04-09 17:06:41.363  1290  1454 I chatty  : uid=1000(system) NetdConnector expire 18 lines
04-09 17:06:41.368  1782  1945 I BoosterGameP: receiveAPModuleData
04-09 17:06:41.368  1782  1945 I BoosterVideoP: receiveAPModuleData
04-09 17:06:41.368  1782  1945 I BoosterSwitchP: receiveAPModuleData
04-09 17:06:41.369  1782  1945 I DeepNoDisturbP: receiveAPModuleData
04-09 17:06:41.369  1782  1945 I HidataAppQoeP: receiveAPModuleData,dataTypeId=305
04-09 17:06:41.369  1782  1945 I HidataAppQoeP: HIDATA_HIRADIO_DATA_TO_3G appUid = 10245, type = 200001, scene = 0, status = 2
04-09 17:06:41.369  1782  1945 I BrowserChrP: receiveAPModuleData
04-09 17:06:41.370  1290  1324 I chatty  : uid=1000(system) android.io expire 1 line
04-09 17:06:41.389  1290  1319 I chatty  : uid=1000(system) ThirdAppHandler expire 3 lines
04-09 17:06:41.423  1607  9314 I CommandQueue: updateBarBgColor
04-09 17:06:41.423  1607  9314 D CommandQueue: CommandQueue, setBarBackgroundColor
04-09 17:06:41.556  1290  1581 I chatty  : uid=1000(system) Binder:1290_5 expire 22 lines
04-09 17:06:42.572  1782  2216 I BoosterSwitchP: notifyUidState do nothing
04-09 17:06:42.573  1782  2216 I DeepNoDisturbP: notifyUidState
04-09 17:06:42.573  1782  2216 I BrowserChrP: notifyUidState
04-09 17:06:42.749  1290  1317 I chatty  : uid=1000(system) ActivityManager expire 2 lines
04-09 17:06:42.751  1290  1777 I chatty  : uid=1000(system) MultiTaskManage expire 2 lines
04-09 17:06:42.781  4461  4461 D ActivityThread: Attach thread to application
04-09 17:06:43.481  4518  4518 D ActivityThread: Attach thread to application
04-09 17:06:43.536  1290  1414 I chatty  : uid=1000(system) Binder:1290_3 expire 38 lines
04-09 17:06:44.177  1782  1945 I HidataAppQoeP: handleStateChanged reason=6
04-09 17:06:44.179  1782  1945 I PreDnsQuery: handleStateChanged reason=6
04-09 17:06:44.181  1782  1945 I BrowserChrP: handleStateChanged
04-09 17:06:44.563  4461  4567 D HwCustConnectivityManagerImpl: isBlockNetworkRequestByNonAis, INVALID_SUBSCRIPTION_ID
04-09 17:06:44.566  4461  4567 D HwCustConnectivityManagerImpl: isBlockNetworkRequestByNonAis, INVALID_SUBSCRIPTION_ID
04-09 17:06:44.567  1290  1468 I chatty  : uid=1000(system) ConnectivitySer expire 48 lines
04-09 17:06:48.501  1290  4582 I chatty  : uid=1000 system_server expire 3 lines
04-09 17:06:48.531  1290  2404 I chatty  : uid=1000(system) Binder:1290_C expire 1 line
04-09 17:06:48.543  1290  1511 I chatty  : uid=1000(system) iaware.clean expire 5 lines
04-09 17:06:48.556  1290  7305 I chatty  : uid=1000(system) Binder:1290_1B expire 6 lines
04-09 17:06:48.558  1290  6467 I chatty  : uid=1000(system) Binder:1290_16 expire 2 lines
04-09 17:06:48.574  1290  1578 I chatty  : uid=1000(system) Binder:1290_4 expire 41 lines
04-09 17:06:48.574  2065  2449 I HwNetworkPolicyManager: getHwUidPolicy uid = 10122 policy = 0
04-09 17:06:48.574  1782  2216 I BoosterSwitchP: notifyUidState do nothing
04-09 17:06:48.574  1782  2216 I DeepNoDisturbP: notifyUidState
04-09 17:06:48.574  1782  2216 I BrowserChrP: notifyUidState
04-09 17:06:48.574  1782  2216 I BoosterSwitchP: notifyUidState do nothing
04-09 17:06:48.574  1782  2216 I DeepNoDisturbP: notifyUidState
04-09 17:06:48.574  1782  2216 I BrowserChrP: notifyUidState
04-09 17:06:48.580  1782  2216 I BoosterSwitchP: notifyUidState do nothing
04-09 17:06:48.580  1782  2216 I DeepNoDisturbP: notifyUidState
04-09 17:06:48.580  1782  2216 I BrowserChrP: notifyUidState
04-09 17:06:48.706  1782  3462 I HidataAppQoeP: foregroundUidAdd uid: 10122 name: com.facebook.orca activity state: true
04-09 17:06:48.708  1782  3462 I HidataAppQoeP: sendKernelAppUid, Uid = 10122, period = 2000 name = com.facebook.orca
04-09 17:06:48.715  1607  9366 I CommandQueue: updateBarBgColor
04-09 17:06:48.715  1607  9366 D CommandQueue: CommandQueue, setBarBackgroundColor
04-09 17:06:48.882  1290  2992 I chatty  : uid=1000(system) Binder:1290_E expire 65 lines
04-09 17:06:48.886  1782  3083 I BoosterSwitchP: notifyUidState do nothing
04-09 17:06:48.886  1782  3083 I DeepNoDisturbP: notifyUidState
04-09 17:06:48.886  1782  3083 I BrowserChrP: notifyUidState
04-09 17:06:49.048  1290  1484 I chatty  : uid=1000(system) Thread-16 expire 4 lines
04-09 17:06:50.183  1866  2461 I chatty  : uid=1001(radio) SMVoice-0 expire 30 lines
04-09 17:06:50.191  1782  1945 I HidataAppQoeP: handleStateChanged reason=6
04-09 17:06:50.198  1782  1945 I PreDnsQuery: handleStateChanged reason=6
04-09 17:06:50.202  1782  1945 I BrowserChrP: handleStateChanged
04-09 17:06:51.453  1290  1305 I chatty  : uid=1000(system) Binder:1290_1 expire 31 lines
04-09 17:06:52.734  1866  2438 I chatty  : uid=1001(radio) ConfigHandlerTh expire 32 lines
04-09 17:06:54.573  1782 26023 I BoosterSwitchP: notifyUidState do nothing
04-09 17:06:54.573  1782 26023 I DeepNoDisturbP: notifyUidState
04-09 17:06:54.573  1782 26023 I BrowserChrP: notifyUidState
04-09 17:06:54.631  1290  2263 I chatty  : uid=1000(system) Binder:1290_A expire 14 lines
04-09 17:06:54.719  1290  1290 I chatty  : uid=1000 system_server expire 17 lines
04-09 17:06:54.838  1290  1414 I chatty  : uid=1000(system) Binder:1290_3 expire 24 lines
04-09 17:06:54.841  1290  1315 I chatty  : uid=1000(system) android.ui expire 10 lines
04-09 17:06:55.037  1290  1700 I chatty  : uid=1000(system) watchdog expire 3 lines
04-09 17:06:55.070  1290  1408 I chatty  : uid=1000(system) android.anim expire 1 line
04-09 17:06:56.185  1782  1945 I HidataAppQoeP: handleStateChanged reason=6
04-09 17:06:56.191  1782  1945 I PreDnsQuery: handleStateChanged reason=6
04-09 17:06:56.194  1782  1945 I BrowserChrP: handleStateChanged
04-09 17:06:57.563   743   807 I storaged: storaged_t::event: storage_info refreshed.
04-09 17:07:00.316  1290  3953 I chatty  : uid=1000(system) Binder:1290_10 expire 12 lines
04-09 17:07:02.197  1782  1945 I HidataAppQoeP: handleStateChanged reason=6
04-09 17:07:02.199  1866  2461 I chatty  : uid=1001(radio) SMVoice-0 expire 46 lines
04-09 17:07:02.204  1782  1945 I PreDnsQuery: handleStateChanged reason=6
04-09 17:07:02.208  1782  1945 I BrowserChrP: handleStateChanged
04-09 17:07:08.195  1782  1945 I HidataAppQoeP: handleStateChanged reason=6
04-09 17:07:08.199  1782  1945 I PreDnsQuery: handleStateChanged reason=6
04-09 17:07:08.199  1782  1945 I BrowserChrP: handleStateChanged
04-09 17:07:08.385  1782  1945 I HidataAppQoeP: handleStateChanged reason=6
04-09 17:07:08.389  1782  1945 I PreDnsQuery: handleStateChanged reason=6
04-09 17:07:08.392  1782  1945 I BrowserChrP: handleStateChanged
04-09 17:07:12.777  1866  2438 I chatty  : uid=1001(radio) ConfigHandlerTh expire 24 lines
04-09 17:07:14.408  1782  1945 I HidataAppQoeP: handleStateChanged reason=6
04-09 17:07:14.418  1782  1945 I PreDnsQuery: handleStateChanged reason=6
04-09 17:07:14.426  1782  1945 I BrowserChrP: handleStateChanged
04-09 17:07:14.475  1866  2461 I chatty  : uid=1001(radio) SMVoice-0 expire 35 lines
04-09 17:07:14.479  1782  1945 I HidataAppQoeP: handleStateChanged reason=6
04-09 17:07:14.486  1782  1945 I PreDnsQuery: handleStateChanged reason=6
04-09 17:07:14.489  1782  1945 I BrowserChrP: handleStateChanged
04-09 17:07:14.788  1782  1945 I HidataAppQoeP: handleStateChanged reason=6
04-09 17:07:14.794  1782  1945 I PreDnsQuery: handleStateChanged reason=6
04-09 17:07:14.796  1782  1945 I BrowserChrP: handleStateChanged
04-09 17:07:17.130  1290  2263 I chatty  : uid=1000(system) Binder:1290_A expire 12 lines
04-09 17:07:17.364  1290  1578 I chatty  : uid=1000(system) Binder:1290_4 expire 10 lines
