04-09 17:21:50.300  1866  2461 D Mapcon  : SMVoice-0-Normal: PrepareState,handled msg=1801
04-09 17:21:50.935 16452 16452 E adbd    : failed to connect to socket 'tcp:6666': Connection refused
04-09 17:21:52.941 16452 16452 E adbd    : failed to connect to socket 'tcp:6666': Connection refused
04-09 17:21:54.947 16452 16452 E adbd    : failed to connect to socket 'tcp:6666': Connection refused
04-09 17:21:55.306  1866  2461 D Mapcon  : SMVoice-0-Normal: enter handleCarrierConfigChangedInd
04-09 17:21:55.306  1866  2461 D Mapcon  : SMVoice-0-Normal: PrepareState,handled msg=CMD_CARRIER_CONFIG_CHANGE_IND
04-09 17:21:55.306  1866  2461 D Mapcon  : SMVoice-0-Normal: enter handleCarrierConfigChangedInd
04-09 17:21:55.306  1866  2461 D Mapcon  : SMVoice-0-Normal: PrepareState,handled msg=CMD_CARRIER_CONFIG_CHANGE_IND
04-09 17:21:55.306  1866  2438 D Mapcon  : MapconConfigImpl-0: handleMessage, msg id=1800
04-09 17:21:55.306  1866  2438 D Mapcon  : MapconConfigImpl-0: enter handleCarrierConfigChangedInd
04-09 17:21:55.310  1866  2438 I Mapcon  : MapconConfigImpl-0: KEY_CARRIER_WFC_IMS_AVAILABLE_BOOL is false!!!!!!!!!!
04-09 17:21:55.310  1866  2438 D Mapcon  : MapconConfigImpl-0: enter reset
04-09 17:21:55.310  1866  2438 D Mapcon  : MapconConfigImpl-0: handleMessage, msg id=1800
04-09 17:21:55.310  1866  2438 D Mapcon  : MapconConfigImpl-0: enter handleCarrierConfigChangedInd
04-09 17:21:55.310  1866  2461 D Mapcon  : SMVoice-0-Normal: enter handleCarrierConfigChangedCnf
04-09 17:21:55.313  1866  2438 I Mapcon  : MapconConfigImpl-0: KEY_CARRIER_WFC_IMS_AVAILABLE_BOOL is false!!!!!!!!!!
04-09 17:21:55.313  1866  2438 D Mapcon  : MapconConfigImpl-0: enter reset
04-09 17:21:55.313  1866  2461 D Mapcon  : MapconConfigImpl-0: enter isConfigReady, Config State is not ready!!!
04-09 17:21:55.313  1866  2461 V Mapcon  : SMVoice-0-Normal: Switch in XML off No need SIM Adp !
04-09 17:21:55.313  1866  2461 D Mapcon  : SMVoice-0-Normal: usim ready,read carrierconfig delay
04-09 17:21:55.313  1866  2461 D Mapcon  : SMVoice-0-Normal: PrepareState,handled msg=1801
04-09 17:21:55.313  1866  2461 D Mapcon  : SMVoice-0-Normal: enter handleCarrierConfigChangedCnf
04-09 17:21:55.313  1866  2461 D Mapcon  : MapconConfigImpl-0: enter isConfigReady, Config State is not ready!!!
04-09 17:21:55.313  1866  2461 V Mapcon  : SMVoice-0-Normal: Switch in XML off No need SIM Adp !
04-09 17:21:55.313  1866  2461 D Mapcon  : SMVoice-0-Normal: usim ready,read carrierconfig delay
04-09 17:21:55.313  1866  2461 D Mapcon  : SMVoice-0-Normal: PrepareState,handled msg=1801
04-09 17:21:56.951 16452 16452 E adbd    : failed to connect to socket 'tcp:6666': Connection refused
04-09 17:21:57.588   743   807 I storaged: storaged_t::event: storage_info refreshed.
04-09 17:21:58.957 16452 16452 E adbd    : failed to connect to socket 'tcp:6666': Connection refused
04-09 17:22:00.319  1866  2461 D Mapcon  : SMVoice-0-Normal: enter handleCarrierConfigChangedInd
04-09 17:22:00.319   744   744 I chatty  : uid=1000(system) /system/bin/thermal-daemon expire 18 lines
04-09 17:22:00.320  1866  2461 D Mapcon  : SMVoice-0-Normal: PrepareState,handled msg=CMD_CARRIER_CONFIG_CHANGE_IND
04-09 17:22:00.320  1866  2461 D Mapcon  : SMVoice-0-Normal: enter handleCarrierConfigChangedInd
04-09 17:22:00.320  1866  2461 D Mapcon  : SMVoice-0-Normal: PrepareState,handled msg=CMD_CARRIER_CONFIG_CHANGE_IND
04-09 17:22:00.320  1866  2438 D Mapcon  : MapconConfigImpl-0: handleMessage, msg id=1800
04-09 17:22:00.320  1866  2438 D Mapcon  : MapconConfigImpl-0: enter handleCarrierConfigChangedInd
04-09 17:22:00.330  1866  2438 I Mapcon  : MapconConfigImpl-0: KEY_CARRIER_WFC_IMS_AVAILABLE_BOOL is false!!!!!!!!!!
04-09 17:22:00.330  1866  2438 D Mapcon  : MapconConfigImpl-0: enter reset
04-09 17:22:00.331  1866  2461 D Mapcon  : SMVoice-0-Normal: enter handleCarrierConfigChangedCnf
04-09 17:22:00.331  1866  2438 D Mapcon  : MapconConfigImpl-0: handleMessage, msg id=1800
04-09 17:22:00.331  1866  2461 D Mapcon  : MapconConfigImpl-0: enter isConfigReady, Config State is not ready!!!
04-09 17:22:00.331  1866  2461 V Mapcon  : SMVoice-0-Normal: Switch in XML off No need SIM Adp !
04-09 17:22:00.331  1866  2461 D Mapcon  : SMVoice-0-Normal: usim ready,read carrierconfig delay
04-09 17:22:00.331  1866  2461 D Mapcon  : SMVoice-0-Normal: PrepareState,handled msg=1801
04-09 17:22:00.331  1866  2438 D Mapcon  : MapconConfigImpl-0: enter handleCarrierConfigChangedInd
04-09 17:22:00.336  1866  2438 I Mapcon  : MapconConfigImpl-0: KEY_CARRIER_WFC_IMS_AVAILABLE_BOOL is false!!!!!!!!!!
04-09 17:22:00.336  1866  2438 D Mapcon  : MapconConfigImpl-0: enter reset
04-09 17:22:00.336  1866  2461 D Mapcon  : SMVoice-0-Normal: enter handleCarrierConfigChangedCnf
04-09 17:22:00.336  1866  2461 D Mapcon  : MapconConfigImpl-0: enter isConfigReady, Config State is not ready!!!
04-09 17:22:00.336  1866  2461 V Mapcon  : SMVoice-0-Normal: Switch in XML off No need SIM Adp !
04-09 17:22:00.336  1866  2461 D Mapcon  : SMVoice-0-Normal: usim ready,read carrierconfig delay
04-09 17:22:00.336  1866  2461 D Mapcon  : SMVoice-0-Normal: PrepareState,handled msg=1801
04-09 17:22:00.962 16452 16452 E adbd    : failed to connect to socket 'tcp:6666': Connection refused
04-09 17:22:02.347  1290  1417 I chatty  : uid=1000(system) UEventObserver expire 12 lines
04-09 17:22:02.967 16452 16452 E adbd    : failed to connect to socket 'tcp:6666': Connection refused
04-09 17:22:03.017  1607  1607 I chatty  : uid=10043(com.huawei.HwMultiScreenShot) com.android.systemui expire 16 lines
04-09 17:22:03.026   729  1405 E dubaid  : [DubaiUtils.h] parseMessage# Failed to find second tag: uid=
04-09 17:22:03.026   729  1405 E dubaid  : [SystemHandler.cpp] parsePartialWakelockAcquiredMessage# Failed to parse count: lock=166827214 tag=GCM_HB_ALARM count=0
04-09 17:22:03.026   729  1405 E dubaid  : [SystemHandler.cpp] onPartialWakelockAcquireMessage# Failed to parse message
04-09 17:22:03.031   592   639 W SocketListener: sending broadcast to Pid = 1290, Uid = 1000 
04-09 17:22:03.047  1290  1290 I chatty  : uid=1000 system_server expire 10 lines
04-09 17:22:03.050  5036 21826 E WakeLock: GCM_HB_ALARM release without a matched acquire!
04-09 17:22:03.054   729  1405 E dubaid  : [SystemHandler.cpp] onPartialWakelockReleaseMessage# Already released, lock: 166827214
04-09 17:22:03.060   729  1405 E dubaid  : [DubaiUtils.h] parseMessage# Failed to find second tag: uid=
04-09 17:22:03.060   729  1405 E dubaid  : [SystemHandler.cpp] parsePartialWakelockAcquiredMessage# Failed to parse count: lock=1647071 tag=NlpWakeLock count=0
04-09 17:22:03.060   729  1405 E dubaid  : [SystemHandler.cpp] onPartialWakelockAcquireMessage# Failed to parse message
04-09 17:22:03.086  1883  1883 I HwLauncher: Model  onReceive intent=Intent { act=android.intent.action.TIME_TICK flg=0x50200014 hwFlg=0x900 (has extras) }
04-09 17:22:03.087  1883  1883 I HwLauncher: Model  onReceive user=UserHandle{0}
04-09 17:22:03.146 18071 18185 E msgr.msys: E[N rtchannel]_rt_mqtt_publish_callback(356)=>Failed to publish the request over MQTT. token:992afb6c-9e9f-471b-9d74-02b8974594a9, category:mcd-sync-data-task-category, requestId:30818, error:Error Domain=mqtt Code=3008
04-09 17:22:03.147 18071 18185 E msgr.msys: E[N rtchannel]_rt_mqtt_publish_callback(356)=>Failed to publish the request over MQTT. token:d49a0805-6cf5-4e02-9f21-d3f306539e7a, category:mcd-sync-data-task-category, requestId:763, error:Error Domain=mqtt Code=3008
04-09 17:22:03.153 18071 18183 E msgr.msys: E[S sync]_createResponseError(166)=>Network Response 992afb6c-9e9f-471b-9d74-02b8974594a9 contains sync error Error Domain=mqtt Code=3008 - Underlying error (null): Error Domain=mqtt Code=3008
04-09 17:22:03.158 18071 18183 E msgr.msys: E[S sync]_createResponseError(166)=>Network Response d49a0805-6cf5-4e02-9f21-d3f306539e7a contains sync error Error Domain=mqtt Code=3008 - Underlying error (null): Error Domain=mqtt Code=3008
04-09 17:22:03.168 18071 18183 W msgr.msys: W[S sync-state-machine]MCDSyncStateMachineScheduleDelayedRetry(173)=>skipping the new retry with longer delay
04-09 17:22:03.168 18071 18183 W msgr.msys: W[S sync]_scheduleNextCursorRetry(326)=>skipping delayed retry due to state machine state decision
04-09 17:22:03.204  1290  1306 I chatty  : uid=1000(system) Binder:1290_2 expire 10 lines
04-09 17:22:03.218   592   647 I PreDnsController: canPreDnsQuery,persist.sys.predns is false!
04-09 17:22:03.251   729  1405 E dubaid  : [DubaiUtils.h] parseMessage# Failed to find second tag: uid=
04-09 17:22:03.251   729  1405 E dubaid  : [SystemHandler.cpp] parsePartialWakelockAcquiredMessage# Failed to parse count: lock=223435094 tag=NlpWakeLock count=0
04-09 17:22:03.251   729  1405 E dubaid  : [SystemHandler.cpp] onPartialWakelockAcquireMessage# Failed to parse message
04-09 17:22:03.255   592  7076 D libc    : GetAddrInfoHandler addr: .44.1
04-09 17:22:03.261   729  1405 E dubaid  : [DubaiUtils.h] parseMessage# Failed to find second tag: uid=
04-09 17:22:03.261   729  1405 E dubaid  : [SystemHandler.cpp] parsePartialWakelockAcquiredMessage# Failed to parse count: lock=108666274 tag=GCM_READ count=0
04-09 17:22:03.261   729  1405 E dubaid  : [SystemHandler.cpp] onPartialWakelockAcquireMessage# Failed to parse message
04-09 17:22:03.272   729  1405 E dubaid  : [DubaiUtils.h] parseMessage# Failed to find second tag: uid=
04-09 17:22:03.272   729  1405 E dubaid  : [SystemHandler.cpp] parsePartialWakelockAcquiredMessage# Failed to parse count: lock=56585687 tag=NlpWakeLock count=0
04-09 17:22:03.272   729  1405 E dubaid  : [SystemHandler.cpp] onPartialWakelockAcquireMessage# Failed to parse message
04-09 17:22:03.283   729  1405 E dubaid  : [SystemHandler.cpp] onPartialWakelockReleaseMessage# Already released, lock: 108666274
04-09 17:22:03.313 22378  7077 D EventNotificationJob: Running EventNotificationJob, isDetail=true
04-09 17:22:03.319 22378  7077 D EventNotificationJob: Interval is 15 minutes
04-09 17:22:03.319 22378  7077 D EventNotificationJob: processEventList() on [0] events. First cleaning up expired notifications.
04-09 17:22:03.319 22378  7077 D EventNotificationJob: Finished cleaning up notifications. Event notification list had 0 items, 0 unique IDs, added 0 notifications in id set.
04-09 17:22:03.319 22378  7077 D EventNotificationJob:   finished processing events.
04-09 17:22:03.351   729  1405 E dubaid  : [SystemHandler.cpp] onPartialWakelockReleaseMessage# Already released, lock: 1647071
04-09 17:22:03.356   592   647 I PreDnsController: canPreDnsQuery,persist.sys.predns is false!
04-09 17:22:03.748   729  1405 E dubaid  : [DubaiUtils.h] parseMessage# Failed to find second tag: uid=
04-09 17:22:03.749   729  1405 E dubaid  : [SystemHandler.cpp] parsePartialWakelockAcquiredMessage# Failed to parse count: lock=1647071 tag=NlpWakeLock count=0
04-09 17:22:03.749   729  1405 E dubaid  : [SystemHandler.cpp] onPartialWakelockAcquireMessage# Failed to parse message
04-09 17:22:03.754   729  1405 E dubaid  : [SystemHandler.cpp] onPartialWakelockReleaseMessage# Already released, lock: 223435094
04-09 17:22:03.769   729  1405 E dubaid  : [SystemHandler.cpp] onPartialWakelockReleaseMessage# Already released, lock: 56585687
04-09 17:22:03.771   729  1405 E dubaid  : [SystemHandler.cpp] onPartialWakelockReleaseMessage# Already released, lock: 1647071
04-09 17:22:04.972 16452 16452 E adbd    : failed to connect to socket 'tcp:6666': Connection refused
04-09 17:22:05.336  1866  2461 D Mapcon  : SMVoice-0-Normal: enter handleCarrierConfigChangedInd
04-09 17:22:05.337  1866  2461 D Mapcon  : SMVoice-0-Normal: PrepareState,handled msg=CMD_CARRIER_CONFIG_CHANGE_IND
04-09 17:22:05.337  1866  2461 D Mapcon  : SMVoice-0-Normal: enter handleCarrierConfigChangedInd
04-09 17:22:05.337  1866  2438 D Mapcon  : MapconConfigImpl-0: handleMessage, msg id=1800
04-09 17:22:05.337  1866  2438 D Mapcon  : MapconConfigImpl-0: enter handleCarrierConfigChangedInd
04-09 17:22:05.337  1866  2461 D Mapcon  : SMVoice-0-Normal: PrepareState,handled msg=CMD_CARRIER_CONFIG_CHANGE_IND
04-09 17:22:05.341  1866  2438 I Mapcon  : MapconConfigImpl-0: KEY_CARRIER_WFC_IMS_AVAILABLE_BOOL is false!!!!!!!!!!
04-09 17:22:05.341  1866  2438 D Mapcon  : MapconConfigImpl-0: enter reset
04-09 17:22:05.342  1866  2438 D Mapcon  : MapconConfigImpl-0: handleMessage, msg id=1800
04-09 17:22:05.342  1866  2461 D Mapcon  : SMVoice-0-Normal: enter handleCarrierConfigChangedCnf
04-09 17:22:05.342  1866  2438 D Mapcon  : MapconConfigImpl-0: enter handleCarrierConfigChangedInd
04-09 17:22:05.345  1866  2438 I Mapcon  : MapconConfigImpl-0: KEY_CARRIER_WFC_IMS_AVAILABLE_BOOL is false!!!!!!!!!!
04-09 17:22:05.345  1866  2438 D Mapcon  : MapconConfigImpl-0: enter reset
04-09 17:22:05.345  1866  2461 D Mapcon  : MapconConfigImpl-0: enter isConfigReady, Config State is not ready!!!
04-09 17:22:05.345  1866  2461 V Mapcon  : SMVoice-0-Normal: Switch in XML off No need SIM Adp !
04-09 17:22:05.345  1866  2461 D Mapcon  : SMVoice-0-Normal: usim ready,read carrierconfig delay
04-09 17:22:05.345  1866  2461 D Mapcon  : SMVoice-0-Normal: PrepareState,handled msg=1801
04-09 17:22:05.345  1866  2461 D Mapcon  : SMVoice-0-Normal: enter handleCarrierConfigChangedCnf
04-09 17:22:05.345  1866  2461 D Mapcon  : MapconConfigImpl-0: enter isConfigReady, Config State is not ready!!!
04-09 17:22:05.345  1866  2461 V Mapcon  : SMVoice-0-Normal: Switch in XML off No need SIM Adp !
04-09 17:22:05.345  1866  2461 D Mapcon  : SMVoice-0-Normal: usim ready,read carrierconfig delay
04-09 17:22:05.345  1866  2461 D Mapcon  : SMVoice-0-Normal: PrepareState,handled msg=1801
04-09 17:22:06.977 16452 16452 E adbd    : failed to connect to socket 'tcp:6666': Connection refused
04-09 17:22:08.982 16452 16452 E adbd    : failed to connect to socket 'tcp:6666': Connection refused
04-09 17:22:09.304  1290  1432 I chatty  : uid=1000(system) AlarmManager expire 4 lines
04-09 17:22:09.322  3205  3245 I chatty  : uid=1000(system) SocketRead_06:3 expire 9 lines
04-09 17:22:09.394  3205  3557 I chatty  : uid=1000(system) SocketRead_07:3 expire 9 lines
04-09 17:22:09.419  3205  3557 I PushLog110000403: [SocketRead_06:37:25-181]dispatchIntent over
04-09 17:22:09.420  3205  3245 I PushLog110000403: [ReceiverDispatcher-160]process push message cmdid from pushSrv:47, subCmdId:FF
04-09 17:22:09.421  3205  3245 I PushLog110000403: [ReceiverDispatcher-160]enter AlarmTools:setInexactAlarm(intent:Intent { act=com.huawei.action.push.intent.CHECK_CHANNEL_CYCLE pkg=android } interval:1200000ms
04-09 17:22:10.293  7096  7096 E JankService: child Thread receive to stop
04-09 17:22:10.350  1866  2461 D Mapcon  : SMVoice-0-Normal: enter handleCarrierConfigChangedInd
04-09 17:22:10.351  1866  2461 D Mapcon  : SMVoice-0-Normal: PrepareState,handled msg=CMD_CARRIER_CONFIG_CHANGE_IND
04-09 17:22:10.351  1866  2461 D Mapcon  : SMVoice-0-Normal: enter handleCarrierConfigChangedInd
04-09 17:22:10.351  1866  2461 D Mapcon  : SMVoice-0-Normal: PrepareState,handled msg=CMD_CARRIER_CONFIG_CHANGE_IND
04-09 17:22:10.351  1866  2438 D Mapcon  : MapconConfigImpl-0: handleMessage, msg id=1800
04-09 17:22:10.351  1866  2438 D Mapcon  : MapconConfigImpl-0: enter handleCarrierConfigChangedInd
04-09 17:22:10.354  1866  2438 I Mapcon  : MapconConfigImpl-0: KEY_CARRIER_WFC_IMS_AVAILABLE_BOOL is false!!!!!!!!!!
04-09 17:22:10.354  1866  2438 D Mapcon  : MapconConfigImpl-0: enter reset
04-09 17:22:10.355  1866  2438 D Mapcon  : MapconConfigImpl-0: handleMessage, msg id=1800
04-09 17:22:10.355  1866  2438 D Mapcon  : MapconConfigImpl-0: enter handleCarrierConfigChangedInd
04-09 17:22:10.355  1866  2461 D Mapcon  : SMVoice-0-Normal: enter handleCarrierConfigChangedCnf
04-09 17:22:10.357  1866  2438 I Mapcon  : MapconConfigImpl-0: KEY_CARRIER_WFC_IMS_AVAILABLE_BOOL is false!!!!!!!!!!
04-09 17:22:10.357  1866  2438 D Mapcon  : MapconConfigImpl-0: enter reset
04-09 17:22:10.358  1866  2461 D Mapcon  : MapconConfigImpl-0: enter isConfigReady, Config State is not ready!!!
04-09 17:22:10.358  1866  2461 V Mapcon  : SMVoice-0-Normal: Switch in XML off No need SIM Adp !
04-09 17:22:10.358  1866  2461 D Mapcon  : SMVoice-0-Normal: usim ready,read carrierconfig delay
04-09 17:22:10.358  1866  2461 D Mapcon  : SMVoice-0-Normal: PrepareState,handled msg=1801
04-09 17:22:10.358  1866  2461 D Mapcon  : SMVoice-0-Normal: enter handleCarrierConfigChangedCnf
04-09 17:22:10.358  1866  2461 D Mapcon  : MapconConfigImpl-0: enter isConfigReady, Config State is not ready!!!
04-09 17:22:10.358  1866  2461 V Mapcon  : SMVoice-0-Normal: Switch in XML off No need SIM Adp !
04-09 17:22:10.358  1866  2461 D Mapcon  : SMVoice-0-Normal: usim ready,read carrierconfig delay
04-09 17:22:10.358  1866  2461 D Mapcon  : SMVoice-0-Normal: PrepareState,handled msg=1801
04-09 17:22:10.432   760   883 E JankService: all data read ok
04-09 17:22:10.986 16452 16452 E adbd    : failed to connect to socket 'tcp:6666': Connection refused
04-09 17:22:12.992 16452 16452 E adbd    : failed to connect to socket 'tcp:6666': Connection refused
04-09 17:22:14.044  1290  5081 I chatty  : uid=1000(system) MobileQosDetect expire 12 lines
04-09 17:22:14.999 16452 16452 E adbd    : failed to connect to socket 'tcp:6666': Connection refused
04-09 17:22:15.045   592   647 I PreDnsController: canPreDnsQuery,persist.sys.predns is false!
04-09 17:22:15.332   744   744 I chatty  : uid=1000(system) /system/bin/thermal-daemon expire 18 lines
04-09 17:22:15.363  1866  2461 D Mapcon  : SMVoice-0-Normal: enter handleCarrierConfigChangedInd
04-09 17:22:15.364  1866  2461 D Mapcon  : SMVoice-0-Normal: PrepareState,handled msg=CMD_CARRIER_CONFIG_CHANGE_IND
04-09 17:22:15.364  1866  2461 D Mapcon  : SMVoice-0-Normal: enter handleCarrierConfigChangedInd
04-09 17:22:15.364  1866  2461 D Mapcon  : SMVoice-0-Normal: PrepareState,handled msg=CMD_CARRIER_CONFIG_CHANGE_IND
04-09 17:22:15.364  1866  2438 D Mapcon  : MapconConfigImpl-0: handleMessage, msg id=1800
04-09 17:22:15.364  1866  2438 D Mapcon  : MapconConfigImpl-0: enter handleCarrierConfigChangedInd
04-09 17:22:15.368  1866  2438 I Mapcon  : MapconConfigImpl-0: KEY_CARRIER_WFC_IMS_AVAILABLE_BOOL is false!!!!!!!!!!
04-09 17:22:15.368  1866  2438 D Mapcon  : MapconConfigImpl-0: enter reset
04-09 17:22:15.368  1866  2461 D Mapcon  : SMVoice-0-Normal: enter handleCarrierConfigChangedCnf
04-09 17:22:15.368  1866  2461 D Mapcon  : MapconConfigImpl-0: enter isConfigReady, Config State is not ready!!!
04-09 17:22:15.369  1866  2461 V Mapcon  : SMVoice-0-Normal: Switch in XML off No need SIM Adp !
04-09 17:22:15.369  1866  2461 D Mapcon  : SMVoice-0-Normal: usim ready,read carrierconfig delay
04-09 17:22:15.369  1866  2438 D Mapcon  : MapconConfigImpl-0: handleMessage, msg id=1800
04-09 17:22:15.369  1866  2438 D Mapcon  : MapconConfigImpl-0: enter handleCarrierConfigChangedInd
04-09 17:22:15.369  1866  2461 D Mapcon  : SMVoice-0-Normal: PrepareState,handled msg=1801
04-09 17:22:15.373  1866  2438 I Mapcon  : MapconConfigImpl-0: KEY_CARRIER_WFC_IMS_AVAILABLE_BOOL is false!!!!!!!!!!
04-09 17:22:15.373  1866  2438 D Mapcon  : MapconConfigImpl-0: enter reset
04-09 17:22:15.373  1866  2461 D Mapcon  : SMVoice-0-Normal: enter handleCarrierConfigChangedCnf
04-09 17:22:15.373  1866  2461 D Mapcon  : MapconConfigImpl-0: enter isConfigReady, Config State is not ready!!!
04-09 17:22:15.373  1866  2461 V Mapcon  : SMVoice-0-Normal: Switch in XML off No need SIM Adp !
04-09 17:22:15.373  1866  2461 D Mapcon  : SMVoice-0-Normal: usim ready,read carrierconfig delay
04-09 17:22:15.373  1866  2461 D Mapcon  : SMVoice-0-Normal: PrepareState,handled msg=1801
04-09 17:22:17.004 16452 16452 E adbd    : failed to connect to socket 'tcp:6666': Connection refused
04-09 17:22:18.415  1290  2056 I chatty  : uid=1000(system) Binder:1290_9 expire 10 lines
04-09 17:22:19.010 16452 16452 E adbd    : failed to connect to socket 'tcp:6666': Connection refused
04-09 17:22:20.373  1866  2461 D Mapcon  : SMVoice-0-Normal: enter handleCarrierConfigChangedInd
04-09 17:22:20.373  1866  2461 D Mapcon  : SMVoice-0-Normal: PrepareState,handled msg=CMD_CARRIER_CONFIG_CHANGE_IND
04-09 17:22:20.373  1866  2461 D Mapcon  : SMVoice-0-Normal: enter handleCarrierConfigChangedInd
04-09 17:22:20.373  1866  2461 D Mapcon  : SMVoice-0-Normal: PrepareState,handled msg=CMD_CARRIER_CONFIG_CHANGE_IND
04-09 17:22:20.374  1866  2438 D Mapcon  : MapconConfigImpl-0: handleMessage, msg id=1800
04-09 17:22:20.374  1866  2438 D Mapcon  : MapconConfigImpl-0: enter handleCarrierConfigChangedInd
04-09 17:22:20.376  1866  2438 I Mapcon  : MapconConfigImpl-0: KEY_CARRIER_WFC_IMS_AVAILABLE_BOOL is false!!!!!!!!!!
04-09 17:22:20.376  1866  2438 D Mapcon  : MapconConfigImpl-0: enter reset
04-09 17:22:20.376  1866  2438 D Mapcon  : MapconConfigImpl-0: handleMessage, msg id=1800
04-09 17:22:20.376  1866  2438 D Mapcon  : MapconConfigImpl-0: enter handleCarrierConfigChangedInd
04-09 17:22:20.376  1866  2461 D Mapcon  : SMVoice-0-Normal: enter handleCarrierConfigChangedCnf
04-09 17:22:20.378  1866  2438 I Mapcon  : MapconConfigImpl-0: KEY_CARRIER_WFC_IMS_AVAILABLE_BOOL is false!!!!!!!!!!
04-09 17:22:20.378  1866  2438 D Mapcon  : MapconConfigImpl-0: enter reset
04-09 17:22:20.379  1866  2461 D Mapcon  : MapconConfigImpl-0: enter isConfigReady, Config State is not ready!!!
04-09 17:22:20.379  1866  2461 V Mapcon  : SMVoice-0-Normal: Switch in XML off No need SIM Adp !
04-09 17:22:20.379  1866  2461 D Mapcon  : SMVoice-0-Normal: usim ready,read carrierconfig delay
04-09 17:22:20.379  1866  2461 D Mapcon  : SMVoice-0-Normal: PrepareState,handled msg=1801
04-09 17:22:20.379  1866  2461 D Mapcon  : SMVoice-0-Normal: enter handleCarrierConfigChangedCnf
04-09 17:22:20.379  1866  2461 D Mapcon  : MapconConfigImpl-0: enter isConfigReady, Config State is not ready!!!
04-09 17:22:20.379  1866  2461 V Mapcon  : SMVoice-0-Normal: Switch in XML off No need SIM Adp !
04-09 17:22:20.379  1866  2461 D Mapcon  : SMVoice-0-Normal: usim ready,read carrierconfig delay
04-09 17:22:20.379  1866  2461 D Mapcon  : SMVoice-0-Normal: PrepareState,handled msg=1801
04-09 17:22:21.016 16452 16452 E adbd    : failed to connect to socket 'tcp:6666': Connection refused
04-09 17:22:23.021 16452 16452 E adbd    : failed to connect to socket 'tcp:6666': Connection refused
04-09 17:22:24.063  1290  1460 I chatty  : uid=1000(system) WifiService expire 11 lines
04-09 17:22:25.026 16452 16452 E adbd    : failed to connect to socket 'tcp:6666': Connection refused
04-09 17:22:25.255   592   639 W SocketListener: sending broadcast to Pid = 1290, Uid = 1000 
04-09 17:22:25.384  1866  2461 D Mapcon  : SMVoice-0-Normal: enter handleCarrierConfigChangedInd
04-09 17:22:25.385  1866  2461 D Mapcon  : SMVoice-0-Normal: PrepareState,handled msg=CMD_CARRIER_CONFIG_CHANGE_IND
04-09 17:22:25.385  1866  2461 D Mapcon  : SMVoice-0-Normal: enter handleCarrierConfigChangedInd
04-09 17:22:25.385  1866  2461 D Mapcon  : SMVoice-0-Normal: PrepareState,handled msg=CMD_CARRIER_CONFIG_CHANGE_IND
04-09 17:22:25.385  1866  2438 D Mapcon  : MapconConfigImpl-0: handleMessage, msg id=1800
04-09 17:22:25.385  1866  2438 D Mapcon  : MapconConfigImpl-0: enter handleCarrierConfigChangedInd
04-09 17:22:25.388  1866  2438 I Mapcon  : MapconConfigImpl-0: KEY_CARRIER_WFC_IMS_AVAILABLE_BOOL is false!!!!!!!!!!
04-09 17:22:25.388  1866  2438 D Mapcon  : MapconConfigImpl-0: enter reset
04-09 17:22:25.388  1866  2438 D Mapcon  : MapconConfigImpl-0: handleMessage, msg id=1800
04-09 17:22:25.388  1866  2438 D Mapcon  : MapconConfigImpl-0: enter handleCarrierConfigChangedInd
04-09 17:22:25.389  1866  2461 D Mapcon  : SMVoice-0-Normal: enter handleCarrierConfigChangedCnf
04-09 17:22:25.392  1866  2438 I Mapcon  : MapconConfigImpl-0: KEY_CARRIER_WFC_IMS_AVAILABLE_BOOL is false!!!!!!!!!!
04-09 17:22:25.392  1866  2438 D Mapcon  : MapconConfigImpl-0: enter reset
04-09 17:22:25.392  1866  2461 D Mapcon  : MapconConfigImpl-0: enter isConfigReady, Config State is not ready!!!
04-09 17:22:25.392  1866  2461 V Mapcon  : SMVoice-0-Normal: Switch in XML off No need SIM Adp !
04-09 17:22:25.392  1866  2461 D Mapcon  : SMVoice-0-Normal: usim ready,read carrierconfig delay
04-09 17:22:25.393  1866  2461 D Mapcon  : SMVoice-0-Normal: PrepareState,handled msg=1801
04-09 17:22:25.393  1866  2461 D Mapcon  : SMVoice-0-Normal: enter handleCarrierConfigChangedCnf
04-09 17:22:25.393  1866  2461 D Mapcon  : MapconConfigImpl-0: enter isConfigReady, Config State is not ready!!!
04-09 17:22:25.393  1866  2461 V Mapcon  : SMVoice-0-Normal: Switch in XML off No need SIM Adp !
04-09 17:22:25.393  1866  2461 D Mapcon  : SMVoice-0-Normal: usim ready,read carrierconfig delay
04-09 17:22:25.393  1866  2461 D Mapcon  : SMVoice-0-Normal: PrepareState,handled msg=1801
04-09 17:22:27.031 16452 16452 E adbd    : failed to connect to socket 'tcp:6666': Connection refused
04-09 17:22:29.036 16452 16452 E adbd    : failed to connect to socket 'tcp:6666': Connection refused
04-09 17:22:30.342   744   744 I chatty  : uid=1000(system) /system/bin/thermal-daemon expire 18 lines
04-09 17:22:30.397  1866  2461 D Mapcon  : SMVoice-0-Normal: enter handleCarrierConfigChangedInd
04-09 17:22:30.397  1866  2461 D Mapcon  : SMVoice-0-Normal: PrepareState,handled msg=CMD_CARRIER_CONFIG_CHANGE_IND
04-09 17:22:30.397  1866  2438 D Mapcon  : MapconConfigImpl-0: handleMessage, msg id=1800
04-09 17:22:30.397  1866  2438 D Mapcon  : MapconConfigImpl-0: enter handleCarrierConfigChangedInd
04-09 17:22:30.397  1866  2461 D Mapcon  : SMVoice-0-Normal: enter handleCarrierConfigChangedInd
04-09 17:22:30.397  1866  2461 D Mapcon  : SMVoice-0-Normal: PrepareState,handled msg=CMD_CARRIER_CONFIG_CHANGE_IND
04-09 17:22:30.403  1866  2438 I Mapcon  : MapconConfigImpl-0: KEY_CARRIER_WFC_IMS_AVAILABLE_BOOL is false!!!!!!!!!!
04-09 17:22:30.403  1866  2438 D Mapcon  : MapconConfigImpl-0: enter reset
04-09 17:22:30.403  1866  2438 D Mapcon  : MapconConfigImpl-0: handleMessage, msg id=1800
04-09 17:22:30.403  1866  2461 D Mapcon  : SMVoice-0-Normal: enter handleCarrierConfigChangedCnf
04-09 17:22:30.403  1866  2438 D Mapcon  : MapconConfigImpl-0: enter handleCarrierConfigChangedInd
04-09 17:22:30.407  1866  2438 I Mapcon  : MapconConfigImpl-0: KEY_CARRIER_WFC_IMS_AVAILABLE_BOOL is false!!!!!!!!!!
04-09 17:22:30.407  1866  2438 D Mapcon  : MapconConfigImpl-0: enter reset
04-09 17:22:30.407  1866  2461 D Mapcon  : MapconConfigImpl-0: enter isConfigReady, Config State is not ready!!!
04-09 17:22:30.407  1866  2461 V Mapcon  : SMVoice-0-Normal: Switch in XML off No need SIM Adp !
04-09 17:22:30.407  1866  2461 D Mapcon  : SMVoice-0-Normal: usim ready,read carrierconfig delay
04-09 17:22:30.408  1866  2461 D Mapcon  : SMVoice-0-Normal: PrepareState,handled msg=1801
04-09 17:22:30.408  1866  2461 D Mapcon  : SMVoice-0-Normal: enter handleCarrierConfigChangedCnf
04-09 17:22:30.408  1866  2461 D Mapcon  : MapconConfigImpl-0: enter isConfigReady, Config State is not ready!!!
04-09 17:22:30.408  1866  2461 V Mapcon  : SMVoice-0-Normal: Switch in XML off No need SIM Adp !
04-09 17:22:30.408  1866  2461 D Mapcon  : SMVoice-0-Normal: usim ready,read carrierconfig delay
04-09 17:22:30.408  1866  2461 D Mapcon  : SMVoice-0-Normal: PrepareState,handled msg=1801
04-09 17:22:31.042 16452 16452 E adbd    : failed to connect to socket 'tcp:6666': Connection refused
04-09 17:22:33.049 16452 16452 E adbd    : failed to connect to socket 'tcp:6666': Connection refused
04-09 17:22:33.083  1290  1987 I chatty  : uid=1000(system) HwBinder:1290_5 expire 2 lines
04-09 17:22:33.096  1607  1607 I chatty  : uid=10043(com.huawei.HwMultiScreenShot) com.android.systemui expire 32 lines
04-09 17:22:33.167 18071 18185 E msgr.msys: E[N rtchannel]_rt_mqtt_publish_callback(356)=>Failed to publish the request over MQTT. token:67b66aa2-47b4-4895-97fe-ea0d191dc9a0, category:mcd-sync-data-task-category, requestId:57255, error:Error Domain=mqtt Code=3008
04-09 17:22:33.171 18071 18183 E msgr.msys: E[S sync]_createResponseError(166)=>Network Response 67b66aa2-47b4-4895-97fe-ea0d191dc9a0 contains sync error Error Domain=mqtt Code=3008 - Underlying error (null): Error Domain=mqtt Code=3008
04-09 17:22:33.171 18071 18185 E msgr.msys: E[N rtchannel]_rt_mqtt_publish_callback(356)=>Failed to publish the request over MQTT. token:106876b2-d87e-46fd-80b1-94425be554c5, category:mcd-sync-data-task-category, requestId:18500, error:Error Domain=mqtt Code=3008
04-09 17:22:33.175 18071 18183 E msgr.msys: E[S sync]_createResponseError(166)=>Network Response 106876b2-d87e-46fd-80b1-94425be554c5 contains sync error Error Domain=mqtt Code=3008 - Underlying error (null): Error Domain=mqtt Code=3008
04-09 17:22:33.179 18071 18183 W msgr.msys: W[S sync-state-machine]MCDSyncStateMachineScheduleDelayedRetry(173)=>skipping the new retry with longer delay
04-09 17:22:33.179 18071 18183 W msgr.msys: W[S sync]_scheduleNextCursorRetry(326)=>skipping delayed retry due to state machine state decision
04-09 17:22:33.374  1848  1966 I chatty  : uid=1000(system) core expire 11 lines
04-09 17:22:33.850  2065  2141 I chatty  : uid=1000(system) Thread-2 expire 5 lines
04-09 17:22:33.868   649   649 E         : [hw_comm_set_power_state] test_scene: vterm_dec, value: lvc 100
04-09 17:22:33.886   649   649 E         : [hw_comm_set_power_state] test_scene: vterm_dec, value: sc 100
04-09 17:22:33.898   649   649 E         : [hw_comm_set_power_state] test_scene: vterm_dec, value: wl_sc 100
04-09 17:22:33.900  2065  2141 I SmartChgBase/Arb_HidlParam: Apply.[moduleName:ASW, param:nondc_vterm_dec, detailsWithValue:source=trigger;event=heartbeat;chargestatus=start;value=100;]
04-09 17:22:33.900  2065  2141 I SmartChgBase/Arb_HidlParam: CalcVtermRoundDec [ret:100, ndcVstep:50, target:100, step:100]
04-09 17:22:33.908   649   649 E         : [hw_comm_set_power_state] test_scene: vterm_dec, value: dcp 100
04-09 17:22:33.909  2065  2141 I SmartChgBase/Arb_HidlParam: SetHidlValue Success:[module:ASW, scene:vterm_dec, value:dcp 100]
04-09 17:22:33.918   649   649 E         : [hw_comm_set_power_state] test_scene: vterm_dec, value: dcp_sh 100
04-09 17:22:33.920  2065  2141 I SmartChgBase/Arb_HidlParam: SetHidlValue Success:[module:ASW, scene:vterm_dec, value:dcp_sh 100]
04-09 17:22:33.928   649   649 E         : [hw_comm_set_power_state] test_scene: vterm_dec, value: fcp 100
04-09 17:22:33.929  2065  2141 I SmartChgBase/Arb_HidlParam: SetHidlValue Success:[module:ASW, scene:vterm_dec, value:fcp 100]
04-09 17:22:33.938   649   649 E         : [hw_comm_set_power_state] test_scene: vterm_dec, value: pd 100
04-09 17:22:33.939  2065  2141 I SmartChgBase/Arb_HidlParam: SetHidlValue Success:[module:ASW, scene:vterm_dec, value:pd 100]
04-09 17:22:33.947   649   649 E         : [hw_comm_set_power_state] test_scene: vterm_dec, value: wl 100
04-09 17:22:33.950  2065  2141 I SmartChgBase/Arb_HidlParam: SetHidlValue Success:[module:ASW, scene:vterm_dec, value:wl 100]
04-09 17:22:33.959   649   649 E         : [hw_comm_set_power_state] test_scene: basp_coul_vdec, value: 100
04-09 17:22:33.959   649   649 E         : hw_comm_set_power_state: test_scene error.
04-09 17:22:33.960  2065  2141 E SmartChgBase/Arb_HidlParam: SetHidlValue Fail: Hidl Set Fail [ret:3, module:ASW, scene:basp_coul_vdec, value:100]
04-09 17:22:33.960  2065  2141 I SmartChgBase/Arb_HidlParam: Apply Skipped: IsApplyExcept return true. [moduleName:ASW, param:soc_control, detailsWithValue:source=trigger;event=heartbeat;chargestatus=start;value=1 95 100 1 1;]
04-09 17:22:35.054 16452 16452 E adbd    : failed to connect to socket 'tcp:6666': Connection refused
04-09 17:22:35.413  1866  2461 D Mapcon  : SMVoice-0-Normal: enter handleCarrierConfigChangedInd
04-09 17:22:35.413  1866  2461 D Mapcon  : SMVoice-0-Normal: PrepareState,handled msg=CMD_CARRIER_CONFIG_CHANGE_IND
04-09 17:22:35.413  1866  2438 D Mapcon  : MapconConfigImpl-0: handleMessage, msg id=1800
04-09 17:22:35.413  1866  2438 D Mapcon  : MapconConfigImpl-0: enter handleCarrierConfigChangedInd
04-09 17:22:35.413  1866  2461 D Mapcon  : SMVoice-0-Normal: enter handleCarrierConfigChangedInd
04-09 17:22:35.413  1866  2461 D Mapcon  : SMVoice-0-Normal: PrepareState,handled msg=CMD_CARRIER_CONFIG_CHANGE_IND
04-09 17:22:35.417  1866  2438 I Mapcon  : MapconConfigImpl-0: KEY_CARRIER_WFC_IMS_AVAILABLE_BOOL is false!!!!!!!!!!
04-09 17:22:35.417  1866  2438 D Mapcon  : MapconConfigImpl-0: enter reset
04-09 17:22:35.417  1866  2438 D Mapcon  : MapconConfigImpl-0: handleMessage, msg id=1800
04-09 17:22:35.417  1866  2438 D Mapcon  : MapconConfigImpl-0: enter handleCarrierConfigChangedInd
04-09 17:22:35.418  1866  2461 D Mapcon  : SMVoice-0-Normal: enter handleCarrierConfigChangedCnf
04-09 17:22:35.421  1866  2438 I Mapcon  : MapconConfigImpl-0: KEY_CARRIER_WFC_IMS_AVAILABLE_BOOL is false!!!!!!!!!!
04-09 17:22:35.421  1866  2438 D Mapcon  : MapconConfigImpl-0: enter reset
04-09 17:22:35.421  1866  2461 D Mapcon  : MapconConfigImpl-0: enter isConfigReady, Config State is not ready!!!
04-09 17:22:35.422  1866  2461 V Mapcon  : SMVoice-0-Normal: Switch in XML off No need SIM Adp !
04-09 17:22:35.422  1866  2461 D Mapcon  : SMVoice-0-Normal: usim ready,read carrierconfig delay
04-09 17:22:35.422  1866  2461 D Mapcon  : SMVoice-0-Normal: PrepareState,handled msg=1801
04-09 17:22:35.422  1866  2461 D Mapcon  : SMVoice-0-Normal: enter handleCarrierConfigChangedCnf
04-09 17:22:35.422  1866  2461 D Mapcon  : MapconConfigImpl-0: enter isConfigReady, Config State is not ready!!!
04-09 17:22:35.422  1866  2461 V Mapcon  : SMVoice-0-Normal: Switch in XML off No need SIM Adp !
04-09 17:22:35.422  1866  2461 D Mapcon  : SMVoice-0-Normal: usim ready,read carrierconfig delay
04-09 17:22:35.424  1866  2461 D Mapcon  : SMVoice-0-Normal: PrepareState,handled msg=1801
04-09 17:22:35.528   729   860 I dubaid  : [ModemHandler.cpp] handleCustomized# Modem pmom log no response, force to finish balance(3), 2021-04-09 17:22:15
04-09 17:22:35.557   729  1422 D dubaid  : [AbnormalityRoutine.cpp] CheckShortAbnormality# last check: 1617981135318, last polling: 1617981156640, curr check: 1617981735313, curr polling: 1617981756640
04-09 17:22:35.557   729  1422 D dubaid  : [AbnormalityRoutine.cpp] CheckCpuHeavyLoadAbnormality# Failed to find abnormality threshold
04-09 17:22:35.557   729  1422 D dubaid  : [AbnormalityRoutine.cpp] CheckNormalAbnormality# last check: 1617980535312, last polling: 1617980556640, curr check: 1617981735313, curr polling: 1617981756640
04-09 17:22:35.558  7154  7154 E JankService: child Thread receive to stop
04-09 17:22:35.665   760   883 E JankService: all data read ok
04-09 17:22:37.059 16452 16452 E adbd    : failed to connect to socket 'tcp:6666': Connection refused
04-09 17:22:39.066 16452 16452 E adbd    : failed to connect to socket 'tcp:6666': Connection refused
04-09 17:22:40.426  1866  2461 D Mapcon  : SMVoice-0-Normal: enter handleCarrierConfigChangedInd
04-09 17:22:40.427  1866  2461 D Mapcon  : SMVoice-0-Normal: PrepareState,handled msg=CMD_CARRIER_CONFIG_CHANGE_IND
04-09 17:22:40.427  1866  2461 D Mapcon  : SMVoice-0-Normal: enter handleCarrierConfigChangedInd
04-09 17:22:40.427  1866  2461 D Mapcon  : SMVoice-0-Normal: PrepareState,handled msg=CMD_CARRIER_CONFIG_CHANGE_IND
04-09 17:22:40.427  1866  2438 D Mapcon  : MapconConfigImpl-0: handleMessage, msg id=1800
04-09 17:22:40.427  1866  2438 D Mapcon  : MapconConfigImpl-0: enter handleCarrierConfigChangedInd
04-09 17:22:40.432  1866  2438 I Mapcon  : MapconConfigImpl-0: KEY_CARRIER_WFC_IMS_AVAILABLE_BOOL is false!!!!!!!!!!
04-09 17:22:40.432  1866  2438 D Mapcon  : MapconConfigImpl-0: enter reset
04-09 17:22:40.432  1866  2438 D Mapcon  : MapconConfigImpl-0: handleMessage, msg id=1800
04-09 17:22:40.432  1866  2461 D Mapcon  : SMVoice-0-Normal: enter handleCarrierConfigChangedCnf
04-09 17:22:40.432  1866  2438 D Mapcon  : MapconConfigImpl-0: enter handleCarrierConfigChangedInd
04-09 17:22:40.435  1866  2438 I Mapcon  : MapconConfigImpl-0: KEY_CARRIER_WFC_IMS_AVAILABLE_BOOL is false!!!!!!!!!!
04-09 17:22:40.436  1866  2438 D Mapcon  : MapconConfigImpl-0: enter reset
04-09 17:22:40.436  1866  2461 D Mapcon  : MapconConfigImpl-0: enter isConfigReady, Config State is not ready!!!
04-09 17:22:40.436  1866  2461 V Mapcon  : SMVoice-0-Normal: Switch in XML off No need SIM Adp !
04-09 17:22:40.436  1866  2461 D Mapcon  : SMVoice-0-Normal: usim ready,read carrierconfig delay
04-09 17:22:40.436  1866  2461 D Mapcon  : SMVoice-0-Normal: PrepareState,handled msg=1801
04-09 17:22:40.436  1866  2461 D Mapcon  : SMVoice-0-Normal: enter handleCarrierConfigChangedCnf
04-09 17:22:40.436  1866  2461 D Mapcon  : MapconConfigImpl-0: enter isConfigReady, Config State is not ready!!!
04-09 17:22:40.436  1866  2461 V Mapcon  : SMVoice-0-Normal: Switch in XML off No need SIM Adp !
04-09 17:22:40.436  1866  2461 D Mapcon  : SMVoice-0-Normal: usim ready,read carrierconfig delay
04-09 17:22:40.436  1866  2461 D Mapcon  : SMVoice-0-Normal: PrepareState,handled msg=1801
04-09 17:22:41.071 16452 16452 E adbd    : failed to connect to socket 'tcp:6666': Connection refused
04-09 17:22:43.077 16452 16452 E adbd    : failed to connect to socket 'tcp:6666': Connection refused
04-09 17:22:43.364 22182 22192 E         : [ZeroHung]zrhung_get_config: Get config failed for wp[0x0008]
04-09 17:22:45.083 16452 16452 E adbd    : failed to connect to socket 'tcp:6666': Connection refused
04-09 17:22:45.353   744   744 I chatty  : uid=1000(system) /system/bin/thermal-daemon expire 18 lines
04-09 17:22:45.438  1866  2461 D Mapcon  : SMVoice-0-Normal: enter handleCarrierConfigChangedInd
04-09 17:22:45.438  1866  2461 D Mapcon  : SMVoice-0-Normal: PrepareState,handled msg=CMD_CARRIER_CONFIG_CHANGE_IND
04-09 17:22:45.438  1866  2461 D Mapcon  : SMVoice-0-Normal: enter handleCarrierConfigChangedInd
04-09 17:22:45.438  1866  2461 D Mapcon  : SMVoice-0-Normal: PrepareState,handled msg=CMD_CARRIER_CONFIG_CHANGE_IND
04-09 17:22:45.439  1866  2438 D Mapcon  : MapconConfigImpl-0: handleMessage, msg id=1800
04-09 17:22:45.439  1866  2438 D Mapcon  : MapconConfigImpl-0: enter handleCarrierConfigChangedInd
04-09 17:22:45.443  1866  2438 I Mapcon  : MapconConfigImpl-0: KEY_CARRIER_WFC_IMS_AVAILABLE_BOOL is false!!!!!!!!!!
04-09 17:22:45.443  1866  2438 D Mapcon  : MapconConfigImpl-0: enter reset
04-09 17:22:45.443  1866  2438 D Mapcon  : MapconConfigImpl-0: handleMessage, msg id=1800
04-09 17:22:45.443  1866  2461 D Mapcon  : SMVoice-0-Normal: enter handleCarrierConfigChangedCnf
04-09 17:22:45.444  1866  2438 D Mapcon  : MapconConfigImpl-0: enter handleCarrierConfigChangedInd
04-09 17:22:45.447  1866  2438 I Mapcon  : MapconConfigImpl-0: KEY_CARRIER_WFC_IMS_AVAILABLE_BOOL is false!!!!!!!!!!
04-09 17:22:45.448  1866  2438 D Mapcon  : MapconConfigImpl-0: enter reset
04-09 17:22:45.448  1866  2461 D Mapcon  : MapconConfigImpl-0: enter isConfigReady, Config State is not ready!!!
04-09 17:22:45.448  1866  2461 V Mapcon  : SMVoice-0-Normal: Switch in XML off No need SIM Adp !
04-09 17:22:45.448  1866  2461 D Mapcon  : SMVoice-0-Normal: usim ready,read carrierconfig delay
04-09 17:22:45.449  1866  2461 D Mapcon  : SMVoice-0-Normal: PrepareState,handled msg=1801
04-09 17:22:45.449  1866  2461 D Mapcon  : SMVoice-0-Normal: enter handleCarrierConfigChangedCnf
04-09 17:22:45.449  1866  2461 D Mapcon  : MapconConfigImpl-0: enter isConfigReady, Config State is not ready!!!
04-09 17:22:45.449  1866  2461 V Mapcon  : SMVoice-0-Normal: Switch in XML off No need SIM Adp !
04-09 17:22:45.449  1866  2461 D Mapcon  : SMVoice-0-Normal: usim ready,read carrierconfig delay
04-09 17:22:45.449  1866  2461 D Mapcon  : SMVoice-0-Normal: PrepareState,handled msg=1801
04-09 17:22:47.096 16452 16452 E adbd    : failed to connect to socket 'tcp:6666': Connection refused
04-09 17:22:48.414  1290  2056 I chatty  : uid=1000(system) Binder:1290_9 expire 7 lines
04-09 17:22:49.100 16452 16452 E adbd    : failed to connect to socket 'tcp:6666': Connection refused
04-09 17:22:49.791  1848  2762 I chatty  : uid=1000(system) HandleHighTempT expire 1 line
04-09 17:22:50.451  1866  2461 D Mapcon  : SMVoice-0-Normal: enter handleCarrierConfigChangedInd
04-09 17:22:50.452  1866  2461 D Mapcon  : SMVoice-0-Normal: PrepareState,handled msg=CMD_CARRIER_CONFIG_CHANGE_IND
04-09 17:22:50.452  1866  2461 D Mapcon  : SMVoice-0-Normal: enter handleCarrierConfigChangedInd
04-09 17:22:50.452  1866  2461 D Mapcon  : SMVoice-0-Normal: PrepareState,handled msg=CMD_CARRIER_CONFIG_CHANGE_IND
04-09 17:22:50.452  1866  2438 D Mapcon  : MapconConfigImpl-0: handleMessage, msg id=1800
04-09 17:22:50.452  1866  2438 D Mapcon  : MapconConfigImpl-0: enter handleCarrierConfigChangedInd
04-09 17:22:50.455  1866  2438 I Mapcon  : MapconConfigImpl-0: KEY_CARRIER_WFC_IMS_AVAILABLE_BOOL is false!!!!!!!!!!
04-09 17:22:50.455  1866  2438 D Mapcon  : MapconConfigImpl-0: enter reset
04-09 17:22:50.455  1866  2438 D Mapcon  : MapconConfigImpl-0: handleMessage, msg id=1800
04-09 17:22:50.455  1866  2438 D Mapcon  : MapconConfigImpl-0: enter handleCarrierConfigChangedInd
04-09 17:22:50.455  1866  2461 D Mapcon  : SMVoice-0-Normal: enter handleCarrierConfigChangedCnf
04-09 17:22:50.458  1866  2438 I Mapcon  : MapconConfigImpl-0: KEY_CARRIER_WFC_IMS_AVAILABLE_BOOL is false!!!!!!!!!!
04-09 17:22:50.458  1866  2438 D Mapcon  : MapconConfigImpl-0: enter reset
04-09 17:22:50.458  1866  2461 D Mapcon  : MapconConfigImpl-0: enter isConfigReady, Config State is not ready!!!
04-09 17:22:50.458  1866  2461 V Mapcon  : SMVoice-0-Normal: Switch in XML off No need SIM Adp !
04-09 17:22:50.458  1866  2461 D Mapcon  : SMVoice-0-Normal: usim ready,read carrierconfig delay
04-09 17:22:50.458  1866  2461 D Mapcon  : SMVoice-0-Normal: PrepareState,handled msg=1801
04-09 17:22:50.458  1866  2461 D Mapcon  : SMVoice-0-Normal: enter handleCarrierConfigChangedCnf
04-09 17:22:50.458  1866  2461 D Mapcon  : MapconConfigImpl-0: enter isConfigReady, Config State is not ready!!!
04-09 17:22:50.458  1866  2461 V Mapcon  : SMVoice-0-Normal: Switch in XML off No need SIM Adp !
04-09 17:22:50.458  1866  2461 D Mapcon  : SMVoice-0-Normal: usim ready,read carrierconfig delay
04-09 17:22:50.458  1866  2461 D Mapcon  : SMVoice-0-Normal: PrepareState,handled msg=1801
04-09 17:22:51.105 16452 16452 E adbd    : failed to connect to socket 'tcp:6666': Connection refused
04-09 17:22:53.111 16452 16452 E adbd    : failed to connect to socket 'tcp:6666': Connection refused
04-09 17:22:54.082  1290  5081 I chatty  : uid=1000(system) MobileQosDetect expire 11 lines
04-09 17:22:55.117 16452 16452 E adbd    : failed to connect to socket 'tcp:6666': Connection refused
04-09 17:22:55.461  1866  2461 D Mapcon  : SMVoice-0-Normal: enter handleCarrierConfigChangedInd
04-09 17:22:55.461  1866  2461 D Mapcon  : SMVoice-0-Normal: PrepareState,handled msg=CMD_CARRIER_CONFIG_CHANGE_IND
04-09 17:22:55.462  1866  2461 D Mapcon  : SMVoice-0-Normal: enter handleCarrierConfigChangedInd
04-09 17:22:55.462  1866  2461 D Mapcon  : SMVoice-0-Normal: PrepareState,handled msg=CMD_CARRIER_CONFIG_CHANGE_IND
04-09 17:22:55.462  1866  2438 D Mapcon  : MapconConfigImpl-0: handleMessage, msg id=1800
04-09 17:22:55.463  1866  2438 D Mapcon  : MapconConfigImpl-0: enter handleCarrierConfigChangedInd
04-09 17:22:55.468  1866  2438 I Mapcon  : MapconConfigImpl-0: KEY_CARRIER_WFC_IMS_AVAILABLE_BOOL is false!!!!!!!!!!
04-09 17:22:55.468  1866  2438 D Mapcon  : MapconConfigImpl-0: enter reset
04-09 17:22:55.468  1866  2438 D Mapcon  : MapconConfigImpl-0: handleMessage, msg id=1800
04-09 17:22:55.468  1866  2438 D Mapcon  : MapconConfigImpl-0: enter handleCarrierConfigChangedInd
04-09 17:22:55.469  1866  2461 D Mapcon  : SMVoice-0-Normal: enter handleCarrierConfigChangedCnf
04-09 17:22:55.472  1866  2438 I Mapcon  : MapconConfigImpl-0: KEY_CARRIER_WFC_IMS_AVAILABLE_BOOL is false!!!!!!!!!!
04-09 17:22:55.473  1866  2438 D Mapcon  : MapconConfigImpl-0: enter reset
04-09 17:22:55.473  1866  2461 D Mapcon  : MapconConfigImpl-0: enter isConfigReady, Config State is not ready!!!
04-09 17:22:55.473  1866  2461 V Mapcon  : SMVoice-0-Normal: Switch in XML off No need SIM Adp !
04-09 17:22:55.473  1866  2461 D Mapcon  : SMVoice-0-Normal: usim ready,read carrierconfig delay
04-09 17:22:55.473  1866  2461 D Mapcon  : SMVoice-0-Normal: PrepareState,handled msg=1801
04-09 17:22:55.473  1866  2461 D Mapcon  : SMVoice-0-Normal: enter handleCarrierConfigChangedCnf
04-09 17:22:55.474  1866  2461 D Mapcon  : MapconConfigImpl-0: enter isConfigReady, Config State is not ready!!!
04-09 17:22:55.474  1866  2461 V Mapcon  : SMVoice-0-Normal: Switch in XML off No need SIM Adp !
04-09 17:22:55.474  1866  2461 D Mapcon  : SMVoice-0-Normal: usim ready,read carrierconfig delay
04-09 17:22:55.474  1866  2461 D Mapcon  : SMVoice-0-Normal: PrepareState,handled msg=1801
04-09 17:22:57.122 16452 16452 E adbd    : failed to connect to socket 'tcp:6666': Connection refused
04-09 17:22:57.589   743   807 I storaged: storaged_t::event: storage_info refreshed.
04-09 17:22:59.127 16452 16452 E adbd    : failed to connect to socket 'tcp:6666': Connection refused
04-09 17:23:00.362   744   744 I chatty  : uid=1000(system) /system/bin/thermal-daemon expire 18 lines
04-09 17:23:00.477  1866  2461 D Mapcon  : SMVoice-0-Normal: enter handleCarrierConfigChangedInd
04-09 17:23:00.477  1866  2461 D Mapcon  : SMVoice-0-Normal: PrepareState,handled msg=CMD_CARRIER_CONFIG_CHANGE_IND
04-09 17:23:00.478  1866  2461 D Mapcon  : SMVoice-0-Normal: enter handleCarrierConfigChangedInd
04-09 17:23:00.478  1866  2461 D Mapcon  : SMVoice-0-Normal: PrepareState,handled msg=CMD_CARRIER_CONFIG_CHANGE_IND
04-09 17:23:00.478  1866  2438 D Mapcon  : MapconConfigImpl-0: handleMessage, msg id=1800
04-09 17:23:00.478  1866  2438 D Mapcon  : MapconConfigImpl-0: enter handleCarrierConfigChangedInd
04-09 17:23:00.482  1866  2438 I Mapcon  : MapconConfigImpl-0: KEY_CARRIER_WFC_IMS_AVAILABLE_BOOL is false!!!!!!!!!!
04-09 17:23:00.483  1866  2438 D Mapcon  : MapconConfigImpl-0: enter reset
04-09 17:23:00.483  1866  2438 D Mapcon  : MapconConfigImpl-0: handleMessage, msg id=1800
04-09 17:23:00.483  1866  2438 D Mapcon  : MapconConfigImpl-0: enter handleCarrierConfigChangedInd
04-09 17:23:00.483  1866  2461 D Mapcon  : SMVoice-0-Normal: enter handleCarrierConfigChangedCnf
04-09 17:23:00.487  1866  2438 I Mapcon  : MapconConfigImpl-0: KEY_CARRIER_WFC_IMS_AVAILABLE_BOOL is false!!!!!!!!!!
04-09 17:23:00.487  1866  2438 D Mapcon  : MapconConfigImpl-0: enter reset
04-09 17:23:00.487  1866  2461 D Mapcon  : MapconConfigImpl-0: enter isConfigReady, Config State is not ready!!!
04-09 17:23:00.487  1866  2461 V Mapcon  : SMVoice-0-Normal: Switch in XML off No need SIM Adp !
04-09 17:23:00.487  1866  2461 D Mapcon  : SMVoice-0-Normal: usim ready,read carrierconfig delay
04-09 17:23:00.488  1866  2461 D Mapcon  : SMVoice-0-Normal: PrepareState,handled msg=1801
04-09 17:23:00.488  1866  2461 D Mapcon  : SMVoice-0-Normal: enter handleCarrierConfigChangedCnf
04-09 17:23:00.488  1866  2461 D Mapcon  : MapconConfigImpl-0: enter isConfigReady, Config State is not ready!!!
04-09 17:23:00.488  1866  2461 V Mapcon  : SMVoice-0-Normal: Switch in XML off No need SIM Adp !
04-09 17:23:00.488  1866  2461 D Mapcon  : SMVoice-0-Normal: usim ready,read carrierconfig delay
04-09 17:23:00.488  1866  2461 D Mapcon  : SMVoice-0-Normal: PrepareState,handled msg=1801
04-09 17:23:00.806  7200  7200 E JankService: child Thread receive to stop
04-09 17:23:00.937   760   883 E JankService: all data read ok
04-09 17:23:01.131 16452 16452 E adbd    : failed to connect to socket 'tcp:6666': Connection refused
04-09 17:23:03.137 16452 16452 E adbd    : failed to connect to socket 'tcp:6666': Connection refused
04-09 17:23:03.199 18071 18185 E msgr.msys: E[N rtchannel]_rt_mqtt_publish_callback(356)=>Failed to publish the request over MQTT. token:b0c29a96-f254-4e46-aa97-03ef96c1ece7, category:mcd-sync-data-task-category, requestId:16214, error:Error Domain=mqtt Code=3008
04-09 17:23:03.200 18071 18183 E msgr.msys: E[S sync]_createResponseError(166)=>Network Response b0c29a96-f254-4e46-aa97-03ef96c1ece7 contains sync error Error Domain=mqtt Code=3008 - Underlying error (null): Error Domain=mqtt Code=3008
04-09 17:23:03.203 18071 18185 E msgr.msys: E[N rtchannel]_rt_mqtt_publish_callback(356)=>Failed to publish the request over MQTT. token:60059fa1-438a-4015-81dc-127c032228bc, category:mcd-sync-data-task-category, requestId:20686, error:Error Domain=mqtt Code=3008
04-09 17:23:03.212 18071 18183 E msgr.msys: E[S sync]_createResponseError(166)=>Network Response 60059fa1-438a-4015-81dc-127c032228bc contains sync error Error Domain=mqtt Code=3008 - Underlying error (null): Error Domain=mqtt Code=3008
04-09 17:23:03.222 18071 18183 W msgr.msys: W[S sync-state-machine]MCDSyncStateMachineScheduleDelayedRetry(173)=>skipping the new retry with longer delay
04-09 17:23:03.222 18071 18183 W msgr.msys: W[S sync]_scheduleNextCursorRetry(326)=>skipping delayed retry due to state machine state decision
04-09 17:23:03.796  1290  1417 I chatty  : uid=1000(system) UEventObserver expire 6 lines
04-09 17:23:03.827  1607  1607 I chatty  : uid=10043(com.huawei.HwMultiScreenShot) com.android.systemui expire 25 lines
04-09 17:23:03.839  2065  2065 D SmartChargeService: update voltage: 4288
04-09 17:23:05.143 16452 16452 E adbd    : failed to connect to socket 'tcp:6666': Connection refused
04-09 17:23:05.489  1866  2461 D Mapcon  : SMVoice-0-Normal: enter handleCarrierConfigChangedInd
04-09 17:23:05.490  1866  2461 D Mapcon  : SMVoice-0-Normal: PrepareState,handled msg=CMD_CARRIER_CONFIG_CHANGE_IND
04-09 17:23:05.490  1866  2461 D Mapcon  : SMVoice-0-Normal: enter handleCarrierConfigChangedInd
04-09 17:23:05.490  1866  2461 D Mapcon  : SMVoice-0-Normal: PrepareState,handled msg=CMD_CARRIER_CONFIG_CHANGE_IND
04-09 17:23:05.490  1866  2438 D Mapcon  : MapconConfigImpl-0: handleMessage, msg id=1800
