04-10 18:59:58.620  1283  1283 I ConfigurationNotification: Get device mode by ui mode:1 and smallestScreenWidthDp:392
04-10 18:59:58.622  2372  2788 I chatty  : uid=1000(system) SysUiBg expire 11 lines
04-10 18:59:58.624  1900  2020 D ActivityTrigger: ActivityTrigger activityStopTrigger 
04-10 18:59:58.624   616   780 I /vendor/bin/sscrpcd: vendor/qcom/proprietary/commonsys-intf/adsprpc/src/apps_std_imp.c:722: Successfully opened file /mnt/vendor/persist/sensors/registry/registry/../temp.json
04-10 18:59:58.623 20310 20310 D Launcher.RecommendController: folder display but only request when folder open
04-10 18:59:58.634  1900  2271 V UiModeManager: switch night mode to 1
04-10 18:59:58.642  1900  2754 I Timeline: Timeline: App_transition_ready time:45051267
04-10 18:59:58.644  1900  2754 I Timeline: Timeline: App_transition_ready time:45051269
04-10 18:59:58.652   815  7290 I chatty  : uid=1000(system) HwBinder:815_3 expire 38 lines
04-10 18:59:58.653 12867 12928 D Wth2:ToolUtils: getCallingPackageName callingPackageName: com.miui.home
04-10 18:59:58.653 12867 12928 D Wth2:ToolUtils: packageName: com.miui.home hasAccessProvider: true
04-10 18:59:58.653 12867 12928 D Wth2:WeatherProvider: WeatherProvider query match is:1
04-10 18:59:58.654 12867 12928 D Wth2:JobUtils: startUpdateJob(), is from jobschedule=false
04-10 18:59:58.655 12867 12928 D Wth2:ServiceJob: doMyJob()
04-10 18:59:58.656 12867 12928 D Wth2:ServiceJob: doMyJob()
04-10 18:59:58.656  1900  3532 D CompatibilityInfo: mCompatibilityFlags - 0
04-10 18:59:58.656  1900  3532 D CompatibilityInfo: applicationDensity - 440
04-10 18:59:58.656  1900  3532 D CompatibilityInfo: applicationScale - 1.0
04-10 18:59:58.656 12867 12928 D Wth2:RegionUtils: isInGDPRRegion=true
04-10 18:59:58.656 12867 12928 D Wth2:RemoteConfigUpdater: Region not supported
04-10 18:59:58.657 12867 13625 D Wth2:LocationUpdater: run() user don't agree to run
04-10 18:59:58.666   908  3257 I chatty  : uid=1000(system) Binder:908_5 expire 6 lines
04-10 18:59:58.666  1900  8595 I Timeline: Timeline: App_transition_ready time:45051291
04-10 18:59:58.666 12867 14905 D Wth2:WeatherUpdater: run() user don't agree to run
04-10 18:59:58.669   908   970 I chatty  : uid=1000(system) Binder:908_1 expire 3 lines
04-10 18:59:58.671  1900  2021 I Timeline: Timeline: App_transition_ready time:45051296
04-10 18:59:58.676  1900  1937 I Timeline: Timeline: App_transition_ready time:45051300
04-10 18:59:58.679  1900  1937 I Timeline: Timeline: App_transition_ready time:45051304
04-10 18:59:58.682  1900  2278 I MiuiNetworkPolicy: updateUidState uid = 10250, uidState = 16
04-10 18:59:58.682  1900  2278 I MiuiNetworkPolicy: updateUidState uid = 10095, uidState = 2
04-10 18:59:58.682  1900  2278 I MiuiNetworkPolicy: updateUidState uid = 10081, uidState = 4
04-10 18:59:58.690 20310 20310 D homeTest: compute scroll mLastScrollXInDraw:0
04-10 18:59:58.693  1900  2398 D PerfShielderService: com.android.systemui|com.android.systemui-Rou632739171|186|44933550225670|84|3|3
04-10 18:59:58.694  3496  5047 W MiuiPerfServiceClient: interceptAndQueuing:2372|com.android.systemui|186|84|unknown|null|com.android.systemui-Rou632739171|44933550225670|Slow handle traversal|3
04-10 18:59:58.694  1900  7330 I Timeline: Timeline: App_transition_ready time:45051319
04-10 18:59:58.696 20310 20310 D homeTest: compute scroll mLastScrollXInDraw:0
04-10 18:59:58.696 20310 20310 D ScreenView: dispatchDraw:0
04-10 18:59:58.696 20310 20310 D ScreenView: dispatchDraw:0
04-10 18:59:58.696 20310 20310 D homeTest: compute scroll mLastScrollXInDraw:0
04-10 18:59:58.696 20310 20310 D ScreenView: dispatchDraw:0
04-10 18:59:58.702   908   971 I chatty  : uid=1000(system) Binder:908_2 expire 8 lines
04-10 18:59:58.706  1900  7330 I Timeline: Timeline: App_transition_ready time:45051331
04-10 18:59:58.708   908  3208 I chatty  : uid=1000(system) Binder:908_4 expire 7 lines
04-10 18:59:58.708  1900  7330 I Timeline: Timeline: App_transition_ready time:45051333
04-10 18:59:58.711  1900  2754 I Timeline: Timeline: App_transition_ready time:45051336
04-10 18:59:58.714  1900  2021 I Timeline: Timeline: App_transition_ready time:45051339
04-10 18:59:58.719  1900  2398 I Timeline: Timeline: App_transition_ready time:45051344
04-10 18:59:58.724   908  1615 I chatty  : uid=1000(system) Binder:908_3 expire 4 lines
04-10 18:59:58.724  1900  2021 I Timeline: Timeline: App_transition_ready time:45051349
04-10 18:59:58.729  1900  2021 I Timeline: Timeline: App_transition_ready time:45051354
04-10 18:59:58.729  1900  2021 I Timeline: Timeline: Activity_windows_visible id: ActivityRecord{1f8fe4e u0 com.miui.home/.launcher.Launcher t3} time:45051354
04-10 18:59:58.730   908   971 I chatty  : uid=1000(system) Binder:908_2 expire 2 lines
04-10 18:59:58.730  1900  2021 I Timeline: Timeline: App_transition_ready time:45051355
04-10 18:59:58.731  1900  2021 I Timeline: Timeline: App_transition_ready time:45051356
04-10 18:59:58.735  1900  2754 I Timeline: Timeline: App_transition_ready time:45051360
04-10 18:59:58.737  2372  4672 I chatty  : uid=1000(system) Binder:2372_8 expire 2 lines
04-10 18:59:58.740  1900  2398 I Timeline: Timeline: App_transition_ready time:45051365
04-10 18:59:58.743 20310 20310 D Launcher.Lifecycle: onWindowFocusChanged:true,UserHandle{0},569707e,false
04-10 18:59:58.743 20310 20310 D Launcher_UnlockAnimationStateMachine: onWindowFocus:IDLE
04-10 18:59:58.749   908  3257 I chatty  : uid=1000(system) Binder:908_5 expire 1 line
04-10 18:59:58.750  1006  1006 W ThreadPoolDumper: Queue length for executor EventBus is now 11. Perhaps some tasks are too long, or the pool is too small.
04-10 18:59:58.756  1900  8595 I Timeline: Timeline: App_transition_ready time:45051381
04-10 18:59:58.758  1900  2398 I Timeline: Timeline: App_transition_ready time:45051382
04-10 18:59:58.763   908   970 I chatty  : uid=1000(system) Binder:908_1 expire 2 lines
04-10 18:59:58.765  1900  2754 I Timeline: Timeline: App_transition_ready time:45051390
04-10 18:59:58.768  1900  3532 I Timeline: Timeline: App_transition_ready time:45051393
04-10 18:59:58.779  1900  2754 D CompatibilityInfo: mCompatibilityFlags - 0
04-10 18:59:58.779  1900  2754 D CompatibilityInfo: applicationDensity - 440
04-10 18:59:58.779  1900  2754 D CompatibilityInfo: applicationScale - 1.0
04-10 18:59:58.783  1900  2021 I Timeline: Timeline: App_transition_ready time:45051408
04-10 18:59:58.788  1900  2021 I Timeline: Timeline: App_transition_ready time:45051413
04-10 18:59:58.792   908  3257 I chatty  : uid=1000(system) Binder:908_5 expire 1 line
04-10 18:59:58.811  1900  2754 D CompatibilityInfo: mCompatibilityFlags - 0
04-10 18:59:58.811  1900  2754 D CompatibilityInfo: applicationDensity - 440
04-10 18:59:58.811  1900  2754 D CompatibilityInfo: applicationScale - 1.0
04-10 18:59:58.831  1900  3532 D CompatibilityInfo: mCompatibilityFlags - 0
04-10 18:59:58.831  1900  3532 D CompatibilityInfo: applicationDensity - 440
04-10 18:59:58.831  1900  3532 D CompatibilityInfo: applicationScale - 1.0
04-10 18:59:58.835  1006  1484 I MicroDataManager: Hotword configuration not present for the given locale hu-HU
04-10 18:59:58.837  8675  8837 I Icing   : IndexChimeraService.getServiceInterface callingPackage=com.google.android.googlequicksearchbox componentName=null serviceId=36
04-10 18:59:58.839  1900  2754 I Timeline: Timeline: App_transition_ready time:45051463
04-10 18:59:58.853  1900  2754 D CompatibilityInfo: mCompatibilityFlags - 0
04-10 18:59:58.853  1900  2754 D CompatibilityInfo: applicationDensity - 440
04-10 18:59:58.853  1900  2754 D CompatibilityInfo: applicationScale - 1.0
04-10 18:59:58.865  8675  8763 W Icing   : No valid account for uploading user actions
04-10 18:59:58.878  1900  3541 D CompatibilityInfo: mCompatibilityFlags - 0
04-10 18:59:58.878  1900  3541 D CompatibilityInfo: applicationDensity - 440
04-10 18:59:58.878  1900  3541 D CompatibilityInfo: applicationScale - 1.0
04-10 18:59:58.880  8675  8675 D BoundBrokerSvc: onBind: Intent { act=com.google.android.gms.feedback.internal.IFeedbackService cmp=com.google.android.gms/.chimera.GmsBoundBrokerService }
04-10 18:59:58.880  8675  8675 D BoundBrokerSvc: Loading bound service for intent: Intent { act=com.google.android.gms.feedback.internal.IFeedbackService cmp=com.google.android.gms/.chimera.GmsBoundBrokerService }
04-10 18:59:58.892  1900  3532 I Timeline: Timeline: App_transition_ready time:45051517
04-10 18:59:58.893  1900  3532 I Timeline: Timeline: App_transition_ready time:45051518
04-10 18:59:58.899  1900  3541 D CompatibilityInfo: mCompatibilityFlags - 0
04-10 18:59:58.899  1900  3541 D CompatibilityInfo: applicationDensity - 440
04-10 18:59:58.899  1900  3541 D CompatibilityInfo: applicationScale - 1.0
04-10 18:59:58.907  8675  8763 I Icing   : Usage reports ok 2, Failed Usage reports 0, indexed 0, rejected 0
04-10 18:59:58.911  1900  2398 D CompatibilityInfo: mCompatibilityFlags - 0
04-10 18:59:58.911  1900  2398 D CompatibilityInfo: applicationDensity - 440
04-10 18:59:58.911  1900  2398 D CompatibilityInfo: applicationScale - 1.0
04-10 18:59:58.911   815   763 I chatty  : uid=1000(system) HwBinder:815_5 expire 9 lines
04-10 18:59:58.919  8675  8831 I Icing   : IndexChimeraService.getServiceInterface callingPackage=com.google.android.gms componentName=null serviceId=30
04-10 18:59:58.926  8675  8763 W Icing   : No valid account for uploading user actions
04-10 18:59:58.929  1900  2021 I Timeline: Timeline: App_transition_ready time:45051554
04-10 18:59:58.930  1006  1006 I BgTaskExecutorImpl: Starting EXCLUSIVE background task TNG_MINUS_ONE_SYNC.
04-10 18:59:58.932  1900  2021 I Timeline: Timeline: App_transition_stopped time:45051556
04-10 18:59:58.932  1006  1006 I BgTaskExecutorImpl: Starting EXCLUSIVE background task TNG_VOICE_SEARCH_SYNC.
04-10 18:59:58.932  1900  2021 I WindowManager: Screen frozen for +495ms due to Window{b4717e6 u0 com.miui.home/com.miui.home.launcher.Launcher}
04-10 18:59:58.933  1900  2261 V InputDispatcher: Asynchronous input event injection succeeded.
04-10 18:59:58.938   908   971 I chatty  : uid=1000(system) Binder:908_2 expire 4 lines
04-10 18:59:58.944  8675  8763 I Icing   : Usage reports ok 0, Failed Usage reports 0, indexed 0, rejected 0
04-10 18:59:58.957  1006  1484 I MicroDetectionState: Should stop hotword detection immediately - true
04-10 18:59:58.960  1006  1163 E MDD     : DownloadProgressMonitor: Can't find file group for uri: android://com.google.android.googlequicksearchbox/files/sharedminusonemodule/shared/SharedMinusOneData.pb.tmp
04-10 18:59:58.964  1006  1484 I MicroDetectionState: Should stop hotword detection immediately - true
04-10 18:59:58.968  1006  1484 I TngMinusOneSync: Syncing TNG:-1
04-10 18:59:58.969  1006  1484 I TngVoiceSearchSync: Syncing TNG:VoiceSearch
04-10 18:59:58.973   908   908 I chatty  : uid=1000(system) surfaceflinger expire 150 lines
04-10 18:59:58.984   908   970 I chatty  : uid=1000(system) Binder:908_1 expire 2 lines
04-10 18:59:59.010   815   763 I /vendor/bin/hw/vendor.qti.hardware.servicetracker@1.1-service: unbindService is called for service : com.google.android.googlequicksearchbox/com.google.android.apps.gsa.tasks.BackgroundTasksJobService and for client system
04-10 18:59:59.010   815   763 I /vendor/bin/hw/vendor.qti.hardware.servicetracker@1.1-service: size of service connections for service: com.google.android.googlequicksearchbox/com.google.android.apps.gsa.tasks.BackgroundTasksJobServiceafter removal is 0
04-10 18:59:59.010   815   763 I /vendor/bin/hw/vendor.qti.hardware.servicetracker@1.1-service: size of client connections for client: systemafter removal is 23
04-10 18:59:59.011   815   763 I /vendor/bin/hw/vendor.qti.hardware.servicetracker@1.1-service: destroyService is called for service : com.google.android.googlequicksearchbox/com.google.android.apps.gsa.tasks.BackgroundTasksJobService
04-10 18:59:59.016   908   971 I chatty  : uid=1000(system) Binder:908_2 expire 1 line
04-10 18:59:59.020   908  3257 I chatty  : uid=1000(system) Binder:908_5 expire 2 lines
04-10 18:59:59.039   908  1615 I chatty  : uid=1000(system) Binder:908_3 expire 1 line
04-10 18:59:59.043 20310 20310 E Launcher: changeViewByFsGestureState,  view=FitSystemWindowView,  alpha=1.0,  scale=1.0
04-10 18:59:59.044 20310 20310 E Launcher: changeViewByFsGestureState,  view=ShortcutMenuLayer,  alpha=1.0,  scale=1.0
04-10 18:59:59.055   908   908 I chatty  : uid=1000(system) surfaceflinger expire 1 line
04-10 18:59:59.072   908   908 W HwcComposer: command 0x4080000 generated error 4
04-10 18:59:59.073   908   971 D BufferQueueLayer: Launcher new frame Arrived
04-10 18:59:59.081  1900  2278 I MiuiNetworkPolicy: updateUidState uid = 10192, uidState = 0
04-10 18:59:59.091   908   908 W HwcComposer: command 0x4080000 generated error 4
04-10 18:59:59.091   908   908 W HwcComposer: command 0x4080000 generated error 4
04-10 18:59:59.091   908  1615 D BufferQueueLayer: Launcher new frame Arrived
04-10 18:59:59.108   908   908 W HwcComposer: command 0x4080000 generated error 4
04-10 18:59:59.108   908   908 W HwcComposer: command 0x4080000 generated error 4
04-10 18:59:59.115   908  1615 D BufferQueueLayer: Launcher new frame Arrived
04-10 18:59:59.123   908   908 W HwcComposer: command 0x4080000 generated error 4
04-10 18:59:59.124   908   908 W HwcComposer: command 0x4080000 generated error 4
04-10 18:59:59.126   908  3257 D BufferQueueLayer: Launcher new frame Arrived
04-10 18:59:59.141   908   908 W HwcComposer: command 0x4080000 generated error 4
04-10 18:59:59.141   908   908 W HwcComposer: command 0x4080000 generated error 4
04-10 18:59:59.141   908  1615 D BufferQueueLayer: Launcher new frame Arrived
04-10 18:59:59.157   908   908 W HwcComposer: command 0x4080000 generated error 4
04-10 18:59:59.157   908   908 W HwcComposer: command 0x4080000 generated error 4
04-10 18:59:59.158   908  3257 D BufferQueueLayer: Launcher new frame Arrived
04-10 18:59:59.172   908   908 W HwcComposer: command 0x4080000 generated error 4
04-10 18:59:59.172   908   908 W HwcComposer: command 0x4080000 generated error 4
04-10 18:59:59.173   908  3257 D BufferQueueLayer: Launcher new frame Arrived
04-10 18:59:59.189   908   908 W HwcComposer: command 0x4080000 generated error 4
04-10 18:59:59.189   908   908 W HwcComposer: command 0x4080000 generated error 4
04-10 18:59:59.189   908   970 D BufferQueueLayer: Launcher new frame Arrived
04-10 18:59:59.206   908   908 W HwcComposer: command 0x4080000 generated error 4
04-10 18:59:59.207   908   908 W HwcComposer: command 0x4080000 generated error 4
04-10 18:59:59.211   908   970 D BufferQueueLayer: Launcher new frame Arrived
04-10 18:59:59.225   908   908 W HwcComposer: command 0x4080000 generated error 4
04-10 18:59:59.225   908   908 W HwcComposer: command 0x4080000 generated error 4
04-10 18:59:59.228   908   970 D BufferQueueLayer: Launcher new frame Arrived
04-10 18:59:59.241   908   908 W HwcComposer: command 0x4080000 generated error 4
04-10 18:59:59.241   908   908 W HwcComposer: command 0x4080000 generated error 4
04-10 18:59:59.245   908   970 D BufferQueueLayer: Launcher new frame Arrived
04-10 18:59:59.257   908   908 W HwcComposer: command 0x4080000 generated error 4
04-10 18:59:59.291   908   908 W HwcComposer: command 0x4080000 generated error 4
04-10 18:59:59.329   908   971 D Layer   : ---setAlpha Launcher=0.000000
04-10 18:59:59.329   908   971 D Layer   : ---setAlpha Launcher=1.000000
04-10 18:59:59.504 13859 14188 D UE4     : *** JavaEnvDestructor: 14188
04-10 18:59:59.506 13859 14189 D UE4     : *** JavaEnvDestructor: 14189
04-10 18:59:59.507 13859 14187 D UE4     : *** JavaEnvDestructor: 14187
04-10 18:59:59.647 13859 14200 D UE4     : *** JavaEnvDestructor: 14200
04-10 18:59:59.649 13859 14199 D UE4     : *** JavaEnvDestructor: 14199
04-10 18:59:59.760  1900  2278 I MiuiNetworkPolicy: updateUidState uid = 10081, uidState = 16
04-10 18:59:59.892  2372  2859 I chatty  : uid=1000(system) SysUiNetBg expire 7 lines
04-10 18:59:59.925  2372  2372 I chatty  : uid=1000(system) com.android.systemui expire 8 lines
04-10 18:59:59.927  4023  4071 W .location.fuse: Reducing the number of considered missed Gc histogram windows from 956 to 100
04-10 18:59:59.959  1900  7330 D PerfShielderService: com.android.systemui|StatusBar|436|45051644790260|166|0|5
04-10 18:59:59.961  3496  5047 W MiuiPerfServiceClient: interceptAndQueuing:2372|com.android.systemui|436|166|unknown|null|StatusBar|45051644790260|Slow main thread|5
04-10 19:00:00.000  1900  2255 D AlarmManager: Triggering alarm #0: Alarm{b411fa1 type 3 when 977828031 android}
04-10 19:00:00.038   908   970 D BufferQueueLayer: Launcher new frame Arrived
04-10 19:00:00.051   908   971 D BufferQueueLayer: Launcher new frame Arrived
04-10 19:00:00.089 13859 14208 D UE4     : [2021.04.10-17.00.00:089][542]LogTcpMessaging: Lost node '2C1BB249411F8A9F835DCAB27D482F53' on connection '127.0.0.1:42643'...
04-10 19:00:00.090 13859 14208 D UE4     : *** JavaEnvDestructor: 14208
04-10 19:00:00.226 13859 14098 D UE4     : [2021.04.10-17.00.00:225][542]LogCore: Display: AppLifetime: Application will deactivate
04-10 19:00:00.226 13859 14098 D UE4     : [GameActivity] Unregistering volume receiver
04-10 19:00:00.229 13859 14098 D UE4     : [GameActivity] Unregistering battery receiver
04-10 19:00:00.231 13859 14098 D UE4     : [GameActivity] Unregistering headset receiver
04-10 19:00:00.234 13859 14098 D UE4     : [2021.04.10-17.00.00:234][542]LogCore: Display: AppLifetime: Application will enter background
04-10 19:00:00.234 13859 14098 D UE4     : [2021.04.10-17.00.00:234][542]LogTemp: Android pause audio
04-10 19:00:00.236 13859 14098 D UE4     : [2021.04.10-17.00.00:235][542]LogAudioMixerAndroid: Display: Suspending android audio renderer
04-10 19:00:00.236 13859 14098 D         : PlayerBase::pause() from IPlayer
04-10 19:00:00.237   902  2300 E AudioFlinger: open /proc/13859/cmdline error
04-10 19:00:00.237   902  2300 I AudioFlinger: setAppName(), name=[], active=[0]
04-10 19:00:00.237   776  1571 V EffectMiSound: MiSound_command() start, cmdCode=24
04-10 19:00:00.238   776  1571 V EffectMiSound: MiSound_Command EFFECT_CMD_SET_APP_NAME: stream=3, name=-
04-10 19:00:00.238 13859 14098 D UE4     : [2021.04.10-17.00.00:238][542]LogTemp: Android release microphone
04-10 19:00:00.240 13859 14099 D UE4     : [2021.04.10-17.00.00:239][542]LogAndroid: Blocking renderer on invalid window.
04-10 19:00:00.240 13859 14099 D UE4     : [2021.04.10-17.00.00:240][542]LogAndroid: Waiting for renderer to encounter blocking command.
04-10 19:00:00.240 13859 14181 D UE4     : [2021.04.10-17.00.00:240][542]LogAndroid: Blocking renderer
04-10 19:00:00.242 13859 14099 D UE4     : LogAndroidEvents::EnqueueAppEvent : 13, [width=-1, height=-1], tid = 14099, APP_EVENT_STATE_APP_SUSPENDED
04-10 19:00:00.243 13859 14099 D UE4     : [2021.04.10-17.00.00:243][542]LogAndroid: Case APP_CMD_LOST_FOCUS
04-10 19:00:00.243 13859 14099 D UE4     : LogAndroidEvents::EnqueueAppEvent : 10, [width=-1, height=-1], tid = 14099, APP_EVENT_STATE_WINDOW_LOST_FOCUS
04-10 19:00:00.243 13859 14099 D UE4     : Case APP_CMD_TERM_WINDOW, tid = 14099
04-10 19:00:00.243 13859 14099 D UE4     : [2021.04.10-17.00.00:243][542]LogAndroid: Case APP_CMD_TERM_WINDOW
04-10 19:00:00.243 13859 14099 D UE4     : LogAndroidEvents::EnqueueAppEvent : 3, [width=-1, height=-1], tid = 14099, APP_EVENT_STATE_WINDOW_DESTROYED
04-10 19:00:00.263 13859 14098 D UE4     : [2021.04.10-17.00.00:263][543]LogAndroidEvents: Display: LogAndroidEvents::DequeueAppEvent : 13, [width=-1, height=-1], APP_EVENT_STATE_APP_SUSPENDED
04-10 19:00:00.263 13859 14098 D UE4     : FAppEventManager::Tick processing, 13
04-10 19:00:00.263 13859 14098 D UE4     : Execution will be paused...
04-10 19:00:00.264 13859 14098 D UE4     : [2021.04.10-17.00.00:263][543]LogAndroidEvents: Display: LogAndroidEvents::DequeueAppEvent : 10, [width=-1, height=-1], APP_EVENT_STATE_WINDOW_LOST_FOCUS
04-10 19:00:00.264 13859 14098 D UE4     : FAppEventManager::Tick processing, 10
04-10 19:00:00.264 13859 14098 D UE4     : [2021.04.10-17.00.00:264][543]LogAndroidEvents: Display: LogAndroidEvents::DequeueAppEvent : 3, [width=-1, height=-1], APP_EVENT_STATE_WINDOW_DESTROYED
04-10 19:00:00.264 13859 14098 D UE4     : FAppEventManager::Tick processing, 3
04-10 19:00:00.264 13859 14098 D UE4     : APP_EVENT_STATE_WINDOW_DESTROYED, 0, 0, 0
04-10 19:00:00.264 13859 14098 D UE4     : FAppEventManager::Tick EventHandlerEvent Wait 
04-10 19:00:00.264 13859 14098 D UE4     : FAppEventManager::Tick EventHandlerEvent DONE Wait 
04-10 19:00:00.286 13859 13859 D UE4     : [GameActivity] ==============> GameActive.onTrimMemory(TRIM_MEMORY_UI_HIDDEN) called!
04-10 19:00:00.294 13859 13859 W Looper  : Slow Looper MainThread-UE4: Long Msg: seq=1369 plan=18:59:58.633  late=1ms wall=1652ms running=15ms runnable=10ms h=android.view.Choreographer$FrameHandler c=android.view.Choreographer$FrameDisplayEventReceiver
04-10 19:00:00.276   902   902 W AudioOut_D: type=1400 audit(0.0:109001): avc: denied { connectto } for path="/dev/socket/logd" scontext=u:r:audioserver:s0 tcontext=u:r:logd:s0 tclass=unix_stream_socket permissive=0
04-10 19:00:00.298  1900  2073 D ProcessManager: add temp remove audio inactive uid : 10250
04-10 19:00:00.300 13859 13859 D UE4     : [GameActivity] ==============> GameActive.onStop complete!
04-10 19:00:00.301 13859 14099 D UE4     : [2021.04.10-17.00.00:300][543]LogAndroid: Case APP_CMD_STOP
04-10 19:00:00.301 13859 14099 D UE4     : LogAndroidEvents::EnqueueAppEvent : 8, [width=-1, height=-1], tid = 14099, APP_EVENT_STATE_ON_STOP
04-10 19:00:00.302 13859 14099 D UE4     : [2021.04.10-17.00.00:302][543]LogAndroid: Case APP_CMD_SAVE_STATE
04-10 19:00:00.303 13859 14099 D UE4     : LogAndroidEvents::EnqueueAppEvent : 12, [width=-1, height=-1], tid = 14099, APP_EVENT_STATE_SAVE_STATE
04-10 19:00:00.306 13859 13859 W Looper  : Slow Looper MainThread-UE4: Activity com.YourCompany.EndlessRunner/com.epicgames.ue4.GameActivity is 1663ms late (wall=10ms running=6ms ClientTransaction{ lifecycleRequest=android.app.servertransaction.StopActivityItem }) because of 2 msg, msg 1 took 1652ms (seq=1369 running=15ms runnable=10ms late=1ms h=android.view.Choreographer$FrameHandler c=android.view.Choreographer$FrameDisplayEventReceiver)
04-10 19:00:00.306 13859 13859 D UE4     : [GameActivity] === Restoring Transparent Bars due to Visibility Change ===
04-10 19:00:00.306 13859 13859 D UE4     : [GameActivity] === Restoring Transparent Bars ===
04-10 19:00:00.310 13859 13859 V UE4     : [GameApp] App in background
04-10 19:00:00.325   776  7508 D audio_hw_primary: out_set_parameters: enter: usecase(1: low-latency-playback) kvpairs: suspend_playback=true
04-10 19:00:00.326   776  7508 D audio_hw_extn: audio_extn_fm_set_parameters: Enter
04-10 19:00:00.326   776  7508 D audio_hw_hfp: hfp_set_parameters: enter
04-10 19:00:00.327   902  1035 D APM_AudioPolicyManager: stopOutput portId 45
04-10 19:00:00.327   902  1035 D APM_AudioPolicyManager: getNewOutputDevices selected devices AUDIO_DEVICE_NONE
04-10 19:00:00.329   776  7508 D msm8974_platform: platform_split_snd_device: snd_device(2) num devices(1) new_snd_devices(0)
04-10 19:00:00.329   776  7508 D ACDB-LOADER: ACDB -> send_audvoltable
04-10 19:00:00.329   776  7508 D ACDB-LOADER: ACDB -> ACDB_CMD_GET_AUDPROC_INSTANCE_GAIN_DEP_STEP_TABLE_SIZE
04-10 19:00:00.329   776  7508 D         : Failed to fetch the lookup information of the device 0000271B 
04-10 19:00:00.329   776  7508 D ACDB-LOADER: Error: ACDB_CMD_GET_AUDPROC_INSTANCE_GAIN_DEP_STEP_TABLE_SIZE Returned = -19
04-10 19:00:00.329   776  7508 D ACDB-LOADER: ACDB -> ACDB_CMD_GET_AUDPROC_INSTANCE_GAIN_DEP_STEP_TABLE, vol index 0
04-10 19:00:00.329   776  7508 D         : Failed to fetch the lookup information of the device 0000271B 
04-10 19:00:00.329   776  7508 D ACDB-LOADER: Error: ACDB AudProc vol returned = -19
04-10 19:00:00.329   776  7508 D ACDB-LOADER: ACDB -> AUDIO_SET_VOL_CAL cal type = 40
04-10 19:00:00.329   776  7508 W msm8974_platform: platform_send_gain_dep_cal: Usecase list is empty
04-10 19:00:00.372 13859 14098 D UE4     : [2021.04.10-17.00.00:372][543]LogAndroidEvents: Display: LogAndroidEvents::DequeueAppEvent : 8, [width=-1, height=-1], APP_EVENT_STATE_ON_STOP
04-10 19:00:00.372 13859 14098 D UE4     : FAppEventManager::Tick processing, 8
04-10 19:00:00.373 13859 14098 D UE4     : [2021.04.10-17.00.00:372][543]LogAndroidEvents: Display: LogAndroidEvents::DequeueAppEvent : 12, [width=-1, height=-1], APP_EVENT_STATE_SAVE_STATE
04-10 19:00:00.373 13859 14098 D UE4     : FAppEventManager::Tick processing, 12
04-10 19:00:00.373 13859 14098 D UE4     : FAppEventManager::Tick EventHandlerEvent Wait 
04-10 19:00:00.373 13859 14098 D UE4     : FAppEventManager::Tick EventHandlerEvent DONE Wait 
04-10 19:00:00.505 13859 14098 D UE4     : FAppEventManager::Tick EventHandlerEvent Wait 
04-10 19:00:00.900  1900  2312 D ProcessManager: real remove inactive uid : 10250 flag : 1
04-10 19:00:01.086  2372  2859 I chatty  : uid=1000(system) SysUiNetBg expire 5 lines
04-10 19:00:01.091  2372  2372 I chatty  : uid=1000(system) com.android.systemui expire 7 lines
04-10 19:00:01.168  1900  2020 I system_server: Explicit concurrent copying GC freed 251720(9769KB) AllocSpace objects, 26(1524KB) LOS objects, 42% free, 32MB/56MB, paused 1.234ms total 229.340ms
04-10 19:00:01.326   776  1571 D audio_hw_primary: out_set_parameters: enter: usecase(1: low-latency-playback) kvpairs: suspend_playback=false
04-10 19:00:01.327   776  1571 D audio_hw_extn: audio_extn_fm_set_parameters: Enter
04-10 19:00:01.327   776  1571 D audio_hw_hfp: hfp_set_parameters: enter
04-10 19:00:01.330 20310 20310 D FeedSwipeController: touchState : 0 scrolling : false normalEditing : false WidgetThumbnailViewShowing : false UninstallDialogShowing : false isMinusScreenShowing: false
04-10 19:00:01.330 20310 20310 D FeedSwipeController: can not use
04-10 19:00:01.333 20310 20310 D Launcher.Workspace: Workspace touch down
04-10 19:00:01.333 20310 20310 D ScreenView: onIntercept:0.0
04-10 19:00:01.333 20310 20310 D ScreenView: not intercept
04-10 19:00:01.333 20310 21527 D ScreenElementRoot: pause
04-10 19:00:01.334 20310 20310 D Launcher.CellLayout: touch item:ShortcutInfo, id=26, itemType=0, user=UserHandle{0}, mIconType=0, pkgName=com.android.thememanager, className=com.android.thememanager.ThemeResourceTabActivity, screenId=1, container=-100, cellX=2, cellY=5, spanX=1, spanY=1, isLandscapePos=false
04-10 19:00:01.334 20310 20310 D Launcher.itemIcon: folmeDown
04-10 19:00:01.334 20310 20310 D miui_anim: prepare, from AnimState{mTag='from', mMaps=[0.{}, 1.{ViewProperty{mPropertyName='scaleY'}=StateValue{value=1.0, intValue = 0, enable=true}, ViewProperty{mPropertyName='scaleX'}=StateValue{value=1.0, intValue = 0, enable=true}}, 2.{}]}, to AnimState{mTag='myDown', mMaps=[0.{}, 1.{ViewProperty{mPropertyName='scaleY'}=StateValue{value=0.8, intValue = 0, enable=true}, ViewProperty{mPropertyName='scaleX'}=StateValue{value=0.8, intValue = 0, enable=true}}, 2.{}]}, oneTimeConfigs.length = 1, target = com.miui.home.launcher.ShortcutIcon{753e8d3 VFE...CL. ........ 541,1609-795,1908}(Témák)
04-10 19:00:01.334 20310 20310 D miui_anim: prepare, property = scaleY, global delay = 0, config = AnimConfig{, delay=0, ease=InterpolateEaseStyle{style=0, duration=350, factors=[0.9, 0.86]}, tintMethod = 0, relatedProperty=null}
04-10 19:00:01.335 20310 20310 D miui_anim: scaleY, fromValue = 1.0, toValue = 0.8
04-10 19:00:01.335 20310 20310 D miui_anim: prepare, property = scaleX, global delay = 0, config = AnimConfig{, delay=0, ease=InterpolateEaseStyle{style=0, duration=350, factors=[0.9, 0.86]}, tintMethod = 0, relatedProperty=null}
04-10 19:00:01.335 20310 20310 D miui_anim: scaleX, fromValue = 1.0, toValue = 0.8
04-10 19:00:01.335 20310 21527 I NotifierManager: onUnregister: miui.maml.NotifierManager$MultiBroadcastNotifier@3d6bfc6
04-10 19:00:01.335 20310 21527 I RenderThread: RenderThread paused, waiting for signal
04-10 19:00:01.339 20310 20310 D Launcher.itemIcon: folmeUp
04-10 19:00:01.340 20310 20310 D miui_anim: myDown end
04-10 19:00:01.340 20310 20310 D miui_anim: prepare, from AnimState{mTag='myDown', mMaps=[0.{}, 1.{ViewProperty{mPropertyName='scaleY'}=StateValue{value=1.0, intValue = 0, enable=true}, ViewProperty{mPropertyName='scaleX'}=StateValue{value=1.0, intValue = 0, enable=true}}, 2.{}]}, to AnimState{mTag='myUp', mMaps=[0.{}, 1.{ViewProperty{mPropertyName='scaleY'}=StateValue{value=1.0, intValue = 0, enable=true}, ViewProperty{mPropertyName='scaleX'}=StateValue{value=1.0, intValue = 0, enable=true}}, 2.{}]}, oneTimeConfigs.length = 1, target = com.miui.home.launcher.ShortcutIcon{753e8d3 VFE...CL. ...P..ID 541,1609-795,1908}(Témák)
04-10 19:00:01.340 20310 20310 D miui_anim: prepare, property = scaleY, global delay = 0, config = AnimConfig{, delay=0, ease=InterpolateEaseStyle{style=0, duration=350, factors=[0.9, 0.86]}, tintMethod = 0, relatedProperty=null}
04-10 19:00:01.340 20310 20310 D miui_anim: scaleY, fromValue = 1.0, toValue = 1.0, same value
04-10 19:00:01.340 20310 20310 D miui_anim: prepare, abandon scaleY for setValue failed
04-10 19:00:01.341 20310 20310 D miui_anim: prepare, property = scaleX, global delay = 0, config = AnimConfig{, delay=0, ease=InterpolateEaseStyle{style=0, duration=350, factors=[0.9, 0.86]}, tintMethod = 0, relatedProperty=null}
04-10 19:00:01.341 20310 20310 D miui_anim: scaleX, fromValue = 1.0, toValue = 1.0, same value
04-10 19:00:01.341 20310 20310 D miui_anim: prepare, abandon scaleX for setValue failed
04-10 19:00:01.346 20310 20310 D homeTest: compute scroll mLastScrollXInDraw:32
04-10 19:00:01.348 20310 20310 D ScreenView: dispatchDraw:32
04-10 19:00:01.350   908  3208 D BufferQueueLayer: Launcher new frame Arrived
04-10 19:00:01.353   908  3257 D BufferQueueLayer: Launcher new frame Arrived
04-10 19:00:01.358 20310 20310 D homeTest: compute scroll mLastScrollXInDraw:139
04-10 19:00:01.358 20310 20310 D ScreenView: dispatchDraw:139
04-10 19:00:01.363   908  3257 D BufferQueueLayer: Launcher new frame Arrived
04-10 19:00:01.366   776  1571 D audio_hw_primary: out_set_parameters: enter: usecase(1: low-latency-playback) kvpairs: suspend_playback=true
04-10 19:00:01.366   776  1571 D audio_hw_extn: audio_extn_fm_set_parameters: Enter
04-10 19:00:01.366   776  1571 D audio_hw_hfp: hfp_set_parameters: enter
04-10 19:00:01.374 20310 20310 D homeTest: compute scroll mLastScrollXInDraw:321
04-10 19:00:01.375 20310 20310 D ScreenView: dispatchDraw:321
04-10 19:00:01.383   908  3257 D BufferQueueLayer: Launcher new frame Arrived
04-10 19:00:01.392 20310 20310 D homeTest: compute scroll mLastScrollXInDraw:509
04-10 19:00:01.393 20310 20310 D ScreenView: dispatchDraw:509
04-10 19:00:01.400   908  3208 D BufferQueueLayer: Launcher new frame Arrived
04-10 19:00:01.403 20310 20310 D Launcher_dispatchTouchEvent: [motionEvent action:(rawX,rawY)]  00:01.329[0(666,4,1848,2)] 00:01.337[2(634,4,1842,7)] 00:01.357[2(527,5,1829,3)] 00:01.374[2(345,5,1830,9)] 00:01.391[2(157,8,1861,9)] 00:01.403[2(59,9,1877,2)] 00:01.403[1(59,9,1877,2)] 
04-10 19:00:01.403 20310 20310 D Launcher_Scrollto: [(rawX,rawY)|scrollX]  00:01.339[(634,4,1842,7)|x:32] 00:01.358[(527,5,1829,3)|x:139] 00:01.374[(345,5,1830,9)|x:321] 00:01.392[(157,8,1861,9)|x:509] 00:01.403[(59,9,1877,2)|x:606] 
04-10 19:00:01.403 20310 20310 D Launcher.Workspace: Workspace touch up or cancel
04-10 19:00:01.404 20310 20310 D ScreenView: on touch up
04-10 19:00:01.404 20310 20310 D ScreenView: snapByVelocity
04-10 19:00:01.404 20310 20310 D ScreenView: startScroll:1080
04-10 19:00:01.404 20310 20333 D Launcher: disableStatusBarClock:false
04-10 19:00:01.406  2372  2372 D StatusBar: disable<e i a s b h r c!s > disable2<q i n g r >
04-10 19:00:01.406  2372  2372 D StatusBarClock:  isNormalMode= true clock visible=true
04-10 19:00:01.408 20310 20310 D homeTest: compute scroll mLastScrollXInDraw:509
04-10 19:00:01.409 20310 20310 D ScreenView: dispatchDraw:509
04-10 19:00:01.410 20310 20310 D Launcher_WallpaperUtils: changeStatusBarMode:false
04-10 19:00:01.418   908  3257 D BufferQueueLayer: Launcher new frame Arrived
04-10 19:00:01.426 20310 20310 D homeTest: compute scroll mLastScrollXInDraw:670
04-10 19:00:01.427 20310 20310 D ScreenView: dispatchDraw:670
04-10 19:00:01.433   908  3208 D BufferQueueLayer: Launcher new frame Arrived
04-10 19:00:01.442 20310 20310 D homeTest: compute scroll mLastScrollXInDraw:786
04-10 19:00:01.443 20310 20310 D ScreenView: dispatchDraw:786
04-10 19:00:01.450   908  3208 D BufferQueueLayer: Launcher new frame Arrived
04-10 19:00:01.459 20310 20310 D homeTest: compute scroll mLastScrollXInDraw:878
04-10 19:00:01.460 20310 20310 D ScreenView: dispatchDraw:878
04-10 19:00:01.466   908   970 D BufferQueueLayer: Launcher new frame Arrived
04-10 19:00:01.476 20310 20310 D homeTest: compute scroll mLastScrollXInDraw:946
04-10 19:00:01.477 20310 20310 D ScreenView: dispatchDraw:946
04-10 19:00:01.484   908   970 D BufferQueueLayer: Launcher new frame Arrived
04-10 19:00:01.493 20310 20310 D homeTest: compute scroll mLastScrollXInDraw:995
04-10 19:00:01.494 20310 20310 D ScreenView: dispatchDraw:995
04-10 19:00:01.501   908  3257 D BufferQueueLayer: Launcher new frame Arrived
04-10 19:00:01.509 20310 20310 D homeTest: compute scroll mLastScrollXInDraw:1029
04-10 19:00:01.514 20310 20310 D ScreenView: dispatchDraw:1029
04-10 19:00:01.518   908  3257 D BufferQueueLayer: Launcher new frame Arrived
04-10 19:00:01.526 20310 20310 D homeTest: compute scroll mLastScrollXInDraw:1051
04-10 19:00:01.527 20310 20310 D ScreenView: dispatchDraw:1051
04-10 19:00:01.534   908   970 D BufferQueueLayer: Launcher new frame Arrived
04-10 19:00:01.542 20310 20310 D homeTest: compute scroll mLastScrollXInDraw:1067
04-10 19:00:01.544 20310 20310 D ScreenView: dispatchDraw:1067
04-10 19:00:01.548   908   970 D BufferQueueLayer: Launcher new frame Arrived
04-10 19:00:01.559 20310 20310 D homeTest: compute scroll mLastScrollXInDraw:1077
04-10 19:00:01.560 20310 20310 D ScreenView: dispatchDraw:1077
04-10 19:00:01.568   908  3208 D BufferQueueLayer: Launcher new frame Arrived
04-10 19:00:01.576 20310 20310 D homeTest: compute scroll mLastScrollXInDraw:1083
04-10 19:00:01.577 20310 20310 D ScreenView: dispatchDraw:1083
04-10 19:00:01.582   908  3257 D BufferQueueLayer: Launcher new frame Arrived
04-10 19:00:01.593 20310 20310 D homeTest: compute scroll mLastScrollXInDraw:1086
04-10 19:00:01.593 20310 20310 D ScreenView: dispatchDraw:1086
04-10 19:00:01.596   908  3257 D BufferQueueLayer: Launcher new frame Arrived
04-10 19:00:01.609 20310 20310 D homeTest: compute scroll mLastScrollXInDraw:1087
04-10 19:00:01.610 20310 20310 D ScreenView: dispatchDraw:1087
04-10 19:00:01.614   908   970 D BufferQueueLayer: Launcher new frame Arrived
04-10 19:00:01.626 20310 20310 D homeTest: compute scroll mLastScrollXInDraw:1088
04-10 19:00:01.626 20310 20310 D ScreenView: dispatchDraw:1088
04-10 19:00:01.631   908  3208 D BufferQueueLayer: Launcher new frame Arrived
04-10 19:00:01.643 20310 20310 D homeTest: compute scroll mLastScrollXInDraw:1087
04-10 19:00:01.643 20310 20310 D ScreenView: dispatchDraw:1087
04-10 19:00:01.647   908  3208 D BufferQueueLayer: Launcher new frame Arrived
04-10 19:00:01.659 20310 20310 D homeTest: compute scroll mLastScrollXInDraw:1087
04-10 19:00:01.660 20310 20310 D ScreenView: dispatchDraw:1087
04-10 19:00:01.664   908  3257 D BufferQueueLayer: Launcher new frame Arrived
04-10 19:00:01.693 20310 20310 D homeTest: compute scroll mLastScrollXInDraw:1085
04-10 19:00:01.693 20310 20310 D ScreenView: dispatchDraw:1085
04-10 19:00:01.697   908   971 D BufferQueueLayer: Launcher new frame Arrived
04-10 19:00:01.710 20310 20310 D homeTest: compute scroll mLastScrollXInDraw:1084
04-10 19:00:01.710 20310 20310 D ScreenView: dispatchDraw:1084
04-10 19:00:01.713   908  3208 D BufferQueueLayer: Launcher new frame Arrived
04-10 19:00:01.726 20310 20310 D homeTest: compute scroll mLastScrollXInDraw:1083
04-10 19:00:01.727 20310 20310 D ScreenView: dispatchDraw:1083
04-10 19:00:01.730   908  3208 D BufferQueueLayer: Launcher new frame Arrived
04-10 19:00:01.743 20310 20310 D homeTest: compute scroll mLastScrollXInDraw:1082
04-10 19:00:01.744 20310 20310 D ScreenView: dispatchDraw:1082
04-10 19:00:01.747   908  3208 D BufferQueueLayer: Launcher new frame Arrived
04-10 19:00:01.759 20310 20310 D homeTest: compute scroll mLastScrollXInDraw:1082
04-10 19:00:01.759 20310 20310 D ScreenView: dispatchDraw:1082
04-10 19:00:01.763   908   971 D BufferQueueLayer: Launcher new frame Arrived
04-10 19:00:01.793 20310 20310 D homeTest: compute scroll mLastScrollXInDraw:1081
04-10 19:00:01.793 20310 20310 D ScreenView: dispatchDraw:1081
04-10 19:00:01.797   908   970 D BufferQueueLayer: Launcher new frame Arrived
04-10 19:00:01.812   908   971 D BufferQueueLayer: Launcher new frame Arrived
04-10 19:00:01.826 20310 20310 D ScreenView: setCurrentScreenInner:1
04-10 19:00:01.827 20310 20310 D FancyDrawable: doResume:   [miui.maml.FancyDrawable@4b20451]
04-10 19:00:01.827 20310 20310 D MultipleRenderable: setPause: false miui.maml.FancyDrawable@4b20451
04-10 19:00:01.827 20310 20310 D RendererCore: self resume: miui.maml.RendererCore@99084af
04-10 19:00:01.827 20310 20310 D Launcher.RecommendController: folder display but only request when folder open
04-10 19:00:01.827 20310 20310 I chatty  : uid=10095(com.miui.home) identical 1 line
04-10 19:00:01.827 20310 20310 D Launcher.RecommendController: folder display but only request when folder open
04-10 19:00:01.827 20310 20310 D EventBus: No subscribers registered for event class com.miui.home.launcher.common.messages.CurrentScreenIdMessage
04-10 19:00:01.828 20310 20310 D EventBus: No subscribers registered for event class org.greenrobot.eventbus.NoSubscriberEvent
04-10 19:00:01.828 20310 20333 D Launcher: disableStatusBarClock:false
04-10 19:00:01.828 20310 20310 D homeTest: compute scroll mLastScrollXInDraw:1080
04-10 19:00:01.828 20310 21527 I RenderThread: RenderThread resumed
04-10 19:00:01.829 20310 21527 D ScreenElementRoot: resume
04-10 19:00:01.831 20310 21527 I NotifierManager: onRegister: miui.maml.NotifierManager$MultiBroadcastNotifier@3d6bfc6
04-10 19:00:01.833 20310 20310 D ScreenView: dispatchDraw:1080
04-10 19:00:01.839   908   970 D BufferQueueLayer: Launcher new frame Arrived
04-10 19:00:01.844 20310 20310 D Launcher_WallpaperUtils: changeStatusBarMode:false
04-10 19:00:01.846   908   970 D BufferQueueLayer: Launcher new frame Arrived
04-10 19:00:01.863   908  3208 D BufferQueueLayer: Launcher new frame Arrived
04-10 19:00:02.095  2372  2859 D MobileSignalController: updateDataType mSelectedDataTypeIcon[1]=2131232701, mSelectedDataActivityIndex=6
04-10 19:00:02.096  2372  2859 D TelephonyIcons: getSignalStrengthIcon: slot=1, inetCondition=1, level=5, roaming=false, signalstrength=SignalStrength:{mCdma=CellSignalStrengthCdma: cdmaDbm=2147483647 cdmaEcio=2147483647 evdoDbm=2147483647 evdoEcio=2147483647 evdoSnr=2147483647 miuiLevel=0 level=0,mGsm=CellSignalStrengthGsm: rssi=2147483647 ber=2147483647 mTa=2147483647 miuiLevel=0 mLevel=0,mWcdma=CellSignalStrengthWcdma: ss=2147483647 ber=2147483647 rscp=2147483647 ecno=2147483647 miuiLevel=0 level=0,mTdscdma=CellSignalStrengthTdscdma: rssi=2147483647 ber=2147483647 rscp=2147483647 miuiLevel=0 level=0,mLte=CellSignalStrengthLte: rssi=-61 rsrp=-88 rsrq=-11 rssnr=252 cqi=2147483647 ta=2147483647 miuiLevel=5 level=4,mNr=CellSignalStrengthNr:{ csiRsrp = 2147483647 csiRsrq = 2147483647 csiSinr = 2147483647 ssRsrp = 2147483647 ssRsrq = 2147483647 ssSinr = 2147483647 miuiLevel = 0 level = 0 },primary=CellSignalStrengthLte}
04-10 19:00:02.096  2372  2859 D TelephonyIcons: getDataActivity, slot=1, activity=0
04-10 19:00:02.097  2372  2859 D TelephonyIcons: null signal icon name: drawable/stat_sys_signal_null
04-10 19:00:02.097  2372  2859 D TelephonyIcons: getDataTypeIcon sub=1
04-10 19:00:02.098  2372  2372 D SignalClusterView: updateMobileTypeImage  0
04-10 19:00:02.099  2372  2372 I chatty  : uid=1000(system) com.android.systemui identical 2 lines
04-10 19:00:02.099  2372  2372 D SignalClusterView: updateMobileTypeImage  0
04-10 19:00:02.101 13148 13148 E adbd    : failed to connect to socket 'tcp:6666': Connection refused
04-10 19:00:02.117  2372  2372 D SignalClusterView: updateMobileTypeImage  0
04-10 19:00:02.117  2372  2372 I chatty  : uid=1000(system) com.android.systemui identical 1 line
04-10 19:00:02.118  2372  2372 D SignalClusterView: updateMobileTypeImage  0
04-10 19:00:02.128  2372  2859 D MobileSignalController: onSignalStrengthsChanged: SignalStrength:{mCdma=CellSignalStrengthCdma: cdmaDbm=2147483647 cdmaEcio=2147483647 evdoDbm=2147483647 evdoEcio=2147483647 evdoSnr=2147483647 miuiLevel=0 level=0,mGsm=CellSignalStrengthGsm: rssi=2147483647 ber=2147483647 mTa=2147483647 miuiLevel=0 mLevel=0,mWcdma=CellSignalStrengthWcdma: ss=2147483647 ber=2147483647 rscp=2147483647 ecno=2147483647 miuiLevel=0 level=0,mTdscdma=CellSignalStrengthTdscdma: rssi=2147483647 ber=2147483647 rscp=2147483647 miuiLevel=0 level=0,mLte=CellSignalStrengthLte: rssi=-63 rsrp=-88 rsrq=-9 rssnr=232 cqi=2147483647 ta=2147483647 miuiLevel=5 level=4,mNr=CellSignalStrengthNr:{ csiRsrp = 2147483647 csiRsrq = 2147483647 csiSinr = 2147483647 ssRsrp = 2147483647 ssRsrq = 2147483647 ssSinr = 2147483647 miuiLevel = 0 level = 0 },primary=CellSignalStrengthLte}
04-10 19:00:02.128  2372  2859 D NetworkController.MobileSignalController(1): 4G level = 5
04-10 19:00:02.140  2372  2859 D MobileSignalController: updateDataType mSelectedDataTypeIcon[1]=2131232701, mSelectedDataActivityIndex=6
04-10 19:00:02.140  2372  2859 D TelephonyIcons: getSignalStrengthIcon: slot=1, inetCondition=1, level=5, roaming=false, signalstrength=SignalStrength:{mCdma=CellSignalStrengthCdma: cdmaDbm=2147483647 cdmaEcio=2147483647 evdoDbm=2147483647 evdoEcio=2147483647 evdoSnr=2147483647 miuiLevel=0 level=0,mGsm=CellSignalStrengthGsm: rssi=2147483647 ber=2147483647 mTa=2147483647 miuiLevel=0 mLevel=0,mWcdma=CellSignalStrengthWcdma: ss=2147483647 ber=2147483647 rscp=2147483647 ecno=2147483647 miuiLevel=0 level=0,mTdscdma=CellSignalStrengthTdscdma: rssi=2147483647 ber=2147483647 rscp=2147483647 miuiLevel=0 level=0,mLte=CellSignalStrengthLte: rssi=-63 rsrp=-88 rsrq=-9 rssnr=232 cqi=2147483647 ta=2147483647 miuiLevel=5 level=4,mNr=CellSignalStrengthNr:{ csiRsrp = 2147483647 csiRsrq = 2147483647 csiSinr = 2147483647 ssRsrp = 2147483647 ssRsrq = 2147483647 ssSinr = 2147483647 miuiLevel = 0 level = 0 },primary=CellSignalStrengthLte}
04-10 19:00:02.140  2372  2859 D TelephonyIcons: getDataActivity, slot=1, activity=0
04-10 19:00:02.142  2372  2859 D TelephonyIcons: null signal icon name: drawable/stat_sys_signal_null
04-10 19:00:02.142  2372  2859 D TelephonyIcons: getDataTypeIcon sub=1
04-10 19:00:02.144  2372  2372 D SignalClusterView: updateMobileTypeImage  0
04-10 19:00:02.145  2372  2372 I chatty  : uid=1000(system) com.android.systemui identical 2 lines
04-10 19:00:02.145  2372  2372 D SignalClusterView: updateMobileTypeImage  0
04-10 19:00:02.146   815   763 I /vendor/bin/hw/vendor.qti.hardware.servicetracker@1.1-service: unbindService is called for service : com.google.android.gms/.chimera.PersistentDirectBootAwareApiService and for client com.google.android.ims
04-10 19:00:02.146   815   763 I /vendor/bin/hw/vendor.qti.hardware.servicetracker@1.1-service: size of service connections for service: com.google.android.gms/.chimera.PersistentDirectBootAwareApiServiceafter removal is 5
04-10 19:00:02.147   815   763 I /vendor/bin/hw/vendor.qti.hardware.servicetracker@1.1-service: size of client connections for client: com.google.android.imsafter removal is 0
04-10 19:00:02.164  2372  2372 D SignalClusterView: updateMobileTypeImage  0
04-10 19:00:02.164  2372  2372 I chatty  : uid=1000(system) com.android.systemui identical 1 line
04-10 19:00:02.165  2372  2372 D SignalClusterView: updateMobileTypeImage  0
04-10 19:00:02.266   790   790 W health@2.0-serv: type=1400 audit(0.0:109002): avc: denied { read } for name="type" dev="sysfs" ino=55297 scontext=u:r:hal_health_default:s0 tcontext=u:object_r:sysfs:s0 tclass=file permissive=0
04-10 19:00:02.289  2606  2606 D QtiCarrierConfigHelper: WARNING, no carrier configs on phone Id: 0
04-10 19:00:02.291  4140  4140 I BatteryInfoReceiver: ACTION_BATTERY_CHANGED
04-10 19:00:02.292  4645  4730 D PowerCheckerService: onBatteryChanged, mBatteryLevel = 48, status = 2, level = 48, plug = 2, scale = 100
04-10 19:00:02.292  2372  2372 D KeyguardUpdateMonitor: received broadcast android.intent.action.BATTERY_CHANGED
04-10 19:00:02.367   776  1571 D audio_hw_primary: out_set_parameters: enter: usecase(1: low-latency-playback) kvpairs: suspend_playback=false
04-10 19:00:02.367   776  1571 D audio_hw_extn: audio_extn_fm_set_parameters: Enter
04-10 19:00:02.367   776  1571 D audio_hw_hfp: hfp_set_parameters: enter
04-10 19:00:02.409   776  1571 D audio_hw_primary: out_set_parameters: enter: usecase(1: low-latency-playback) kvpairs: suspend_playback=true
04-10 19:00:02.409   776  1571 D audio_hw_extn: audio_extn_fm_set_parameters: Enter
04-10 19:00:02.409   776  1571 D audio_hw_hfp: hfp_set_parameters: enter
04-10 19:00:02.658 20310 20310 D FeedSwipeController: touchState : 0 scrolling : false normalEditing : false WidgetThumbnailViewShowing : false UninstallDialogShowing : false isMinusScreenShowing: false
04-10 19:00:02.658 20310 20310 D FeedSwipeController: can not use
04-10 19:00:02.660 20310 20310 D Launcher.Workspace: Workspace touch down
04-10 19:00:02.660 20310 20310 D ScreenView: onIntercept:0.0
04-10 19:00:02.660 20310 20310 D ScreenView: not intercept
04-10 19:00:02.660 20310 20310 D Launcher.CellLayout: touch item:ShortcutInfo, id=65, itemType=0, user=UserHandle{0}, mIconType=0, pkgName=com.YourCompany.EndlessRunner, className=com.epicgames.ue4.SplashActivity, screenId=2, container=-100, cellX=2, cellY=2, spanX=1, spanY=1, isLandscapePos=false
04-10 19:00:02.660 20310 21527 D ScreenElementRoot: pause
04-10 19:00:02.661 20310 20310 D Launcher.itemIcon: folmeDown
04-10 19:00:02.661 20310 20310 D miui_anim: prepare, from AnimState{mTag='from', mMaps=[0.{}, 1.{ViewProperty{mPropertyName='scaleY'}=StateValue{value=1.0, intValue = 0, enable=true}, ViewProperty{mPropertyName='scaleX'}=StateValue{value=1.0, intValue = 0, enable=true}}, 2.{}]}, to AnimState{mTag='myDown', mMaps=[0.{}, 1.{ViewProperty{mPropertyName='scaleY'}=StateValue{value=0.8, intValue = 0, enable=true}, ViewProperty{mPropertyName='scaleX'}=StateValue{value=0.8, intValue = 0, enable=true}}, 2.{}]}, oneTimeConfigs.length = 1, target = com.miui.home.launcher.ShortcutIcon{7e66db6 VFE...CL. ........ 541,694-795,993}(EndlessRunner)
04-10 19:00:02.661 20310 20310 D miui_anim: prepare, property = scaleY, global delay = 0, config = AnimConfig{, delay=0, ease=InterpolateEaseStyle{style=0, duration=350, factors=[0.9, 0.86]}, tintMethod = 0, relatedProperty=null}
04-10 19:00:02.661 20310 20310 D miui_anim: scaleY, fromValue = 1.0, toValue = 0.8
04-10 19:00:02.661 20310 20310 D miui_anim: prepare, property = scaleX, global delay = 0, config = AnimConfig{, delay=0, ease=InterpolateEaseStyle{style=0, duration=350, factors=[0.9, 0.86]}, tintMethod = 0, relatedProperty=null}
04-10 19:00:02.661 20310 20310 D miui_anim: scaleX, fromValue = 1.0, toValue = 0.8
04-10 19:00:02.662 20310 21527 I NotifierManager: onUnregister: miui.maml.NotifierManager$MultiBroadcastNotifier@3d6bfc6
04-10 19:00:02.662 20310 21527 I RenderThread: RenderThread paused, waiting for signal
04-10 19:00:02.670   908   971 D BufferQueueLayer: Launcher new frame Arrived
04-10 19:00:02.685   908   970 D BufferQueueLayer: Launcher new frame Arrived
04-10 19:00:02.701   908  3208 D BufferQueueLayer: Launcher new frame Arrived
04-10 19:00:02.718   908   970 D BufferQueueLayer: Launcher new frame Arrived
04-10 19:00:02.735   908  3208 D BufferQueueLayer: Launcher new frame Arrived
04-10 19:00:02.751   908   971 D BufferQueueLayer: Launcher new frame Arrived
04-10 19:00:02.768   908   971 I chatty  : uid=1000(system) Binder:908_2 identical 1 line
04-10 19:00:02.794   908   971 D BufferQueueLayer: Launcher new frame Arrived
04-10 19:00:02.813   908   970 D BufferQueueLayer: Launcher new frame Arrived
04-10 19:00:02.827   908   971 D BufferQueueLayer: Launcher new frame Arrived
04-10 19:00:02.839   908   971 I chatty  : uid=1000(system) Binder:908_2 identical 1 line
04-10 19:00:02.856   908   971 D BufferQueueLayer: Launcher new frame Arrived
04-10 19:00:02.872   908  3208 D BufferQueueLayer: Launcher new frame Arrived
04-10 19:00:02.889   908  3208 D BufferQueueLayer: Launcher new frame Arrived
04-10 19:00:02.907   908   970 D BufferQueueLayer: Launcher new frame Arrived
04-10 19:00:02.923   908   970 D BufferQueueLayer: Launcher new frame Arrived
04-10 19:00:02.939   908  3208 D BufferQueueLayer: Launcher new frame Arrived
04-10 19:00:02.956   908  3208 D BufferQueueLayer: Launcher new frame Arrived
04-10 19:00:02.979 20310 20310 D Launcher.CellLayout: updateCellOccupiedMarks, remove, ShortcutInfo, id=65, itemType=0, user=UserHandle{0}, mIconType=0, pkgName=com.YourCompany.EndlessRunner, className=com.epicgames.ue4.SplashActivity, screenId=2, container=-100, cellX=2, cellY=2, spanX=1, spanY=1, isLandscapePos=false
04-10 19:00:02.979 20310 20310 D EventBus: No subscribers registered for event class com.miui.home.launcher.common.messages.CellLayoutMessage
04-10 19:00:02.979 20310 20310 D EventBus: No subscribers registered for event class org.greenrobot.eventbus.NoSubscriberEvent
04-10 19:00:02.979 20310 20310 D Launcher.itemIcon: folmeUp
04-10 19:00:02.980 20310 20310 D miui_anim: myDown end
