04-09 17:16:34.355  1866  2438 I Mapcon  : MapconConfigImpl-0: KEY_CARRIER_WFC_IMS_AVAILABLE_BOOL is false!!!!!!!!!!
04-09 17:16:34.355  1866  2438 D Mapcon  : MapconConfigImpl-0: enter reset
04-09 17:16:34.355  1866  2438 D Mapcon  : MapconConfigImpl-0: handleMessage, msg id=1800
04-09 17:16:34.355  1866  2461 D Mapcon  : SMVoice-0-Normal: enter handleCarrierConfigChangedCnf
04-09 17:16:34.355  1866  2438 D Mapcon  : MapconConfigImpl-0: enter handleCarrierConfigChangedInd
04-09 17:16:34.359  1866  2438 I Mapcon  : MapconConfigImpl-0: KEY_CARRIER_WFC_IMS_AVAILABLE_BOOL is false!!!!!!!!!!
04-09 17:16:34.359  1866  2438 D Mapcon  : MapconConfigImpl-0: enter reset
04-09 17:16:34.359  1866  2461 D Mapcon  : MapconConfigImpl-0: enter isConfigReady, Config State is not ready!!!
04-09 17:16:34.359  1866  2461 V Mapcon  : SMVoice-0-Normal: Switch in XML off No need SIM Adp !
04-09 17:16:34.360  1866  2461 D Mapcon  : SMVoice-0-Normal: usim ready,read carrierconfig delay
04-09 17:16:34.360  1866  2461 D Mapcon  : SMVoice-0-Normal: PrepareState,handled msg=1801
04-09 17:16:34.360  1866  2461 D Mapcon  : SMVoice-0-Normal: enter handleCarrierConfigChangedCnf
04-09 17:16:34.360  1866  2461 D Mapcon  : MapconConfigImpl-0: enter isConfigReady, Config State is not ready!!!
04-09 17:16:34.360  1866  2461 V Mapcon  : SMVoice-0-Normal: Switch in XML off No need SIM Adp !
04-09 17:16:34.360  1866  2461 D Mapcon  : SMVoice-0-Normal: usim ready,read carrierconfig delay
04-09 17:16:34.360  1866  2461 D Mapcon  : SMVoice-0-Normal: PrepareState,handled msg=1801
04-09 17:16:34.957 15432 15442 E         : [ZeroHung]zrhung_get_config: Get config failed for wp[0x0008]
04-09 17:16:36.060 16452 16452 E adbd    : failed to connect to socket 'tcp:6666': Connection refused
04-09 17:16:38.065 16452 16452 E adbd    : failed to connect to socket 'tcp:6666': Connection refused
04-09 17:16:38.197  1848  1862 I chatty  : uid=1000(system) HeapTaskDaemon expire 3 lines
04-09 17:16:39.365  1866  2461 D Mapcon  : SMVoice-0-Normal: enter handleCarrierConfigChangedInd
04-09 17:16:39.366  1866  2461 D Mapcon  : SMVoice-0-Normal: PrepareState,handled msg=CMD_CARRIER_CONFIG_CHANGE_IND
04-09 17:16:39.366  1866  2438 D Mapcon  : MapconConfigImpl-0: handleMessage, msg id=1800
04-09 17:16:39.366  1866  2461 D Mapcon  : SMVoice-0-Normal: enter handleCarrierConfigChangedInd
04-09 17:16:39.366  1866  2438 D Mapcon  : MapconConfigImpl-0: enter handleCarrierConfigChangedInd
04-09 17:16:39.366  1866  2461 D Mapcon  : SMVoice-0-Normal: PrepareState,handled msg=CMD_CARRIER_CONFIG_CHANGE_IND
04-09 17:16:39.372  1866  2438 I Mapcon  : MapconConfigImpl-0: KEY_CARRIER_WFC_IMS_AVAILABLE_BOOL is false!!!!!!!!!!
04-09 17:16:39.372  1866  2438 D Mapcon  : MapconConfigImpl-0: enter reset
04-09 17:16:39.372  1866  2438 D Mapcon  : MapconConfigImpl-0: handleMessage, msg id=1800
04-09 17:16:39.372  1866  2461 D Mapcon  : SMVoice-0-Normal: enter handleCarrierConfigChangedCnf
04-09 17:16:39.372  1866  2438 D Mapcon  : MapconConfigImpl-0: enter handleCarrierConfigChangedInd
04-09 17:16:39.376  1866  2438 I Mapcon  : MapconConfigImpl-0: KEY_CARRIER_WFC_IMS_AVAILABLE_BOOL is false!!!!!!!!!!
04-09 17:16:39.376  1866  2438 D Mapcon  : MapconConfigImpl-0: enter reset
04-09 17:16:39.376  1866  2461 D Mapcon  : MapconConfigImpl-0: enter isConfigReady, Config State is not ready!!!
04-09 17:16:39.376  1866  2461 V Mapcon  : SMVoice-0-Normal: Switch in XML off No need SIM Adp !
04-09 17:16:39.377  1866  2461 D Mapcon  : SMVoice-0-Normal: usim ready,read carrierconfig delay
04-09 17:16:39.377  1866  2461 D Mapcon  : SMVoice-0-Normal: PrepareState,handled msg=1801
04-09 17:16:39.377  1866  2461 D Mapcon  : SMVoice-0-Normal: enter handleCarrierConfigChangedCnf
04-09 17:16:39.377  1866  2461 D Mapcon  : MapconConfigImpl-0: enter isConfigReady, Config State is not ready!!!
04-09 17:16:39.377  1866  2461 V Mapcon  : SMVoice-0-Normal: Switch in XML off No need SIM Adp !
04-09 17:16:39.377  1866  2461 D Mapcon  : SMVoice-0-Normal: usim ready,read carrierconfig delay
04-09 17:16:39.377  1866  2461 D Mapcon  : SMVoice-0-Normal: PrepareState,handled msg=1801
04-09 17:16:40.070 16452 16452 E adbd    : failed to connect to socket 'tcp:6666': Connection refused
04-09 17:16:41.883  6398  6398 E JankService: child Thread receive to stop
04-09 17:16:41.989   760   883 E JankService: all data read ok
04-09 17:16:42.076 16452 16452 E adbd    : failed to connect to socket 'tcp:6666': Connection refused
04-09 17:16:44.082 16452 16452 E adbd    : failed to connect to socket 'tcp:6666': Connection refused
04-09 17:16:44.379  1866  2461 D Mapcon  : SMVoice-0-Normal: enter handleCarrierConfigChangedInd
04-09 17:16:44.380  1866  2461 D Mapcon  : SMVoice-0-Normal: PrepareState,handled msg=CMD_CARRIER_CONFIG_CHANGE_IND
04-09 17:16:44.381  1866  2438 D Mapcon  : MapconConfigImpl-0: handleMessage, msg id=1800
04-09 17:16:44.381  1866  2461 D Mapcon  : SMVoice-0-Normal: enter handleCarrierConfigChangedInd
04-09 17:16:44.381  1866  2438 D Mapcon  : MapconConfigImpl-0: enter handleCarrierConfigChangedInd
04-09 17:16:44.381  1866  2461 D Mapcon  : SMVoice-0-Normal: PrepareState,handled msg=CMD_CARRIER_CONFIG_CHANGE_IND
04-09 17:16:44.385  1866  2438 I Mapcon  : MapconConfigImpl-0: KEY_CARRIER_WFC_IMS_AVAILABLE_BOOL is false!!!!!!!!!!
04-09 17:16:44.386  1866  2438 D Mapcon  : MapconConfigImpl-0: enter reset
04-09 17:16:44.386  1866  2438 D Mapcon  : MapconConfigImpl-0: handleMessage, msg id=1800
04-09 17:16:44.386  1866  2461 D Mapcon  : SMVoice-0-Normal: enter handleCarrierConfigChangedCnf
04-09 17:16:44.386  1866  2438 D Mapcon  : MapconConfigImpl-0: enter handleCarrierConfigChangedInd
04-09 17:16:44.390  1866  2438 I Mapcon  : MapconConfigImpl-0: KEY_CARRIER_WFC_IMS_AVAILABLE_BOOL is false!!!!!!!!!!
04-09 17:16:44.390  1866  2438 D Mapcon  : MapconConfigImpl-0: enter reset
04-09 17:16:44.390  1866  2461 D Mapcon  : MapconConfigImpl-0: enter isConfigReady, Config State is not ready!!!
04-09 17:16:44.391  1866  2461 V Mapcon  : SMVoice-0-Normal: Switch in XML off No need SIM Adp !
04-09 17:16:44.391  1866  2461 D Mapcon  : SMVoice-0-Normal: usim ready,read carrierconfig delay
04-09 17:16:44.391  1866  2461 D Mapcon  : SMVoice-0-Normal: PrepareState,handled msg=1801
04-09 17:16:44.391  1866  2461 D Mapcon  : SMVoice-0-Normal: enter handleCarrierConfigChangedCnf
04-09 17:16:44.391  1866  2461 D Mapcon  : MapconConfigImpl-0: enter isConfigReady, Config State is not ready!!!
04-09 17:16:44.391  1866  2461 V Mapcon  : SMVoice-0-Normal: Switch in XML off No need SIM Adp !
04-09 17:16:44.391  1866  2461 D Mapcon  : SMVoice-0-Normal: usim ready,read carrierconfig delay
04-09 17:16:44.391  1866  2461 D Mapcon  : SMVoice-0-Normal: PrepareState,handled msg=1801
04-09 17:16:45.107   744   744 I chatty  : uid=1000(system) /system/bin/thermal-daemon expire 18 lines
04-09 17:16:46.088 16452 16452 E adbd    : failed to connect to socket 'tcp:6666': Connection refused
04-09 17:16:48.093 16452 16452 E adbd    : failed to connect to socket 'tcp:6666': Connection refused
04-09 17:16:49.394  1866  2461 D Mapcon  : SMVoice-0-Normal: enter handleCarrierConfigChangedInd
04-09 17:16:49.395  1866  2461 D Mapcon  : SMVoice-0-Normal: PrepareState,handled msg=CMD_CARRIER_CONFIG_CHANGE_IND
04-09 17:16:49.395  1866  2461 D Mapcon  : SMVoice-0-Normal: enter handleCarrierConfigChangedInd
04-09 17:16:49.395  1866  2461 D Mapcon  : SMVoice-0-Normal: PrepareState,handled msg=CMD_CARRIER_CONFIG_CHANGE_IND
04-09 17:16:49.395  1866  2438 D Mapcon  : MapconConfigImpl-0: handleMessage, msg id=1800
04-09 17:16:49.395  1866  2438 D Mapcon  : MapconConfigImpl-0: enter handleCarrierConfigChangedInd
04-09 17:16:49.398  1866  2438 I Mapcon  : MapconConfigImpl-0: KEY_CARRIER_WFC_IMS_AVAILABLE_BOOL is false!!!!!!!!!!
04-09 17:16:49.398  1866  2438 D Mapcon  : MapconConfigImpl-0: enter reset
04-09 17:16:49.399  1866  2438 D Mapcon  : MapconConfigImpl-0: handleMessage, msg id=1800
04-09 17:16:49.399  1866  2438 D Mapcon  : MapconConfigImpl-0: enter handleCarrierConfigChangedInd
04-09 17:16:49.399  1866  2461 D Mapcon  : SMVoice-0-Normal: enter handleCarrierConfigChangedCnf
04-09 17:16:49.401  1866  2438 I Mapcon  : MapconConfigImpl-0: KEY_CARRIER_WFC_IMS_AVAILABLE_BOOL is false!!!!!!!!!!
04-09 17:16:49.401  1866  2438 D Mapcon  : MapconConfigImpl-0: enter reset
04-09 17:16:49.402  1866  2461 D Mapcon  : MapconConfigImpl-0: enter isConfigReady, Config State is not ready!!!
04-09 17:16:49.402  1866  2461 V Mapcon  : SMVoice-0-Normal: Switch in XML off No need SIM Adp !
04-09 17:16:49.402  1866  2461 D Mapcon  : SMVoice-0-Normal: usim ready,read carrierconfig delay
04-09 17:16:49.402  1866  2461 D Mapcon  : SMVoice-0-Normal: PrepareState,handled msg=1801
04-09 17:16:49.402  1866  2461 D Mapcon  : SMVoice-0-Normal: enter handleCarrierConfigChangedCnf
04-09 17:16:49.402  1866  2461 D Mapcon  : MapconConfigImpl-0: enter isConfigReady, Config State is not ready!!!
04-09 17:16:49.402  1866  2461 V Mapcon  : SMVoice-0-Normal: Switch in XML off No need SIM Adp !
04-09 17:16:49.402  1866  2461 D Mapcon  : SMVoice-0-Normal: usim ready,read carrierconfig delay
04-09 17:16:49.402  1866  2461 D Mapcon  : SMVoice-0-Normal: PrepareState,handled msg=1801
04-09 17:16:50.100 16452 16452 E adbd    : failed to connect to socket 'tcp:6666': Connection refused
04-09 17:16:50.424  1290  1311 I chatty  : uid=1000(system) android.bg expire 1 line
04-09 17:16:50.454  6416  6416 E         : iptables cmd:iptables-restore
04-09 17:16:50.472  6417  6417 E         : iptables cmd:ip6tables-restore
04-09 17:16:50.474  1290  1454 I chatty  : uid=1000(system) NetdConnector expire 2 lines
04-09 17:16:50.476  1290  1311 I chatty  : uid=1000(system) android.bg expire 1 line
04-09 17:16:50.477  1290  1458 I chatty  : uid=1000(system) NetworkPolicy expire 4 lines
04-09 17:16:52.105 16452 16452 E adbd    : failed to connect to socket 'tcp:6666': Connection refused
04-09 17:16:54.110 16452 16452 E adbd    : failed to connect to socket 'tcp:6666': Connection refused
04-09 17:16:54.407  1866  2461 D Mapcon  : SMVoice-0-Normal: enter handleCarrierConfigChangedInd
04-09 17:16:54.408  1866  2461 D Mapcon  : SMVoice-0-Normal: PrepareState,handled msg=CMD_CARRIER_CONFIG_CHANGE_IND
04-09 17:16:54.408  1866  2438 D Mapcon  : MapconConfigImpl-0: handleMessage, msg id=1800
04-09 17:16:54.408  1866  2438 D Mapcon  : MapconConfigImpl-0: enter handleCarrierConfigChangedInd
04-09 17:16:54.408  1866  2461 D Mapcon  : SMVoice-0-Normal: enter handleCarrierConfigChangedInd
04-09 17:16:54.408  1866  2461 D Mapcon  : SMVoice-0-Normal: PrepareState,handled msg=CMD_CARRIER_CONFIG_CHANGE_IND
04-09 17:16:54.414  1866  2438 I Mapcon  : MapconConfigImpl-0: KEY_CARRIER_WFC_IMS_AVAILABLE_BOOL is false!!!!!!!!!!
04-09 17:16:54.414  1866  2438 D Mapcon  : MapconConfigImpl-0: enter reset
04-09 17:16:54.414  1866  2438 D Mapcon  : MapconConfigImpl-0: handleMessage, msg id=1800
04-09 17:16:54.414  1866  2461 D Mapcon  : SMVoice-0-Normal: enter handleCarrierConfigChangedCnf
04-09 17:16:54.414  1866  2438 D Mapcon  : MapconConfigImpl-0: enter handleCarrierConfigChangedInd
04-09 17:16:54.418  1866  2438 I Mapcon  : MapconConfigImpl-0: KEY_CARRIER_WFC_IMS_AVAILABLE_BOOL is false!!!!!!!!!!
04-09 17:16:54.418  1866  2438 D Mapcon  : MapconConfigImpl-0: enter reset
04-09 17:16:54.419  1866  2461 D Mapcon  : MapconConfigImpl-0: enter isConfigReady, Config State is not ready!!!
04-09 17:16:54.419  1866  2461 V Mapcon  : SMVoice-0-Normal: Switch in XML off No need SIM Adp !
04-09 17:16:54.419  1866  2461 D Mapcon  : SMVoice-0-Normal: usim ready,read carrierconfig delay
04-09 17:16:54.419  1866  2461 D Mapcon  : SMVoice-0-Normal: PrepareState,handled msg=1801
04-09 17:16:54.419  1866  2461 D Mapcon  : SMVoice-0-Normal: enter handleCarrierConfigChangedCnf
04-09 17:16:54.419  1866  2461 D Mapcon  : MapconConfigImpl-0: enter isConfigReady, Config State is not ready!!!
04-09 17:16:54.419  1866  2461 V Mapcon  : SMVoice-0-Normal: Switch in XML off No need SIM Adp !
04-09 17:16:54.419  1866  2461 D Mapcon  : SMVoice-0-Normal: usim ready,read carrierconfig delay
04-09 17:16:54.419  1866  2461 D Mapcon  : SMVoice-0-Normal: PrepareState,handled msg=1801
04-09 17:16:54.952  1290  1305 I chatty  : uid=1000(system) Binder:1290_1 expire 11 lines
04-09 17:16:55.156  1290  1417 I chatty  : uid=1000(system) UEventObserver expire 14 lines
04-09 17:16:56.114 16452 16452 E adbd    : failed to connect to socket 'tcp:6666': Connection refused
04-09 17:16:57.582   743   807 I storaged: storaged_t::event: storage_info refreshed.
04-09 17:16:58.119 16452 16452 E adbd    : failed to connect to socket 'tcp:6666': Connection refused
04-09 17:16:59.421  1866  2461 D Mapcon  : SMVoice-0-Normal: enter handleCarrierConfigChangedInd
04-09 17:16:59.421  1866  2461 D Mapcon  : SMVoice-0-Normal: PrepareState,handled msg=CMD_CARRIER_CONFIG_CHANGE_IND
04-09 17:16:59.421  1866  2461 D Mapcon  : SMVoice-0-Normal: enter handleCarrierConfigChangedInd
04-09 17:16:59.421  1866  2461 D Mapcon  : SMVoice-0-Normal: PrepareState,handled msg=CMD_CARRIER_CONFIG_CHANGE_IND
04-09 17:16:59.422  1866  2438 D Mapcon  : MapconConfigImpl-0: handleMessage, msg id=1800
04-09 17:16:59.422  1866  2438 D Mapcon  : MapconConfigImpl-0: enter handleCarrierConfigChangedInd
04-09 17:16:59.424  1866  2438 I Mapcon  : MapconConfigImpl-0: KEY_CARRIER_WFC_IMS_AVAILABLE_BOOL is false!!!!!!!!!!
04-09 17:16:59.425  1866  2438 D Mapcon  : MapconConfigImpl-0: enter reset
04-09 17:16:59.425  1866  2461 D Mapcon  : SMVoice-0-Normal: enter handleCarrierConfigChangedCnf
04-09 17:16:59.425  1866  2438 D Mapcon  : MapconConfigImpl-0: handleMessage, msg id=1800
04-09 17:16:59.425  1866  2438 D Mapcon  : MapconConfigImpl-0: enter handleCarrierConfigChangedInd
04-09 17:16:59.427  1866  2438 I Mapcon  : MapconConfigImpl-0: KEY_CARRIER_WFC_IMS_AVAILABLE_BOOL is false!!!!!!!!!!
04-09 17:16:59.427  1866  2438 D Mapcon  : MapconConfigImpl-0: enter reset
04-09 17:16:59.427  1866  2461 D Mapcon  : MapconConfigImpl-0: enter isConfigReady, Config State is not ready!!!
04-09 17:16:59.428  1866  2461 V Mapcon  : SMVoice-0-Normal: Switch in XML off No need SIM Adp !
04-09 17:16:59.428  1866  2461 D Mapcon  : SMVoice-0-Normal: usim ready,read carrierconfig delay
04-09 17:16:59.428  1866  2461 D Mapcon  : SMVoice-0-Normal: PrepareState,handled msg=1801
04-09 17:16:59.428  1866  2461 D Mapcon  : SMVoice-0-Normal: enter handleCarrierConfigChangedCnf
04-09 17:16:59.428  1866  2461 D Mapcon  : MapconConfigImpl-0: enter isConfigReady, Config State is not ready!!!
04-09 17:16:59.428  1866  2461 V Mapcon  : SMVoice-0-Normal: Switch in XML off No need SIM Adp !
04-09 17:16:59.428  1866  2461 D Mapcon  : SMVoice-0-Normal: usim ready,read carrierconfig delay
04-09 17:16:59.428  1866  2461 D Mapcon  : SMVoice-0-Normal: PrepareState,handled msg=1801
04-09 17:16:59.955  1290  6181 I chatty  : uid=1000(system) Binder:1290_15 expire 10 lines
04-09 17:17:00.117   744   744 I chatty  : uid=1000(system) /system/bin/thermal-daemon expire 18 lines
04-09 17:17:00.125 16452 16452 E adbd    : failed to connect to socket 'tcp:6666': Connection refused
04-09 17:17:01.064  1290  1314 I chatty  : uid=1000(system) ActivityManager expire 2 lines
04-09 17:17:01.104   593   593 I Zygote  : say something before unblock SIGCHLD, uid: 1000 pid: 6436, do not delete this log!
04-09 17:17:01.111  1290  1317 I chatty  : uid=1000(system) ActivityManager expire 1 line
04-09 17:17:01.112  1290  1777 I chatty  : uid=1000(system) MultiTaskManage expire 1 line
04-09 17:17:01.127  6436  6436 I r:clean_servic: Reinit property: dalvik.vm.checkjni= false
04-09 17:17:01.138  6436  6436 E r:clean_servic: Not starting debugger since process cannot load the jdwp agent.
04-09 17:17:01.157  6436  6436 D ZrHung.AppEyeUiProbe: AppEyeUIP created.
04-09 17:17:01.161  6436  6436 D ActivityThread: Attach thread to application
04-09 17:17:01.202  6436  6436 I r:clean_servic: The ClassLoaderContext is a special shared library.
04-09 17:17:01.206  6436  6436 I chatty  : uid=1000(system) identical 1 line
04-09 17:17:01.209  6436  6436 I r:clean_servic: The ClassLoaderContext is a special shared library.
04-09 17:17:01.213  6436  6450 I HwLogExceptionInner: Log blacklist 
04-09 17:17:01.238  6436  6436 I r:clean_servic: QarthPatchMonintor::Init
04-09 17:17:01.239  6436  6436 I r:clean_servic: 
04-09 17:17:01.239  6436  6436 I r:clean_servic: QarthPatchMonintor::StartWatch
04-09 17:17:01.239  6436  6436 I r:clean_servic: 
04-09 17:17:01.239  6436  6436 I r:clean_servic: QarthPatchMonintor::WatchPackage: /data/hotpatch/fwkhotpatch/
04-09 17:17:01.239  6436  6436 I r:clean_servic: 
04-09 17:17:01.239  6436  6436 I r:clean_servic: QarthPatchMonintor::CheckAndWatchPatch: /data/hotpatch/fwkhotpatch/com.huawei.systemmanager
04-09 17:17:01.239  6436  6436 I r:clean_servic: 
04-09 17:17:01.239  6436  6436 I r:clean_servic: QarthPatchMonintor::CheckAndWatchPatch: /data/hotpatch/fwkhotpatch/all
04-09 17:17:01.239  6436  6436 I r:clean_servic: 
04-09 17:17:01.239  6436  6436 I r:clean_servic: QarthPatchMonintor::Run
04-09 17:17:01.239  6436  6436 I r:clean_servic: 
04-09 17:17:01.241  6436  6451 I r:clean_servic: QarthPatchMonintor::Reading
04-09 17:17:01.241  6436  6451 I r:clean_servic: 
04-09 17:17:01.241  6436  6451 I r:clean_servic: QarthPatchMonintor::CheckNotifyEvent
04-09 17:17:01.241  6436  6451 I r:clean_servic: 
04-09 17:17:01.241  6436  6451 I r:clean_servic: QarthPatchMonintor::CheckNotifyEvent before read
04-09 17:17:01.241  6436  6451 I r:clean_servic: 
04-09 17:17:01.254  6436  6450 I AwareBitmapCacher: init processName:com.huawei.systemmanager:clean_service pid=6436 uid=1000
04-09 17:17:01.289  6436  6452 I HwSystemManager: check push opration, match idx:-1
04-09 17:17:01.290  6436  6450 E MemoryLeakMonitorManager: MemoryLeakMonitor.jar is not exist!
04-09 17:17:01.333  6436  6436 E HSM_BG  : AutoCleanService:check properties but io exception!
04-09 17:17:01.349  6436  6446 E         : [ZeroHung]zrhung_get_config: Get config failed for wp[0x0008]
04-09 17:17:01.351  6436  6436 I Process : Sending signal. PID: 6436 SIG: 9
04-09 17:17:01.374  1290  3953 I chatty  : uid=1000(system) Binder:1290_10 expire 11 lines
04-09 17:17:01.378  1782  3417 I chatty  : uid=1000(system) Binder:1782_6 expire 10 lines
04-09 17:17:01.379  1782  6810 I BoosterSwitchP: notifyUidState do nothing
04-09 17:17:01.379  1782  6810 I DeepNoDisturbP: notifyUidState
04-09 17:17:01.379  1782  6810 I BrowserChrP: notifyUidState
04-09 17:17:01.383  1848  2210 I chatty  : uid=1000(system) actions handler expire 13 lines
04-09 17:17:01.398   593   593 I Zygote  : Process 6436 exited due to signal (9)
04-09 17:17:01.877   623 16090 I audio_hw_primary: usb_ext_get_parameters: check show hires (false)
04-09 17:17:01.878   659 11215 I hash_map_utils: key: 'typec_need_show_hires' value: ''
04-09 17:17:01.878   659 11215 I bt_a2dp_hw: adev_get_parameters: audio a2dp receive kvpairs typec_need_show_hires ,but need not handle
04-09 17:17:01.879  1290  1484 I chatty  : uid=1000(system) Thread-16 expire 1 line
04-09 17:17:02.131 16452 16452 E adbd    : failed to connect to socket 'tcp:6666': Connection refused
04-09 17:17:02.975  1290  1290 I chatty  : uid=1000 system_server expire 10 lines
04-09 17:17:03.014   729  1405 E dubaid  : [DubaiUtils.h] parseMessage# Failed to find second tag: uid=
04-09 17:17:03.014   729  1405 E dubaid  : [SystemHandler.cpp] parsePartialWakelockAcquiredMessage# Failed to parse count: lock=166827214 tag=GCM_HB_ALARM count=0
04-09 17:17:03.014   729  1405 E dubaid  : [SystemHandler.cpp] onPartialWakelockAcquireMessage# Failed to parse message
04-09 17:17:03.022   592   639 W SocketListener: sending broadcast to Pid = 1290, Uid = 1000 
04-09 17:17:03.026  1290  1454 I chatty  : uid=1000(system) NetdConnector expire 10 lines
04-09 17:17:03.029  1290  1323 I chatty  : uid=1000(system) android.fg expire 6 lines
04-09 17:17:03.030  5036 21826 E WakeLock: GCM_HB_ALARM release without a matched acquire!
04-09 17:17:03.034  1883  1883 I HwLauncher: Model  onReceive intent=Intent { act=android.intent.action.TIME_TICK flg=0x50200014 hwFlg=0x900 (has extras) }
04-09 17:17:03.035  1883  1883 I HwLauncher: Model  onReceive user=UserHandle{0}
04-09 17:17:03.036   729  1405 E dubaid  : [SystemHandler.cpp] onPartialWakelockReleaseMessage# Already released, lock: 166827214
04-09 17:17:03.102 22378  6463 D EventNotificationJob: Running EventNotificationJob, isDetail=true
04-09 17:17:03.108 22378  6463 D EventNotificationJob: Interval is 15 minutes
04-09 17:17:03.108 22378  6463 D EventNotificationJob: processEventList() on [0] events. First cleaning up expired notifications.
04-09 17:17:03.109 22378  6463 D EventNotificationJob: Finished cleaning up notifications. Event notification list had 0 items, 0 unique IDs, added 0 notifications in id set.
04-09 17:17:03.109 22378  6463 D EventNotificationJob:   finished processing events.
04-09 17:17:03.125  1607  1607 I chatty  : uid=10043(com.huawei.HwMultiScreenShot) com.android.systemui expire 10 lines
04-09 17:17:03.251   729  1405 E dubaid  : [DubaiUtils.h] parseMessage# Failed to find second tag: uid=
04-09 17:17:03.252   729  1405 E dubaid  : [SystemHandler.cpp] parsePartialWakelockAcquiredMessage# Failed to parse count: lock=108666274 tag=GCM_READ count=0
04-09 17:17:03.252   729  1405 E dubaid  : [SystemHandler.cpp] onPartialWakelockAcquireMessage# Failed to parse message
04-09 17:17:03.343   729  1405 E dubaid  : [SystemHandler.cpp] onPartialWakelockReleaseMessage# Already released, lock: 108666274
04-09 17:17:03.412  1848 28458 I chatty  : uid=1000(system) traffic stats expire 11 lines
04-09 17:17:04.138 16452 16452 E adbd    : failed to connect to socket 'tcp:6666': Connection refused
04-09 17:17:04.390 22182 22192 E         : [ZeroHung]zrhung_get_config: Get config failed for wp[0x0008]
04-09 17:17:04.432  1866  2461 D Mapcon  : SMVoice-0-Normal: enter handleCarrierConfigChangedInd
04-09 17:17:04.433  1866  2461 D Mapcon  : SMVoice-0-Normal: PrepareState,handled msg=CMD_CARRIER_CONFIG_CHANGE_IND
04-09 17:17:04.433  1866  2461 D Mapcon  : SMVoice-0-Normal: enter handleCarrierConfigChangedInd
04-09 17:17:04.433  1866  2461 D Mapcon  : SMVoice-0-Normal: PrepareState,handled msg=CMD_CARRIER_CONFIG_CHANGE_IND
04-09 17:17:04.433  1866  2438 D Mapcon  : MapconConfigImpl-0: handleMessage, msg id=1800
04-09 17:17:04.433  1866  2438 D Mapcon  : MapconConfigImpl-0: enter handleCarrierConfigChangedInd
04-09 17:17:04.436  1866  2438 I Mapcon  : MapconConfigImpl-0: KEY_CARRIER_WFC_IMS_AVAILABLE_BOOL is false!!!!!!!!!!
04-09 17:17:04.436  1866  2438 D Mapcon  : MapconConfigImpl-0: enter reset
04-09 17:17:04.437  1866  2438 D Mapcon  : MapconConfigImpl-0: handleMessage, msg id=1800
04-09 17:17:04.437  1866  2461 D Mapcon  : SMVoice-0-Normal: enter handleCarrierConfigChangedCnf
04-09 17:17:04.437  1866  2438 D Mapcon  : MapconConfigImpl-0: enter handleCarrierConfigChangedInd
04-09 17:17:04.439  1866  2438 I Mapcon  : MapconConfigImpl-0: KEY_CARRIER_WFC_IMS_AVAILABLE_BOOL is false!!!!!!!!!!
04-09 17:17:04.439  1866  2438 D Mapcon  : MapconConfigImpl-0: enter reset
04-09 17:17:04.440  1866  2461 D Mapcon  : MapconConfigImpl-0: enter isConfigReady, Config State is not ready!!!
04-09 17:17:04.440  1866  2461 V Mapcon  : SMVoice-0-Normal: Switch in XML off No need SIM Adp !
04-09 17:17:04.440  1866  2461 D Mapcon  : SMVoice-0-Normal: usim ready,read carrierconfig delay
04-09 17:17:04.440  1866  2461 D Mapcon  : SMVoice-0-Normal: PrepareState,handled msg=1801
04-09 17:17:04.440  1866  2461 D Mapcon  : SMVoice-0-Normal: enter handleCarrierConfigChangedCnf
04-09 17:17:04.440  1866  2461 D Mapcon  : MapconConfigImpl-0: enter isConfigReady, Config State is not ready!!!
04-09 17:17:04.440  1866  2461 V Mapcon  : SMVoice-0-Normal: Switch in XML off No need SIM Adp !
04-09 17:17:04.440  1866  2461 D Mapcon  : SMVoice-0-Normal: usim ready,read carrierconfig delay
04-09 17:17:04.440  1866  2461 D Mapcon  : SMVoice-0-Normal: PrepareState,handled msg=1801
04-09 17:17:06.144 16452 16452 E adbd    : failed to connect to socket 'tcp:6666': Connection refused
04-09 17:17:07.105  6473  6473 E JankService: child Thread receive to stop
04-09 17:17:07.226   760   883 E JankService: all data read ok
04-09 17:17:08.150 16452 16452 E adbd    : failed to connect to socket 'tcp:6666': Connection refused
04-09 17:17:09.444  1866  2461 D Mapcon  : SMVoice-0-Normal: enter handleCarrierConfigChangedInd
04-09 17:17:09.445  1866  2461 D Mapcon  : SMVoice-0-Normal: PrepareState,handled msg=CMD_CARRIER_CONFIG_CHANGE_IND
04-09 17:17:09.445  1866  2461 D Mapcon  : SMVoice-0-Normal: enter handleCarrierConfigChangedInd
04-09 17:17:09.445  1866  2461 D Mapcon  : SMVoice-0-Normal: PrepareState,handled msg=CMD_CARRIER_CONFIG_CHANGE_IND
04-09 17:17:09.446  1866  2438 D Mapcon  : MapconConfigImpl-0: handleMessage, msg id=1800
04-09 17:17:09.446  1866  2438 D Mapcon  : MapconConfigImpl-0: enter handleCarrierConfigChangedInd
04-09 17:17:09.451  1866  2438 I Mapcon  : MapconConfigImpl-0: KEY_CARRIER_WFC_IMS_AVAILABLE_BOOL is false!!!!!!!!!!
04-09 17:17:09.451  1866  2438 D Mapcon  : MapconConfigImpl-0: enter reset
04-09 17:17:09.451  1866  2438 D Mapcon  : MapconConfigImpl-0: handleMessage, msg id=1800
04-09 17:17:09.451  1866  2438 D Mapcon  : MapconConfigImpl-0: enter handleCarrierConfigChangedInd
04-09 17:17:09.456  1866  2438 I Mapcon  : MapconConfigImpl-0: KEY_CARRIER_WFC_IMS_AVAILABLE_BOOL is false!!!!!!!!!!
04-09 17:17:09.456  1866  2438 D Mapcon  : MapconConfigImpl-0: enter reset
04-09 17:17:09.457  1866  2461 D Mapcon  : SMVoice-0-Normal: enter handleCarrierConfigChangedCnf
04-09 17:17:09.458  1866  2461 D Mapcon  : MapconConfigImpl-0: enter isConfigReady, Config State is not ready!!!
04-09 17:17:09.458  1866  2461 V Mapcon  : SMVoice-0-Normal: Switch in XML off No need SIM Adp !
04-09 17:17:09.458  1866  2461 D Mapcon  : SMVoice-0-Normal: usim ready,read carrierconfig delay
04-09 17:17:09.458  1866  2461 D Mapcon  : SMVoice-0-Normal: PrepareState,handled msg=1801
04-09 17:17:09.458  1866  2461 D Mapcon  : SMVoice-0-Normal: enter handleCarrierConfigChangedCnf
04-09 17:17:09.458  1866  2461 D Mapcon  : MapconConfigImpl-0: enter isConfigReady, Config State is not ready!!!
04-09 17:17:09.458  1866  2461 V Mapcon  : SMVoice-0-Normal: Switch in XML off No need SIM Adp !
04-09 17:17:09.458  1866  2461 D Mapcon  : SMVoice-0-Normal: usim ready,read carrierconfig delay
04-09 17:17:09.458  1866  2461 D Mapcon  : SMVoice-0-Normal: PrepareState,handled msg=1801
04-09 17:17:09.460   592   647 I PreDnsController: canPreDnsQuery,persist.sys.predns is false!
04-09 17:17:10.154 16452 16452 E adbd    : failed to connect to socket 'tcp:6666': Connection refused
04-09 17:17:12.159 16452 16452 E adbd    : failed to connect to socket 'tcp:6666': Connection refused
04-09 17:17:13.791  1290  5081 I chatty  : uid=1000(system) MobileQosDetect expire 16 lines
04-09 17:17:14.164 16452 16452 E adbd    : failed to connect to socket 'tcp:6666': Connection refused
04-09 17:17:14.460  1866  2461 D Mapcon  : SMVoice-0-Normal: enter handleCarrierConfigChangedInd
04-09 17:17:14.460  1866  2461 D Mapcon  : SMVoice-0-Normal: PrepareState,handled msg=CMD_CARRIER_CONFIG_CHANGE_IND
04-09 17:17:14.460  1866  2461 D Mapcon  : SMVoice-0-Normal: enter handleCarrierConfigChangedInd
04-09 17:17:14.460  1866  2461 D Mapcon  : SMVoice-0-Normal: PrepareState,handled msg=CMD_CARRIER_CONFIG_CHANGE_IND
04-09 17:17:14.461  1866  2438 D Mapcon  : MapconConfigImpl-0: handleMessage, msg id=1800
04-09 17:17:14.461  1866  2438 D Mapcon  : MapconConfigImpl-0: enter handleCarrierConfigChangedInd
04-09 17:17:14.464  1866  2438 I Mapcon  : MapconConfigImpl-0: KEY_CARRIER_WFC_IMS_AVAILABLE_BOOL is false!!!!!!!!!!
04-09 17:17:14.465  1866  2438 D Mapcon  : MapconConfigImpl-0: enter reset
04-09 17:17:14.465  1866  2438 D Mapcon  : MapconConfigImpl-0: handleMessage, msg id=1800
04-09 17:17:14.465  1866  2461 D Mapcon  : SMVoice-0-Normal: enter handleCarrierConfigChangedCnf
04-09 17:17:14.465  1866  2438 D Mapcon  : MapconConfigImpl-0: enter handleCarrierConfigChangedInd
04-09 17:17:14.468  1866  2438 I Mapcon  : MapconConfigImpl-0: KEY_CARRIER_WFC_IMS_AVAILABLE_BOOL is false!!!!!!!!!!
04-09 17:17:14.468  1866  2438 D Mapcon  : MapconConfigImpl-0: enter reset
04-09 17:17:14.468  1866  2461 D Mapcon  : MapconConfigImpl-0: enter isConfigReady, Config State is not ready!!!
04-09 17:17:14.468  1866  2461 V Mapcon  : SMVoice-0-Normal: Switch in XML off No need SIM Adp !
04-09 17:17:14.468  1866  2461 D Mapcon  : SMVoice-0-Normal: usim ready,read carrierconfig delay
04-09 17:17:14.468  1866  2461 D Mapcon  : SMVoice-0-Normal: PrepareState,handled msg=1801
04-09 17:17:14.468  1866  2461 D Mapcon  : SMVoice-0-Normal: enter handleCarrierConfigChangedCnf
04-09 17:17:14.468  1866  2461 D Mapcon  : MapconConfigImpl-0: enter isConfigReady, Config State is not ready!!!
04-09 17:17:14.469  1866  2461 V Mapcon  : SMVoice-0-Normal: Switch in XML off No need SIM Adp !
04-09 17:17:14.469  1866  2461 D Mapcon  : SMVoice-0-Normal: usim ready,read carrierconfig delay
04-09 17:17:14.469  1866  2461 D Mapcon  : SMVoice-0-Normal: PrepareState,handled msg=1801
04-09 17:17:14.996  1848  2210 I chatty  : uid=1000(system) actions handler expire 10 lines
04-09 17:17:15.128   744   744 I chatty  : uid=1000(system) /system/bin/thermal-daemon expire 18 lines
04-09 17:17:16.171 16452 16452 E adbd    : failed to connect to socket 'tcp:6666': Connection refused
04-09 17:17:18.176 16452 16452 E adbd    : failed to connect to socket 'tcp:6666': Connection refused
04-09 17:17:19.474  1866  2461 D Mapcon  : SMVoice-0-Normal: enter handleCarrierConfigChangedInd
04-09 17:17:19.474  1866  2461 D Mapcon  : SMVoice-0-Normal: PrepareState,handled msg=CMD_CARRIER_CONFIG_CHANGE_IND
04-09 17:17:19.474  1866  2461 D Mapcon  : SMVoice-0-Normal: enter handleCarrierConfigChangedInd
04-09 17:17:19.474  1866  2461 D Mapcon  : SMVoice-0-Normal: PrepareState,handled msg=CMD_CARRIER_CONFIG_CHANGE_IND
04-09 17:17:19.475  1866  2438 D Mapcon  : MapconConfigImpl-0: handleMessage, msg id=1800
04-09 17:17:19.475  1866  2438 D Mapcon  : MapconConfigImpl-0: enter handleCarrierConfigChangedInd
04-09 17:17:19.479  1866  2438 I Mapcon  : MapconConfigImpl-0: KEY_CARRIER_WFC_IMS_AVAILABLE_BOOL is false!!!!!!!!!!
04-09 17:17:19.479  1866  2438 D Mapcon  : MapconConfigImpl-0: enter reset
04-09 17:17:19.479  1866  2461 D Mapcon  : SMVoice-0-Normal: enter handleCarrierConfigChangedCnf
04-09 17:17:19.479  1866  2438 D Mapcon  : MapconConfigImpl-0: handleMessage, msg id=1800
04-09 17:17:19.479  1866  2438 D Mapcon  : MapconConfigImpl-0: enter handleCarrierConfigChangedInd
04-09 17:17:19.484  1866  2438 I Mapcon  : MapconConfigImpl-0: KEY_CARRIER_WFC_IMS_AVAILABLE_BOOL is false!!!!!!!!!!
04-09 17:17:19.484  1866  2438 D Mapcon  : MapconConfigImpl-0: enter reset
04-09 17:17:19.484  1866  2461 D Mapcon  : MapconConfigImpl-0: enter isConfigReady, Config State is not ready!!!
04-09 17:17:19.484  1866  2461 V Mapcon  : SMVoice-0-Normal: Switch in XML off No need SIM Adp !
04-09 17:17:19.484  1866  2461 D Mapcon  : SMVoice-0-Normal: usim ready,read carrierconfig delay
04-09 17:17:19.484  1866  2461 D Mapcon  : SMVoice-0-Normal: PrepareState,handled msg=1801
04-09 17:17:19.484  1866  2461 D Mapcon  : SMVoice-0-Normal: enter handleCarrierConfigChangedCnf
04-09 17:17:19.484  1866  2461 D Mapcon  : MapconConfigImpl-0: enter isConfigReady, Config State is not ready!!!
04-09 17:17:19.484  1866  2461 V Mapcon  : SMVoice-0-Normal: Switch in XML off No need SIM Adp !
04-09 17:17:19.484  1866  2461 D Mapcon  : SMVoice-0-Normal: usim ready,read carrierconfig delay
04-09 17:17:19.485  1866  2461 D Mapcon  : SMVoice-0-Normal: PrepareState,handled msg=1801
04-09 17:17:19.847   592   639 W SocketListener: sending broadcast to Pid = 1290, Uid = 1000 
04-09 17:17:19.879  1290  1321 I chatty  : uid=1000(system) batterystats-wo expire 3 lines
04-09 17:17:19.952  1290  3953 I chatty  : uid=1000(system) Binder:1290_10 expire 10 lines
04-09 17:17:20.181 16452 16452 E adbd    : failed to connect to socket 'tcp:6666': Connection refused
04-09 17:17:20.478   592   605 W IptablesRestoreController: iptables-restore process 6416 terminated status=15
04-09 17:17:20.480   592   605 W IptablesRestoreController: iptables-restore process 6417 terminated status=15
04-09 17:17:22.187 16452 16452 E adbd    : failed to connect to socket 'tcp:6666': Connection refused
04-09 17:17:23.807  1290  1460 I chatty  : uid=1000(system) WifiService expire 14 lines
04-09 17:17:24.192 16452 16452 E adbd    : failed to connect to socket 'tcp:6666': Connection refused
04-09 17:17:24.490  1866  2461 D Mapcon  : SMVoice-0-Normal: enter handleCarrierConfigChangedInd
04-09 17:17:24.490  1866  2461 D Mapcon  : SMVoice-0-Normal: PrepareState,handled msg=CMD_CARRIER_CONFIG_CHANGE_IND
04-09 17:17:24.491  1866  2461 D Mapcon  : SMVoice-0-Normal: enter handleCarrierConfigChangedInd
04-09 17:17:24.491  1866  2461 D Mapcon  : SMVoice-0-Normal: PrepareState,handled msg=CMD_CARRIER_CONFIG_CHANGE_IND
04-09 17:17:24.491  1866  2438 D Mapcon  : MapconConfigImpl-0: handleMessage, msg id=1800
04-09 17:17:24.491  1866  2438 D Mapcon  : MapconConfigImpl-0: enter handleCarrierConfigChangedInd
04-09 17:17:24.496  1866  2438 I Mapcon  : MapconConfigImpl-0: KEY_CARRIER_WFC_IMS_AVAILABLE_BOOL is false!!!!!!!!!!
04-09 17:17:24.496  1866  2438 D Mapcon  : MapconConfigImpl-0: enter reset
04-09 17:17:24.496  1866  2438 D Mapcon  : MapconConfigImpl-0: handleMessage, msg id=1800
04-09 17:17:24.496  1866  2438 D Mapcon  : MapconConfigImpl-0: enter handleCarrierConfigChangedInd
04-09 17:17:24.497  1866  2461 D Mapcon  : SMVoice-0-Normal: enter handleCarrierConfigChangedCnf
04-09 17:17:24.500  1866  2438 I Mapcon  : MapconConfigImpl-0: KEY_CARRIER_WFC_IMS_AVAILABLE_BOOL is false!!!!!!!!!!
04-09 17:17:24.500  1866  2438 D Mapcon  : MapconConfigImpl-0: enter reset
04-09 17:17:24.501  1866  2461 D Mapcon  : MapconConfigImpl-0: enter isConfigReady, Config State is not ready!!!
04-09 17:17:24.501  1866  2461 V Mapcon  : SMVoice-0-Normal: Switch in XML off No need SIM Adp !
04-09 17:17:24.501  1866  2461 D Mapcon  : SMVoice-0-Normal: usim ready,read carrierconfig delay
04-09 17:17:24.501  1866  2461 D Mapcon  : SMVoice-0-Normal: PrepareState,handled msg=1801
04-09 17:17:24.501  1866  2461 D Mapcon  : SMVoice-0-Normal: enter handleCarrierConfigChangedCnf
04-09 17:17:24.501  1866  2461 D Mapcon  : MapconConfigImpl-0: enter isConfigReady, Config State is not ready!!!
04-09 17:17:24.501  1866  2461 V Mapcon  : SMVoice-0-Normal: Switch in XML off No need SIM Adp !
04-09 17:17:24.501  1866  2461 D Mapcon  : SMVoice-0-Normal: usim ready,read carrierconfig delay
04-09 17:17:24.501  1866  2461 D Mapcon  : SMVoice-0-Normal: PrepareState,handled msg=1801
04-09 17:17:25.138  1290  1700 I chatty  : uid=1000(system) watchdog expire 5 lines
04-09 17:17:26.199 16452 16452 E adbd    : failed to connect to socket 'tcp:6666': Connection refused
04-09 17:17:28.204 16452 16452 E adbd    : failed to connect to socket 'tcp:6666': Connection refused
04-09 17:17:29.502  1866  2461 D Mapcon  : SMVoice-0-Normal: enter handleCarrierConfigChangedInd
04-09 17:17:29.502  1866  2461 D Mapcon  : SMVoice-0-Normal: PrepareState,handled msg=CMD_CARRIER_CONFIG_CHANGE_IND
04-09 17:17:29.503  1866  2461 D Mapcon  : SMVoice-0-Normal: enter handleCarrierConfigChangedInd
04-09 17:17:29.503  1866  2461 D Mapcon  : SMVoice-0-Normal: PrepareState,handled msg=CMD_CARRIER_CONFIG_CHANGE_IND
04-09 17:17:29.503  1866  2438 D Mapcon  : MapconConfigImpl-0: handleMessage, msg id=1800
04-09 17:17:29.503  1866  2438 D Mapcon  : MapconConfigImpl-0: enter handleCarrierConfigChangedInd
04-09 17:17:29.508  1866  2438 I Mapcon  : MapconConfigImpl-0: KEY_CARRIER_WFC_IMS_AVAILABLE_BOOL is false!!!!!!!!!!
04-09 17:17:29.508  1866  2438 D Mapcon  : MapconConfigImpl-0: enter reset
04-09 17:17:29.508  1866  2438 D Mapcon  : MapconConfigImpl-0: handleMessage, msg id=1800
04-09 17:17:29.508  1866  2438 D Mapcon  : MapconConfigImpl-0: enter handleCarrierConfigChangedInd
04-09 17:17:29.509  1866  2461 D Mapcon  : SMVoice-0-Normal: enter handleCarrierConfigChangedCnf
04-09 17:17:29.513  1866  2438 I Mapcon  : MapconConfigImpl-0: KEY_CARRIER_WFC_IMS_AVAILABLE_BOOL is false!!!!!!!!!!
04-09 17:17:29.513  1866  2438 D Mapcon  : MapconConfigImpl-0: enter reset
04-09 17:17:29.513  1866  2461 D Mapcon  : MapconConfigImpl-0: enter isConfigReady, Config State is not ready!!!
04-09 17:17:29.513  1866  2461 V Mapcon  : SMVoice-0-Normal: Switch in XML off No need SIM Adp !
04-09 17:17:29.514  1866  2461 D Mapcon  : SMVoice-0-Normal: usim ready,read carrierconfig delay
04-09 17:17:29.514  1866  2461 D Mapcon  : SMVoice-0-Normal: PrepareState,handled msg=1801
04-09 17:17:29.514  1866  2461 D Mapcon  : SMVoice-0-Normal: enter handleCarrierConfigChangedCnf
04-09 17:17:29.514  1866  2461 D Mapcon  : MapconConfigImpl-0: enter isConfigReady, Config State is not ready!!!
04-09 17:17:29.514  1866  2461 V Mapcon  : SMVoice-0-Normal: Switch in XML off No need SIM Adp !
04-09 17:17:29.514  1866  2461 D Mapcon  : SMVoice-0-Normal: usim ready,read carrierconfig delay
04-09 17:17:29.514  1866  2461 D Mapcon  : SMVoice-0-Normal: PrepareState,handled msg=1801
04-09 17:17:30.139   744   744 I chatty  : uid=1000(system) /system/bin/thermal-daemon expire 18 lines
04-09 17:17:30.209 16452 16452 E adbd    : failed to connect to socket 'tcp:6666': Connection refused
04-09 17:17:32.215 16452 16452 E adbd    : failed to connect to socket 'tcp:6666': Connection refused
04-09 17:17:32.340  6528  6528 E JankService: child Thread receive to stop
04-09 17:17:32.478   760   883 E JankService: all data read ok
04-09 17:17:32.960  2065  2141 I chatty  : uid=1000(system) Thread-2 expire 14 lines
04-09 17:17:32.977   649   649 I chatty  : uid=1000(system) power@1.0-servi expire 10 lines
04-09 17:17:34.220 16452 16452 E adbd    : failed to connect to socket 'tcp:6666': Connection refused
04-09 17:17:34.518  1866  2461 D Mapcon  : SMVoice-0-Normal: enter handleCarrierConfigChangedInd
04-09 17:17:34.519  1866  2461 D Mapcon  : SMVoice-0-Normal: PrepareState,handled msg=CMD_CARRIER_CONFIG_CHANGE_IND
04-09 17:17:34.519  1866  2461 D Mapcon  : SMVoice-0-Normal: enter handleCarrierConfigChangedInd
04-09 17:17:34.519  1866  2461 D Mapcon  : SMVoice-0-Normal: PrepareState,handled msg=CMD_CARRIER_CONFIG_CHANGE_IND
04-09 17:17:34.520  1866  2438 D Mapcon  : MapconConfigImpl-0: handleMessage, msg id=1800
04-09 17:17:34.520  1866  2438 D Mapcon  : MapconConfigImpl-0: enter handleCarrierConfigChangedInd
04-09 17:17:34.525  1866  2438 I Mapcon  : MapconConfigImpl-0: KEY_CARRIER_WFC_IMS_AVAILABLE_BOOL is false!!!!!!!!!!
04-09 17:17:34.525  1866  2438 D Mapcon  : MapconConfigImpl-0: enter reset
04-09 17:17:34.525  1866  2438 D Mapcon  : MapconConfigImpl-0: handleMessage, msg id=1800
04-09 17:17:34.525  1866  2461 D Mapcon  : SMVoice-0-Normal: enter handleCarrierConfigChangedCnf
04-09 17:17:34.525  1866  2438 D Mapcon  : MapconConfigImpl-0: enter handleCarrierConfigChangedInd
04-09 17:17:34.530  1866  2438 I Mapcon  : MapconConfigImpl-0: KEY_CARRIER_WFC_IMS_AVAILABLE_BOOL is false!!!!!!!!!!
04-09 17:17:34.530  1866  2438 D Mapcon  : MapconConfigImpl-0: enter reset
04-09 17:17:34.530  1866  2461 D Mapcon  : MapconConfigImpl-0: enter isConfigReady, Config State is not ready!!!
04-09 17:17:34.530  1866  2461 V Mapcon  : SMVoice-0-Normal: Switch in XML off No need SIM Adp !
04-09 17:17:34.530  1866  2461 D Mapcon  : SMVoice-0-Normal: usim ready,read carrierconfig delay
04-09 17:17:34.530  1866  2461 D Mapcon  : SMVoice-0-Normal: PrepareState,handled msg=1801
04-09 17:17:34.531  1866  2461 D Mapcon  : SMVoice-0-Normal: enter handleCarrierConfigChangedCnf
04-09 17:17:34.531  1866  2461 D Mapcon  : MapconConfigImpl-0: enter isConfigReady, Config State is not ready!!!
04-09 17:17:34.531  1866  2461 V Mapcon  : SMVoice-0-Normal: Switch in XML off No need SIM Adp !
04-09 17:17:34.531  1866  2461 D Mapcon  : SMVoice-0-Normal: usim ready,read carrierconfig delay
04-09 17:17:34.531  1866  2461 D Mapcon  : SMVoice-0-Normal: PrepareState,handled msg=1801
04-09 17:17:36.230 16452 16452 E adbd    : failed to connect to socket 'tcp:6666': Connection refused
04-09 17:17:38.076  1290  1432 I chatty  : uid=1000(system) AlarmManager expire 14 lines
04-09 17:17:38.112  1290  1290 I chatty  : uid=1000 system_server expire 16 lines
04-09 17:17:38.117 22378  6538 D PlatformAlarmServiceExact: Run job, request{id=52980, tag=LoadHxNotificationMessageFromBackendJob, transient=false}, waited 00:02:40, delay 00:02:40
04-09 17:17:38.118 22378  6538 D OutlookCoreJobCreator: create LoadHxNotificationMessageFromBackendJob
04-09 17:17:38.128 22378  6538 I JobExecutor: Executing request{id=52980, tag=LoadHxNotificationMessageFromBackendJob, transient=false}, context PlatformAlarmServiceExact
04-09 17:17:38.135 22378  6542 W LoadHxNotificationMessageFromBackendJob: Failed too many times, aborting
04-09 17:17:38.136 22378  6542 I JobExecutor: Finished job{id=52980, finished=true, result=FAILURE, canceled=false, periodic=false, class=LoadHxNotificationMessageFromBackendJob, tag=LoadHxNotificationMessageFromBackendJob}
04-09 17:17:38.140 22378  6538 D PlatformAlarmServiceExact: Finished job, request{id=52980, tag=LoadHxNotificationMessageFromBackendJob, transient=false} FAILURE
04-09 17:17:38.233 16452 16452 E adbd    : failed to connect to socket 'tcp:6666': Connection refused
04-09 17:17:39.535  1866  2461 D Mapcon  : SMVoice-0-Normal: enter handleCarrierConfigChangedInd
04-09 17:17:39.535  1866  2461 D Mapcon  : SMVoice-0-Normal: PrepareState,handled msg=CMD_CARRIER_CONFIG_CHANGE_IND
04-09 17:17:39.535  1866  2438 D Mapcon  : MapconConfigImpl-0: handleMessage, msg id=1800
04-09 17:17:39.535  1866  2438 D Mapcon  : MapconConfigImpl-0: enter handleCarrierConfigChangedInd
04-09 17:17:39.536  1866  2461 D Mapcon  : SMVoice-0-Normal: enter handleCarrierConfigChangedInd
04-09 17:17:39.536  1866  2461 D Mapcon  : SMVoice-0-Normal: PrepareState,handled msg=CMD_CARRIER_CONFIG_CHANGE_IND
04-09 17:17:39.539  1866  2438 I Mapcon  : MapconConfigImpl-0: KEY_CARRIER_WFC_IMS_AVAILABLE_BOOL is false!!!!!!!!!!
04-09 17:17:39.539  1866  2438 D Mapcon  : MapconConfigImpl-0: enter reset
04-09 17:17:39.539  1866  2438 D Mapcon  : MapconConfigImpl-0: handleMessage, msg id=1800
04-09 17:17:39.539  1866  2438 D Mapcon  : MapconConfigImpl-0: enter handleCarrierConfigChangedInd
04-09 17:17:39.539  1866  2461 D Mapcon  : SMVoice-0-Normal: enter handleCarrierConfigChangedCnf
04-09 17:17:39.542  1866  2438 I Mapcon  : MapconConfigImpl-0: KEY_CARRIER_WFC_IMS_AVAILABLE_BOOL is false!!!!!!!!!!
04-09 17:17:39.542  1866  2438 D Mapcon  : MapconConfigImpl-0: enter reset
04-09 17:17:39.543  1866  2461 D Mapcon  : MapconConfigImpl-0: enter isConfigReady, Config State is not ready!!!
04-09 17:17:39.543  1866  2461 V Mapcon  : SMVoice-0-Normal: Switch in XML off No need SIM Adp !
04-09 17:17:39.543  1866  2461 D Mapcon  : SMVoice-0-Normal: usim ready,read carrierconfig delay
04-09 17:17:39.543  1866  2461 D Mapcon  : SMVoice-0-Normal: PrepareState,handled msg=1801
04-09 17:17:39.543  1866  2461 D Mapcon  : SMVoice-0-Normal: enter handleCarrierConfigChangedCnf
04-09 17:17:39.543  1866  2461 D Mapcon  : MapconConfigImpl-0: enter isConfigReady, Config State is not ready!!!
04-09 17:17:39.543  1866  2461 V Mapcon  : SMVoice-0-Normal: Switch in XML off No need SIM Adp !
04-09 17:17:39.543  1866  2461 D Mapcon  : SMVoice-0-Normal: usim ready,read carrierconfig delay
04-09 17:17:39.543  1866  2461 D Mapcon  : SMVoice-0-Normal: PrepareState,handled msg=1801
04-09 17:17:40.239 16452 16452 E adbd    : failed to connect to socket 'tcp:6666': Connection refused
04-09 17:17:42.244 16452 16452 E adbd    : failed to connect to socket 'tcp:6666': Connection refused
04-09 17:17:44.249 16452 16452 E adbd    : failed to connect to socket 'tcp:6666': Connection refused
04-09 17:17:44.549  1866  2461 D Mapcon  : SMVoice-0-Normal: enter handleCarrierConfigChangedInd
04-09 17:17:44.549  1866  2461 D Mapcon  : SMVoice-0-Normal: PrepareState,handled msg=CMD_CARRIER_CONFIG_CHANGE_IND
04-09 17:17:44.549  1866  2461 D Mapcon  : SMVoice-0-Normal: enter handleCarrierConfigChangedInd
04-09 17:17:44.549  1866  2461 D Mapcon  : SMVoice-0-Normal: PrepareState,handled msg=CMD_CARRIER_CONFIG_CHANGE_IND
04-09 17:17:44.550  1866  2438 D Mapcon  : MapconConfigImpl-0: handleMessage, msg id=1800
04-09 17:17:44.550  1866  2438 D Mapcon  : MapconConfigImpl-0: enter handleCarrierConfigChangedInd
04-09 17:17:44.553  1866  2438 I Mapcon  : MapconConfigImpl-0: KEY_CARRIER_WFC_IMS_AVAILABLE_BOOL is false!!!!!!!!!!
04-09 17:17:44.553  1866  2438 D Mapcon  : MapconConfigImpl-0: enter reset
04-09 17:17:44.554  1866  2438 D Mapcon  : MapconConfigImpl-0: handleMessage, msg id=1800
04-09 17:17:44.554  1866  2461 D Mapcon  : SMVoice-0-Normal: enter handleCarrierConfigChangedCnf
04-09 17:17:44.554  1866  2438 D Mapcon  : MapconConfigImpl-0: enter handleCarrierConfigChangedInd
04-09 17:17:44.556  1866  2438 I Mapcon  : MapconConfigImpl-0: KEY_CARRIER_WFC_IMS_AVAILABLE_BOOL is false!!!!!!!!!!
04-09 17:17:44.556  1866  2438 D Mapcon  : MapconConfigImpl-0: enter reset
04-09 17:17:44.557  1866  2461 D Mapcon  : MapconConfigImpl-0: enter isConfigReady, Config State is not ready!!!
04-09 17:17:44.557  1866  2461 V Mapcon  : SMVoice-0-Normal: Switch in XML off No need SIM Adp !
04-09 17:17:44.557  1866  2461 D Mapcon  : SMVoice-0-Normal: usim ready,read carrierconfig delay
04-09 17:17:44.557  1866  2461 D Mapcon  : SMVoice-0-Normal: PrepareState,handled msg=1801
04-09 17:17:44.557  1866  2461 D Mapcon  : SMVoice-0-Normal: enter handleCarrierConfigChangedCnf
04-09 17:17:44.557  1866  2461 D Mapcon  : MapconConfigImpl-0: enter isConfigReady, Config State is not ready!!!
04-09 17:17:44.557  1866  2461 V Mapcon  : SMVoice-0-Normal: Switch in XML off No need SIM Adp !
04-09 17:17:44.557  1866  2461 D Mapcon  : SMVoice-0-Normal: usim ready,read carrierconfig delay
04-09 17:17:44.557  1866  2461 D Mapcon  : SMVoice-0-Normal: PrepareState,handled msg=1801
04-09 17:17:45.153   744   744 I chatty  : uid=1000(system) /system/bin/thermal-daemon expire 18 lines
04-09 17:17:46.256 16452 16452 E adbd    : failed to connect to socket 'tcp:6666': Connection refused
04-09 17:17:48.261 16452 16452 E adbd    : failed to connect to socket 'tcp:6666': Connection refused
04-09 17:17:49.562  1866  2461 D Mapcon  : SMVoice-0-Normal: enter handleCarrierConfigChangedInd
04-09 17:17:49.562  1866  2461 D Mapcon  : SMVoice-0-Normal: PrepareState,handled msg=CMD_CARRIER_CONFIG_CHANGE_IND
04-09 17:17:49.562  1866  2438 D Mapcon  : MapconConfigImpl-0: handleMessage, msg id=1800
04-09 17:17:49.562  1866  2461 D Mapcon  : SMVoice-0-Normal: enter handleCarrierConfigChangedInd
04-09 17:17:49.562  1866  2438 D Mapcon  : MapconConfigImpl-0: enter handleCarrierConfigChangedInd
04-09 17:17:49.563  1866  2461 D Mapcon  : SMVoice-0-Normal: PrepareState,handled msg=CMD_CARRIER_CONFIG_CHANGE_IND
04-09 17:17:49.567  1866  2438 I Mapcon  : MapconConfigImpl-0: KEY_CARRIER_WFC_IMS_AVAILABLE_BOOL is false!!!!!!!!!!
04-09 17:17:49.567  1866  2438 D Mapcon  : MapconConfigImpl-0: enter reset
04-09 17:17:49.567  1866  2438 D Mapcon  : MapconConfigImpl-0: handleMessage, msg id=1800
04-09 17:17:49.567  1866  2461 D Mapcon  : SMVoice-0-Normal: enter handleCarrierConfigChangedCnf
04-09 17:17:49.567  1866  2438 D Mapcon  : MapconConfigImpl-0: enter handleCarrierConfigChangedInd
04-09 17:17:49.572  1866  2438 I Mapcon  : MapconConfigImpl-0: KEY_CARRIER_WFC_IMS_AVAILABLE_BOOL is false!!!!!!!!!!
04-09 17:17:49.573  1866  2438 D Mapcon  : MapconConfigImpl-0: enter reset
04-09 17:17:49.573  1866  2461 D Mapcon  : MapconConfigImpl-0: enter isConfigReady, Config State is not ready!!!
04-09 17:17:49.573  1866  2461 V Mapcon  : SMVoice-0-Normal: Switch in XML off No need SIM Adp !
04-09 17:17:49.573  1866  2461 D Mapcon  : SMVoice-0-Normal: usim ready,read carrierconfig delay
04-09 17:17:49.574  1866  2461 D Mapcon  : SMVoice-0-Normal: PrepareState,handled msg=1801
04-09 17:17:49.574  1866  2461 D Mapcon  : SMVoice-0-Normal: enter handleCarrierConfigChangedCnf
04-09 17:17:49.574  1866  2461 D Mapcon  : MapconConfigImpl-0: enter isConfigReady, Config State is not ready!!!
04-09 17:17:49.574  1866  2461 V Mapcon  : SMVoice-0-Normal: Switch in XML off No need SIM Adp !
04-09 17:17:49.574  1866  2461 D Mapcon  : SMVoice-0-Normal: usim ready,read carrierconfig delay
04-09 17:17:49.574  1866  2461 D Mapcon  : SMVoice-0-Normal: PrepareState,handled msg=1801
04-09 17:17:50.267 16452 16452 E adbd    : failed to connect to socket 'tcp:6666': Connection refused
04-09 17:17:52.273 16452 16452 E adbd    : failed to connect to socket 'tcp:6666': Connection refused
04-09 17:17:54.277 16452 16452 E adbd    : failed to connect to socket 'tcp:6666': Connection refused
04-09 17:17:54.578  1866  2461 D Mapcon  : SMVoice-0-Normal: enter handleCarrierConfigChangedInd
04-09 17:17:54.579  1866  2461 D Mapcon  : SMVoice-0-Normal: PrepareState,handled msg=CMD_CARRIER_CONFIG_CHANGE_IND
04-09 17:17:54.579  1866  2461 D Mapcon  : SMVoice-0-Normal: enter handleCarrierConfigChangedInd
04-09 17:17:54.579  1866  2461 D Mapcon  : SMVoice-0-Normal: PrepareState,handled msg=CMD_CARRIER_CONFIG_CHANGE_IND
04-09 17:17:54.580  1866  2438 D Mapcon  : MapconConfigImpl-0: handleMessage, msg id=1800
04-09 17:17:54.580  1866  2438 D Mapcon  : MapconConfigImpl-0: enter handleCarrierConfigChangedInd
04-09 17:17:54.585  1866  2438 I Mapcon  : MapconConfigImpl-0: KEY_CARRIER_WFC_IMS_AVAILABLE_BOOL is false!!!!!!!!!!
04-09 17:17:54.585  1866  2438 D Mapcon  : MapconConfigImpl-0: enter reset
04-09 17:17:54.585  1866  2438 D Mapcon  : MapconConfigImpl-0: handleMessage, msg id=1800
