--------- beginning of system
04-10 18:58:00.522  1900  9064 I ActivityTaskManager: START u0 {flg=0x10000000 cmp=com.YourCompany.EndlessRunner/com.epicgames.ue4.SplashActivity} from uid 2000
--------- beginning of main
04-10 18:58:00.527  1900  9064 E ANDR-PERF-JNI: com_qualcomm_qtiperformance_native_perf_io_prefetch_start
04-10 18:58:00.541  1900  9064 D CompatibilityInfo: mCompatibilityFlags - 0
04-10 18:58:00.541  1900  9064 D CompatibilityInfo: applicationDensity - 440
04-10 18:58:00.541  1900  9064 D CompatibilityInfo: applicationScale - 1.0
04-10 18:58:00.542  1900  9064 D ActivityTrigger: ActivityTrigger activityPauseTrigger 
04-10 18:58:00.546 20310 20310 D Launcher.Lifecycle: onPause:UserHandle{0},569707e,true
04-10 18:58:00.546 20310 20310 D Launcher_UnlockAnimationStateMachine: setState:PAUSE_WAIT
04-10 18:58:00.547 20310 20310 D ScreenElementRoot: pause
04-10 18:58:00.547 20310 21527 I RenderThread: RenderThread paused, waiting for signal
04-10 18:58:00.548  1900  2110 I SettingsInjector: notify first launch
04-10 18:58:00.549  1900  9064 I SensorService: check list, getPackageName  com.android.server.policy.WindowOrientationListener
04-10 18:58:00.549  1900  2110 W ActivityManager: Sending non-protected broadcast miui.intent.action.PACKAGE_FIRST_LAUNCH from system uid 1000 pkg null. Callers=com.android.server.am.ActivityManagerService.broadcastIntentLocked:15839 com.android.server.am.ActivityManagerService.broadcastIntentLocked:15193 com.android.server.am.ActivityManagerService.broadcastIntent:15982 com.android.server.pm.IActivityManagerCompat.sendBroadcast:19 com.android.server.pm.SettingsInjector$1.run:117 
04-10 18:58:00.549   798   798 I sensors-hal: batch:180, android.sensor.device_orientation/31, period=66667000, max_latency=0
04-10 18:58:00.549   798   798 I sensors-hal: batch:189, android.sensor.device_orientation/31, period=66667000, max_latency=0 request completed
04-10 18:58:00.549   798   798 I sensors-hal: activate:147, android.sensor.device_orientation/31 en=1
04-10 18:58:00.549   798   798 I sensors-hal: get_qmi_debug_flag:230, support_qmi_debug : false
04-10 18:58:00.557   798   798 I sensors-hal: activate:158, android.sensor.device_orientation/31 en=1 completed
04-10 18:58:00.558  2372  2372 D EventBus: [2372, u0] send(AppTransitionFinishedEvent)
04-10 18:58:00.558  2372  2372 D EventBus: [2372, u0]  -> ForcedResizableInfoActivityController [0xdfa233e, P1] onBusEvent(AppTransitionFinishedEvent)
04-10 18:58:00.559  2372  2372 D EventBus: [2372, u0] onBusEvent(AppTransitionFinishedEvent) duration: 24 microseconds, avg: 961
04-10 18:58:00.563  1847  1859 E ANDR-IOP: io prefetch is disabled
04-10 18:58:00.603  1900  9064 I ActivityTaskManager: Config changes=20000480 {1.0 216mcc70mnc [hu_HU] ldltr sw392dp w789dp h364dp 440dpi nrml long hdr land finger -keyb/v/h -nav/h winConfig={ mBounds=Rect(0, 0 - 2400, 1080) mAppBounds=Rect(100, 0 - 2270, 1080) mWindowingMode=fullscreen mDisplayWindowingMode=fullscreen mActivityType=undefined mAlwaysOnTop=undefined mRotation=ROTATION_90} s.277 themeChanged=2 themeChangedFlags=268466329 extraData = Bundle[{}]}
04-10 18:58:00.611   908   908 D SurfaceFlinger: Launcher Changed hasLauncher=0
04-10 18:58:00.611   908   908 D SurfaceFlinger: WallPaper Changed hasWallPaper=0
04-10 18:58:00.635  1900  9064 I ActivityTaskManager: Override config changes=20000480 {1.0 216mcc70mnc [hu_HU] ldltr sw392dp w789dp h364dp 440dpi nrml long hdr land finger -keyb/v/h -nav/h winConfig={ mBounds=Rect(0, 0 - 2400, 1080) mAppBounds=Rect(100, 0 - 2270, 1080) mWindowingMode=fullscreen mDisplayWindowingMode=fullscreen mActivityType=undefined mAlwaysOnTop=undefined mRotation=ROTATION_90} s.277 themeChanged=2 themeChangedFlags=268466329 extraData = Bundle[{}]} for displayId=0
04-10 18:58:00.635  1900  9064 W DisplayManagerService: Arvind :configureDisplayLocked info state  2
04-10 18:58:00.664  1283  1283 W GoogleInputMethodService: onConfigurationChanged() : NewConfig = {1.0 216mcc70mnc [hu_HU] ldltr sw392dp w789dp h364dp 440dpi nrml long hdr land finger -keyb/v/h -nav/h winConfig={ mBounds=Rect(0, 0 - 2400, 1080) mAppBounds=Rect(100, 0 - 2270, 1080) mWindowingMode=fullscreen mDisplayWindowingMode=fullscreen mActivityType=undefined mAlwaysOnTop=undefined mRotation=ROTATION_90} s.347 themeChanged=2 themeChangedFlags=268466329 extraData = Bundle[{}]}
04-10 18:58:00.665  1283  1283 W KeyboardModeManager: reloadOrientationAwareData() : orientation = 2
04-10 18:58:00.666 11731 11731 W lcomm.telephony: type=1400 audit(0.0:108974): avc: denied { search } for name="theme" dev="sda18" ino=460 scontext=u:r:qtelephony:s0:c222,c256,c512,c768 tcontext=u:object_r:theme_data_file:s0 tclass=dir permissive=0
04-10 18:58:00.686  1900  9064 I Timeline: Timeline: App_transition_ready time:44933311
04-10 18:58:00.688  1900  9064 I Timeline: Timeline: App_transition_ready time:44933313
04-10 18:58:00.689  1900  2075 W ActivityManager: Slow operation: 140ms so far, now at startProcess: done creating new process record
04-10 18:58:00.689  1900  2075 W ActivityManager: Slow operation: 140ms so far, now at startProcess: stepping in to startProcess
04-10 18:58:00.666 11731 11731 W lcomm.telephony: type=1400 audit(0.0:108975): avc: denied { search } for name="theme" dev="sda18" ino=460 scontext=u:r:qtelephony:s0:c222,c256,c512,c768 tcontext=u:object_r:theme_data_file:s0 tclass=dir permissive=0
04-10 18:58:00.689  1900  2021 E system_server: Invalid ID 0x00000000.
04-10 18:58:00.690  1900  2075 W ActivityManager: Slow operation: 141ms so far, now at startProcess: done starting proc!
04-10 18:58:00.691 20310 20333 D Launcher: disableStatusBarClock:false
04-10 18:58:00.692   908  1615 D BufferQueueLayer: Launcher new frame Arrived
04-10 18:58:00.701  1900  2020 D DisplayManagerService: Delivering display event: displayId=0, event=2
04-10 18:58:00.705  1283  1283 W KeyboardModeManager: setInputView() : inputView = null
04-10 18:58:00.713  1283  1283 I GoogleInputMethodService: Apply keyboard theme: theme_border_stylesheet_materiallight_system:xiaomi_theme_20171222.zip_land
04-10 18:58:00.716  1900  2021 I Timeline: Timeline: App_transition_ready time:44933341
04-10 18:58:00.719  1900  2021 I Timeline: Timeline: App_transition_ready time:44933344
04-10 18:58:00.722  1900  7330 I Timeline: Timeline: App_transition_ready time:44933347
04-10 18:58:00.724 20310 20310 D Launcher_WallpaperUtils: changeStatusBarMode:false
04-10 18:58:00.729  2372  2372 I vol.MiuiVolumeDialogImp: onConfigChanged sensitive config changed
04-10 18:58:00.729  2372  2372 I vol.MiuiVolumeDialogImp: dismissH mShowing:false dialog showing:false reason:8
04-10 18:58:00.729  2372  2859 D NetworkController.MobileSignalController(1): 4G level = 5
04-10 18:58:00.732   672   672 D Zygote  : Forked child process 13840
04-10 18:58:00.735  1900  2076 D Boost   : hostingType=broadcast, hostingName={com.mi.android.globalminusscreen/com.miui.analytics.internal.ApkReceiver}, callerPackage=null, isSystem=true, isBoostNeeded=false.
04-10 18:58:00.735  1900  2076 I ActivityManager: Start proc 13840:com.mi.android.globalminusscreen/1000 for broadcast {com.mi.android.globalminusscreen/com.miui.analytics.internal.ApkReceiver} caller=null
04-10 18:58:00.737 15342 15402 I BtGatt.ScanManager: msg.what = 8
04-10 18:58:00.740 20310 20310 D Launcher.ShortcutMenu: calculateScale, heightScale=1.0, widthScale=0.97833335
04-10 18:58:00.742 15342 15402 I BtGatt.ScanManager: msg.what = 5
04-10 18:58:00.743  1900  2285 D NtpTrustedTime: currentTimeMillis() cache hit
04-10 18:58:00.747  1900  2285 D NtpTrustedTime: currentTimeMillis() cache hit
04-10 18:58:00.751  1900  2020 I InputManager-JNI: Viewport [0] to add: local:19260561890160513
04-10 18:58:00.752  1900  7330 I Timeline: Timeline: App_transition_ready time:44933377
04-10 18:58:00.753  1900  7330 I Timeline: Timeline: App_transition_stopped time:44933378
04-10 18:58:00.758  1900  2020 D ActivityTrigger: ActivityTrigger activityStopTrigger 
04-10 18:58:00.758   809   809 W ANDR-PERF-LM: WQ: push() 54: LMTriggerQ push() size=10 mFlushThreshold=10, Reached threshold => flooding detected, clearing Queue
04-10 18:58:00.759  1900  2262 I InputReader: Reconfiguring input devices.  changes=0x00000004
04-10 18:58:00.759  1900  2262 I InputReader: Device reconfigured: id=8, name='fts_ts', size 1080x2400, orientation 1, mode 1, display id 0
04-10 18:58:00.762 20310 20310 D Launcher.ShortcutMenu: calculateScale, heightScale=1.0, widthScale=0.97833335
04-10 18:58:00.763 20310 20310 D Launcher.Lifecycle: onWindowFocusChanged:false,UserHandle{0},569707e,true
04-10 18:58:00.765 20310 20310 D Launcher.Lifecycle: onStop:UserHandle{0},569707e,false
04-10 18:58:00.769  1900  2021 I WindowManager: Screen frozen for +212ms due to Window{37271a1 u0 Splash Screen com.YourCompany.EndlessRunner}
04-10 18:58:00.789  1900  2278 I MiuiNetworkPolicy: updateUidState uid = 10250, uidState = 20
04-10 18:58:00.789  1900  2278 I MiuiNetworkPolicy: updateUidState uid = 10095, uidState = 15
04-10 18:58:00.791 13840 13840 E obalminusscree: Not starting debugger since process cannot load the jdwp agent.
04-10 18:58:00.801   673   673 D Zygote  : Forked child process 13859
04-10 18:58:00.802  1900  2076 D Boost   : hostingType=activity, hostingName={com.YourCompany.EndlessRunner/com.epicgames.ue4.SplashActivity}, callerPackage=null, isSystem=true, isBoostNeeded=false.
04-10 18:58:00.802  1900  2076 W ActivityManager: Slow operation: 111ms so far, now at startProcess: returned from zygote!
04-10 18:58:00.808  2372  2372 D PhoneStatusBar/NavigationBarView: setDisabledFlags back:false home:false recent:false
04-10 18:58:00.810  1900  2076 W ActivityManager: Slow operation: 119ms so far, now at startProcess: done updating battery stats
04-10 18:58:00.810   908   908 W HwcComposer: command 0x4080000 generated error 4
04-10 18:58:00.810  1900  2076 W ActivityManager: Slow operation: 119ms so far, now at startProcess: building log message
04-10 18:58:00.810  1900  2076 I ActivityManager: Start proc 13859:com.YourCompany.EndlessRunner/u0a250 for activity {com.YourCompany.EndlessRunner/com.epicgames.ue4.SplashActivity} caller=null
04-10 18:58:00.810  1900  2076 W ActivityManager: Slow operation: 119ms so far, now at startProcess: starting to update pids map
04-10 18:58:00.810  1900  2076 W ActivityManager: Slow operation: 119ms so far, now at startProcess: done updating pids map
04-10 18:58:00.810   908   908 I chatty  : uid=1000(system) surfaceflinger identical 142 lines
04-10 18:58:00.818  2372  2372 D EventBus: [2372, u0] send(AppTransitionFinishedEvent)
04-10 18:58:00.818  2372  2372 D EventBus: [2372, u0]  -> ForcedResizableInfoActivityController [0xdfa233e, P1] onBusEvent(AppTransitionFinishedEvent)
04-10 18:58:00.818  2372  2372 D EventBus: [2372, u0] onBusEvent(AppTransitionFinishedEvent) duration: 14 microseconds, avg: 958
04-10 18:58:00.822 13859 13859 I chatty  : uid=10250(u0_a250) com.YourCompany.EndlessRunner expire 68 lines
04-10 18:58:00.823  1900  9872 I chatty  : uid=1000(system) Binder:1900_1D expire 15 lines
04-10 18:58:00.828  2372  2788 D QSTile.CellularTile: handleUpdateState: isMobileDataEnabled: true
04-10 18:58:00.839  2372  2788 D MobileSignalController: updateDataType mSelectedDataTypeIcon[1]=2131232701, mSelectedDataActivityIndex=6
04-10 18:58:00.843  2372  2788 D TelephonyIcons: getSignalStrengthIcon: slot=1, inetCondition=1, level=5, roaming=false, signalstrength=SignalStrength:{mCdma=CellSignalStrengthCdma: cdmaDbm=2147483647 cdmaEcio=2147483647 evdoDbm=2147483647 evdoEcio=2147483647 evdoSnr=2147483647 miuiLevel=0 level=0,mGsm=CellSignalStrengthGsm: rssi=2147483647 ber=2147483647 mTa=2147483647 miuiLevel=0 mLevel=0,mWcdma=CellSignalStrengthWcdma: ss=2147483647 ber=2147483647 rscp=2147483647 ecno=2147483647 miuiLevel=0 level=0,mTdscdma=CellSignalStrengthTdscdma: rssi=2147483647 ber=2147483647 rscp=2147483647 miuiLevel=0 level=0,mLte=CellSignalStrengthLte: rssi=-63 rsrp=-88 rsrq=-8 rssnr=226 cqi=2147483647 ta=2147483647 miuiLevel=5 level=4,mNr=CellSignalStrengthNr:{ csiRsrp = 2147483647 csiRsrq = 2147483647 csiSinr = 2147483647 ssRsrp = 2147483647 ssRsrq = 2147483647 ssSinr = 2147483647 miuiLevel = 0 level = 0 },primary=CellSignalStrengthLte}
04-10 18:58:00.848  2372  2788 D TelephonyIcons: getDataActivity, slot=1, activity=0
04-10 18:58:00.848  2372  2788 D TelephonyIcons: null signal icon name: drawable/stat_sys_signal_null
04-10 18:58:00.848  2372  2788 D TelephonyIcons: getDataTypeIcon sub=1
04-10 18:58:00.849  2372  2372 D PhoneStatusBar/NavigationBarView: scaleType CENTER
04-10 18:58:00.858  2372  2788 D MobileSignalController: updateDataType mSelectedDataTypeIcon[1]=2131232701, mSelectedDataActivityIndex=6
04-10 18:58:00.858  2372  2788 D TelephonyIcons: getSignalStrengthIcon: slot=1, inetCondition=1, level=5, roaming=false, signalstrength=SignalStrength:{mCdma=CellSignalStrengthCdma: cdmaDbm=2147483647 cdmaEcio=2147483647 evdoDbm=2147483647 evdoEcio=2147483647 evdoSnr=2147483647 miuiLevel=0 level=0,mGsm=CellSignalStrengthGsm: rssi=2147483647 ber=2147483647 mTa=2147483647 miuiLevel=0 mLevel=0,mWcdma=CellSignalStrengthWcdma: ss=2147483647 ber=2147483647 rscp=2147483647 ecno=2147483647 miuiLevel=0 level=0,mTdscdma=CellSignalStrengthTdscdma: rssi=2147483647 ber=2147483647 rscp=2147483647 miuiLevel=0 level=0,mLte=CellSignalStrengthLte: rssi=-63 rsrp=-88 rsrq=-8 rssnr=226 cqi=2147483647 ta=2147483647 miuiLevel=5 level=4,mNr=CellSignalStrengthNr:{ csiRsrp = 2147483647 csiRsrq = 2147483647 csiSinr = 2147483647 ssRsrp = 2147483647 ssRsrq = 2147483647 ssSinr = 2147483647 miuiLevel = 0 level = 0 },primary=CellSignalStrengthLte}
04-10 18:58:00.858  2372  2788 D TelephonyIcons: getDataActivity, slot=1, activity=0
04-10 18:58:00.861  2372  2788 D TelephonyIcons: null signal icon name: drawable/stat_sys_signal_null
04-10 18:58:00.861  2372  2788 D TelephonyIcons: getDataTypeIcon sub=1
04-10 18:58:00.880   815   763 I chatty  : uid=1000(system) HwBinder:815_5 expire 98 lines
04-10 18:58:00.885 20310 20310 D Launcher_UnlockAnimationStateMachine: mResetIdleStateRunnable
04-10 18:58:00.929  2372  2372 D SignalClusterView: updateMobileTypeImage  0
04-10 18:58:00.930  2372  2372 I chatty  : uid=1000(system) com.android.systemui identical 163 lines
04-10 18:58:00.950  1900  7330 I chatty  : uid=1000(system) Binder:1900_17 expire 12 lines
04-10 18:58:00.953  1283  1283 I KeyboardViewUtil: systemKeyboardHeightRatio:1.000000; userKeyboardHeightRatio:1.000000.
04-10 18:58:00.965  1006  1389 I PBSessionCacheImpl: Deleted sessionId[4426051916821033] from persistence.
04-10 18:58:00.968  1900  7330 W ActivityTaskManager: Request to remove task ignored for non-existent task 9
04-10 18:58:00.969  4140  6605 I ProcessMonitor: onForegroundInfoChanged: ForegroundInfo{mForegroundPackageName='com.YourCompany.EndlessRunner', mForegroundUid=10250, mForegroundPid=13859, mLastForegroundPackageName='com.miui.home', mLastForegroundUid=10095, mLastForegroundPid=20310, mMultiWindowForegroundPackageName='null', mMultiWindowForegroundUid=-1, mFlags=1}
04-10 18:58:00.969  4140  6605 I GameBoosterService: onForegroundInfoChanged: Cur=com.YourCompany.EndlessRunner	 last=com.miui.home
04-10 18:58:00.969 10442 10550 I GST     : forePkg: com.YourCompany.EndlessRunner, preForePkg: com.miui.home
04-10 18:58:00.971  4140  6605 D GameBoosterService: onGameStatusChange foreground:ForegroundInfo{mForegroundPackageName='com.YourCompany.EndlessRunner', mForegroundUid=10250, mForegroundPid=13859, mLastForegroundPackageName='com.miui.home', mLastForegroundUid=10095, mLastForegroundPid=20310, mMultiWindowForegroundPackageName='null', mMultiWindowForegroundUid=-1, mFlags=1}
04-10 18:58:00.971  4140  6605 I GameBoosterService: onForegroundInfoChanged: Exit
04-10 18:58:00.982  1283  1283 I DeviceStatusMonitor: onReceive() : Action = android.intent.action.CONFIGURATION_CHANGED
04-10 18:58:00.982  1283  1283 I ConfigurationNotification: Get device mode by ui mode:1 and smallestScreenWidthDp:392
04-10 18:58:00.983  1283  1283 I chatty  : uid=10220(com.google.android.inputmethod.latin) identical 3 lines
04-10 18:58:00.984  1283  1283 I ConfigurationNotification: Get device mode by ui mode:1 and smallestScreenWidthDp:392
04-10 18:58:00.986   670  2273 I netd    : firewallSetUidRule(2, 10250, 1) <0.05ms>
04-10 18:58:01.014 13840 13840 I obalminusscree: The ClassLoaderContext is a special shared library.
04-10 18:58:01.019 10201 13450 I CloudSettingsProvider: uriMatch : 2
04-10 18:58:01.021  1900  2278 I chatty  : uid=1000(system) MiuiNetworkPoli expire 32 lines
04-10 18:58:01.051  1006  1484 W SearchServiceCore: Abort, client detached.
04-10 18:58:01.066 10201 13450 I CloudSettingsProvider: uriMatch : 2
04-10 18:58:01.070  1006  1484 I MicroDetectionState: Should stop hotword detection immediately - true
04-10 18:58:01.136 13840 13840 I Perf    : Connecting to perf service.
04-10 18:58:01.201 13840 13840 D miuisdk : current sdk level is 19
04-10 18:58:01.201 13840 13840 I miuisdk : initialize without hook
04-10 18:58:01.219  2372  2384 I chatty  : uid=1000(system) HeapTaskDaemon expire 1 line
04-10 18:58:01.248 13840 13840 W Linkify.v16: reflect applyLink failed: 
04-10 18:58:01.248 13840 13840 W Linkify.v16: miui.reflect.NoSuchMethodException: Couldn't find method android/text/util/Linkify.applyLink(Ljava/lang/String;IILandroid/text/Spannable;)V
04-10 18:58:01.248 13840 13840 W Linkify.v16: 	at com.miui.internal.os.Native.getMethod(Native Method)
04-10 18:58:01.248 13840 13840 W Linkify.v16: 	at miui.reflect.Method.of(Method.java:35)
04-10 18:58:01.248 13840 13840 W Linkify.v16: 	at com.miui.internal.variable.v16.Android_Text_Util_Linkify_class.<clinit>(Android_Text_Util_Linkify_class.java:70)
04-10 18:58:01.248 13840 13840 W Linkify.v16: 	at java.lang.Class.classForName(Native Method)
04-10 18:58:01.248 13840 13840 W Linkify.v16: 	at java.lang.Class.forName(Class.java:454)
04-10 18:58:01.248 13840 13840 W Linkify.v16: 	at java.lang.Class.forName(Class.java:379)
04-10 18:58:01.248 13840 13840 W Linkify.v16: 	at com.miui.internal.variable.AbsClassFactory.create(AbsClassFactory.java:24)
04-10 18:58:01.248 13840 13840 W Linkify.v16: 	at com.miui.internal.variable.Android_Text_Util_Linkify_class$Factory.<init>(Android_Text_Util_Linkify_class.java:40)
04-10 18:58:01.248 13840 13840 W Linkify.v16: 	at com.miui.internal.variable.Android_Text_Util_Linkify_class$Factory.<init>(Android_Text_Util_Linkify_class.java:26)
04-10 18:58:01.248 13840 13840 W Linkify.v16: 	at com.miui.internal.variable.Android_Text_Util_Linkify_class$Factory$1.createInstance(Android_Text_Util_Linkify_class.java:32)
04-10 18:58:01.248 13840 13840 W Linkify.v16: 	at com.miui.internal.variable.Android_Text_Util_Linkify_class$Factory$1.createInstance(Android_Text_Util_Linkify_class.java:29)
04-10 18:58:01.248 13840 13840 W Linkify.v16: 	at miui.util.SoftReferenceSingleton.get(SoftReferenceSingleton.java:25)
04-10 18:58:01.248 13840 13840 W Linkify.v16: 	at com.miui.internal.variable.Android_Text_Util_Linkify_class$Factory.getInstance(Android_Text_Util_Linkify_class.java:44)
04-10 18:58:01.248 13840 13840 W Linkify.v16: 	at com.miui.internal.initialization.OverrideHelper.doInitialize(OverrideHelper.java:37)
04-10 18:58:01.248 13840 13840 W Linkify.v16: 	at miui.core.SdkManager.initialize(SdkManager.java:99)
04-10 18:58:01.248 13840 13840 W Linkify.v16: 	at java.lang.reflect.Method.invoke(Native Method)
04-10 18:58:01.248 13840 13840 W Linkify.v16: 	at miui.externalassistant.Application.initializeSdk(SourceFile:4)
04-10 18:58:01.248 13840 13840 W Linkify.v16: 	at miui.externalassistant.Application.<init>(SourceFile:3)
04-10 18:58:01.248 13840 13840 W Linkify.v16: 	at com.mi.android.globalminusscreen.Application.<init>(SourceFile:1)
04-10 18:58:01.248 13840 13840 W Linkify.v16: 	at java.lang.Class.newInstance(Native Method)
04-10 18:58:01.248 13840 13840 W Linkify.v16: 	at android.app.AppComponentFactory.instantiateApplication(AppComponentFactory.java:76)
04-10 18:58:01.248 13840 13840 W Linkify.v16: 	at androidx.core.app.CoreComponentFactory.instantiateApplication(SourceFile:1)
04-10 18:58:01.248 13840 13840 W Linkify.v16: 	at android.app.Instrumentation.newApplication(Instrumentation.java:1156)
04-10 18:58:01.248 13840 13840 W Linkify.v16: 	at android.app.LoadedApk.makeApplication(LoadedApk.java:1222)
04-10 18:58:01.248 13840 13840 W Linkify.v16: 	at android.app.ActivityThread.handleBindApplication(ActivityThread.java:6511)
04-10 18:58:01.248 13840 13840 W Linkify.v16: 	at android.app.ActivityThread.access$1400(ActivityThread.java:220)
04-10 18:58:01.248 13840 13840 W Linkify.v16: 	at android.app.ActivityThread$H.handleMessage(ActivityThread.java:1883)
04-10 18:58:01.248 13840 13840 W Linkify.v16: 	at android.os.Handler.dispatchMessage(Handler.java:107)
04-10 18:58:01.248 13840 13840 W Linkify.v16: 	at android.os.Looper.loop(Looper.java:224)
04-10 18:58:01.248 13840 13840 W Linkify.v16: 	at android.app.ActivityThread.main(ActivityThread.java:7520)
04-10 18:58:01.248 13840 13840 W Linkify.v16: 	at java.lang.reflect.Method.invoke(Native Method)
04-10 18:58:01.248 13840 13840 W Linkify.v16: 	at com.android.internal.os.RuntimeInit$MethodAndArgsCaller.run(RuntimeInit.java:539)
04-10 18:58:01.248 13840 13840 W Linkify.v16: 	at com.android.internal.os.ZygoteInit.main(ZygoteInit.java:950)
04-10 18:58:01.253  2372  2386 I chatty  : uid=1000(system) FinalizerDaemon expire 4 lines
04-10 18:58:01.282  2372  2372 W Looper  : Slow Looper main: doFrame is 386ms late because of 69 msg, msg 1 took 153ms (seq=276672 running=34ms runnable=39ms late=115ms h=android.view.Choreographer$FrameHandler c=android.view.Choreographer$FrameDisplayEventReceiver), msg 66 took 176ms (seq=276737 running=97ms runnable=63ms io=1ms late=214ms h=android.os.Handler c=com.miui.systemui.support.v4.app.FragmentManagerImpl$1)
04-10 18:58:01.328 13840 13840 I LoadedApk: No resource references to update in package com.mi.android.globalminusscreen
04-10 18:58:01.356 13859 13887 I chatty  : uid=10250(u0_a250) com.YourCompany.EndlessRunner expire 4 lines
04-10 18:58:01.387 13859 13889 I chatty  : uid=10250(u0_a250) com.YourCompany.EndlessRunner expire 4 lines
04-10 18:58:01.398 13840 13902 I DynamiteModule: Considering local module com.google.android.gms.measurement.dynamite:13 and remote module com.google.android.gms.measurement.dynamite:0
04-10 18:58:01.398 13840 13902 I DynamiteModule: Selected local version of com.google.android.gms.measurement.dynamite
04-10 18:58:01.396 13840 13840 W Thread-2: type=1400 audit(0.0:108977): avc: denied { execute } for path="/data/user_de/0/com.google.android.gms/app_chimera/m/0000000b/oat/arm64/DynamiteLoader.odex" dev="sda18" ino=12819 scontext=u:r:system_app:s0 tcontext=u:object_r:privapp_data_file:s0:c512,c768 tclass=file permissive=0
04-10 18:58:01.396 13840 13840 W Thread-2: type=1400 audit(0.0:108978): avc: denied { execute } for path="/data/user_de/0/com.google.android.gms/app_chimera/m/0000000b/oat/arm64/DynamiteLoader.odex" dev="sda18" ino=12819 scontext=u:r:system_app:s0 tcontext=u:object_r:privapp_data_file:s0:c512,c768 tclass=file permissive=0
04-10 18:58:01.405 13840 13886 W obalminusscree: Unsupported class loader
04-10 18:58:01.417 13840 13886 I DynamiteModule: Considering local module com.google.android.gms.ads.dynamite:0 and remote module com.google.android.gms.ads.dynamite:210402101
04-10 18:58:01.417 13840 13886 I DynamiteModule: Selected remote version of com.google.android.gms.ads.dynamite, version >= 210402101
04-10 18:58:01.417 13840 13886 V DynamiteModule: Dynamite loader version >= 2, using loadModule2NoCrashUtils
04-10 18:58:01.454   670 13905 E ResolverController: No valid NAT64 prefix (113, <unspecified>/0)
04-10 18:58:01.454 13840 13840 I FirebaseCrashlytics: Initializing Crashlytics 17.1.0
04-10 18:58:01.493 13840 13840 I FirebaseInitProvider: FirebaseApp initialization successful
04-10 18:58:01.496 13148 13148 E adbd    : failed to connect to socket 'tcp:6666': Connection refused
04-10 18:58:01.504 13840 13886 I DynamiteLoaderV2Impl: [71] AdsFdrDynamite.integ
04-10 18:58:01.509  1900  9064 I ActivityTaskManager: START u0 {act=android.content.pm.action.REQUEST_PERMISSIONS pkg=com.google.android.permissioncontroller cmp=com.google.android.permissioncontroller/com.android.packageinstaller.permission.ui.GrantPermissionsActivity (has extras)} from uid 10250
04-10 18:58:01.526  1900  9064 I chatty  : uid=1000(system) Binder:1900_1C expire 24 lines
04-10 18:58:01.527 13840 13906 I FeatureParser: can't find joyeuse.xml in assets/device_features/,it may be in /vendor/etc/device_features
04-10 18:58:01.566  1900  2271 V UiModeManager: switch night mode to 1
04-10 18:58:01.567 13859 13859 W Looper  : Slow Looper main: Activity com.YourCompany.EndlessRunner/com.epicgames.ue4.SplashActivity is 384ms late (wall=1ms running=0ms ClientTransaction{ callbacks=[android.app.servertransaction.TopResumedActivityChangeItem] }) because of 2 msg, msg 1 took 369ms (seq=2 running=284ms runnable=47ms io=10ms late=1ms h=android.app.ActivityThread$H w=110), msg 2 took 212ms (seq=3 running=119ms runnable=18ms io=19ms late=174ms h=android.app.ActivityThread$H w=159)
04-10 18:58:01.571  1900  9872 I ActivityTaskManager: The Process com.google.android.permissioncontroller Already Exists in BG. So sending its PID: 12655
04-10 18:58:01.575 12655 12655 W ActivityThread: handleWindowVisibility: no activity for token android.os.BinderProxy@cb3a197
04-10 18:58:01.578  4140  4189 I ProcessMonitor: onForegroundInfoChanged: ForegroundInfo{mForegroundPackageName='com.google.android.permissioncontroller', mForegroundUid=10096, mForegroundPid=12655, mLastForegroundPackageName='com.YourCompany.EndlessRunner', mLastForegroundUid=10250, mLastForegroundPid=13859, mMultiWindowForegroundPackageName='null', mMultiWindowForegroundUid=-1, mFlags=0}
04-10 18:58:01.578 10442 10550 I GST     : forePkg: com.google.android.permissioncontroller, preForePkg: com.YourCompany.EndlessRunner
04-10 18:58:01.578  4140  4189 I GameBoosterService: onForegroundInfoChanged: Cur=com.google.android.permissioncontroller	 last=com.YourCompany.EndlessRunner
04-10 18:58:01.582 10201 13450 I CloudSettingsProvider: uriMatch : 2
04-10 18:58:01.584  1900  9872 I Timeline: Timeline: App_transition_ready time:44934209
04-10 18:58:01.584  4140  4189 D GameBoosterService: onGameStatusChange foreground:ForegroundInfo{mForegroundPackageName='com.google.android.permissioncontroller', mForegroundUid=10096, mForegroundPid=12655, mLastForegroundPackageName='com.YourCompany.EndlessRunner', mLastForegroundUid=10250, mLastForegroundPid=13859, mMultiWindowForegroundPackageName='null', mMultiWindowForegroundUid=-1, mFlags=0}
04-10 18:58:01.584  4140  4189 I GameBoosterService: onForegroundInfoChanged: Exit
04-10 18:58:01.601 10201 13450 I CloudSettingsProvider: uriMatch : 2
04-10 18:58:01.602  1900  3531 I Timeline: Timeline: App_transition_ready time:44934227
04-10 18:58:01.604  1900  3531 I Timeline: Timeline: App_transition_ready time:44934229
04-10 18:58:01.622 13859 13891 I chatty  : uid=10250(u0_a250) com.YourCompany.EndlessRunner expire 4 lines
04-10 18:58:01.629 13840 13933 D NetworkSecurityConfig: No Network Security Config specified, using platform default
04-10 18:58:01.630 13840 13933 I DpmTcmClient: RegisterTcmMonitor from: $Proxy0
04-10 18:58:01.674   670 13939 E ResolverController: No valid NAT64 prefix (113, <unspecified>/0)
04-10 18:58:01.679   670  1367 I miuiFirewall: mPackageInfoMap is empty! pid: 13840 , uid： 1000
04-10 18:58:01.680   670  1367 I miuiFirewall: mPackageInfoMap is empty! pid: 13840 , uid： 1000
04-10 18:58:01.694 13840 13840 I TaskScheduler: TaskScheduler CORE_POOL_SIZE = 7; MAXIMUM_POOL_SIZE = 15
04-10 18:58:01.699 13840 13840 D OneTrackSdk: log on: false, quick upload on: false
04-10 18:58:01.702 13840 13840 D OneTrackImp: OneTrackImp init : Configuration{appId='28***************06', pluginId='null', channel='xiaomi', international=false, region='null', overrideMiuiRegionSetting=false, mode=APP, GAIDEnable=false, IMSIEnable=true, IMEIEnable=false, ExceptionCatcherEnable=false}
04-10 18:58:01.711  1900  2271 V UiModeManager: switch night mode to 1
04-10 18:58:01.729  1900 10787 I Timeline: Timeline: App_transition_ready time:44934354
04-10 18:58:01.731  1900 10787 I Timeline: Timeline: App_transition_ready time:44934356
04-10 18:58:01.733 12655 13931 I AdrenoGLES: QUALCOMM build                   : ed77089, I0c4fc4bb0e
04-10 18:58:01.733 12655 13931 I AdrenoGLES: Build Date                       : 12/24/19
04-10 18:58:01.733 12655 13931 I AdrenoGLES: OpenGL ES Shader Compiler Version: EV031.27.05.03
04-10 18:58:01.733 12655 13931 I AdrenoGLES: Local Branch                     : 
04-10 18:58:01.733 12655 13931 I AdrenoGLES: Remote Branch                    : 
04-10 18:58:01.733 12655 13931 I AdrenoGLES: Remote Branch                    : 
04-10 18:58:01.733 12655 13931 I AdrenoGLES: Reconstruct Branch               : 
04-10 18:58:01.733 12655 13931 I AdrenoGLES: Build Config                     : S P 8.0.12 AArch64
04-10 18:58:01.724 13840 13840 I WebViewFactory: Loading com.google.android.webview version 83.0.4103.101 (code 410410183)
04-10 18:58:01.736 12655 13931 I AdrenoGLES: PFP: 0x016ee187, ME: 0x00000000
04-10 18:58:01.754   558   558 I hwservicemanager: getTransport: Cannot find entry android.hardware.graphics.mapper@3.0::IMapper/default in either framework or device manifest.
04-10 18:58:01.754 12655 13931 W Gralloc3: mapper 3.x is not supported
04-10 18:58:01.759   558   558 I hwservicemanager: getTransport: Cannot find entry android.hardware.graphics.mapper@3.0::IMapper/default in either framework or device manifest.
04-10 18:58:01.766  1900  2021 I Timeline: Timeline: App_transition_ready time:44934391
04-10 18:58:01.768  1900  2073 I chatty  : uid=1000(system) android.bg expire 2 lines
04-10 18:58:01.768  1900  2021 I Timeline: Timeline: Activity_windows_visible id: ActivityRecord{ef56f6b u0 com.google.android.permissioncontroller/com.android.packageinstaller.permission.ui.GrantPermissionsActivity t10} time:44934393
04-10 18:58:01.768  1900  2021 I Timeline: Timeline: App_transition_stopped time:44934393
04-10 18:58:01.792 13840 13951 D IdProviderImpl: getOAID
04-10 18:58:01.844   670 13952 E ResolverController: No valid NAT64 prefix (113, <unspecified>/0)
04-10 18:58:01.846   670  1367 I miuiFirewall: mPackageInfoMap is empty! pid: 13840 , uid： 1000
04-10 18:58:01.852  1900  2021 I Timeline: Timeline: Activity_windows_visible id: ActivityRecord{6f79a31 u0 com.YourCompany.EndlessRunner/com.epicgames.ue4.SplashActivity t10} time:44934477
04-10 18:58:01.857  1900  6916 W BroadcastQueueInjector: Unable to launch app com.mi.globalbrowser/10092 for broadcast Intent { act=miui.intent.action.PACKAGE_FIRST_LAUNCH flg=0x1000010 (has extras) }: process is not permitted to  auto start
04-10 18:58:01.847   670  1367 I miuiFirewall: mPackageInfoMap is empty! pid: 13840 , uid： 1000
04-10 18:58:01.871  1900  2075 I chatty  : uid=1000(system) ActivityManager expire 9 lines
04-10 18:58:01.878  2762 13967 D IdProviderImpl: getOAID
04-10 18:58:01.883 13840 13961 E Analytics-Core-Analytics: getClientExtra exception: 
04-10 18:58:01.883 13840 13961 E Analytics-Core-Analytics: java.lang.IllegalArgumentException: Context must contain application context.
04-10 18:58:01.883 13840 13961 E Analytics-Core-Analytics: 	at com.miui.analytics.internal.policy.h.<init>(SourceFile:7)
04-10 18:58:01.883 13840 13961 E Analytics-Core-Analytics: 	at com.miui.analytics.internal.policy.h.a(SourceFile:5)
04-10 18:58:01.883 13840 13961 E Analytics-Core-Analytics: 	at com.miui.analytics.AnalyticsCore.getClientExtra(SourceFile:2)
04-10 18:58:01.883 13840 13961 E Analytics-Core-Analytics: 	at com.miui.analytics.internal.util.g.b(SourceFile:2)
04-10 18:58:01.883 13840 13961 E Analytics-Core-Analytics: 	at com.miui.analytics.internal.util.g.a(SourceFile:4)
04-10 18:58:01.883 13840 13961 E Analytics-Core-Analytics: 	at com.miui.analytics.internal.LogEvent.a(SourceFile:40)
04-10 18:58:01.883 13840 13961 E Analytics-Core-Analytics: 	at com.miui.analytics.internal.LogEvent.<init>(SourceFile:42)
04-10 18:58:01.883 13840 13961 E Analytics-Core-Analytics: 	at com.miui.analytics.internal.collection.a.b(SourceFile:15)
04-10 18:58:01.883 13840 13961 E Analytics-Core-Analytics: 	at com.miui.analytics.internal.ApkReceiver$1.run(SourceFile:6)
04-10 18:58:01.883 13840 13961 E Analytics-Core-Analytics: 	at java.util.concurrent.ThreadPoolExecutor.runWorker(ThreadPoolExecutor.java:1167)
04-10 18:58:01.883 13840 13961 E Analytics-Core-Analytics: 	at java.util.concurrent.ThreadPoolExecutor$Worker.run(ThreadPoolExecutor.java:641)
04-10 18:58:01.883 13840 13961 E Analytics-Core-Analytics: 	at java.lang.Thread.run(Thread.java:919)
04-10 18:58:01.884 13840 13961 D IdProviderImpl: getOAID
04-10 18:58:01.905   670 13966 E ResolverController: No valid NAT64 prefix (113, <unspecified>/0)
04-10 18:58:01.909   673   673 D Zygote  : Forked child process 13971
04-10 18:58:01.910   670  1367 I miuiFirewall: mPackageInfoMap is empty! pid: 13840 , uid： 1000
04-10 18:58:01.910  1900  2076 D Boost   : hostingType=service, hostingName={com.google.android.webview/org.chromium.android_webview.services.VariationsSeedServer}, callerPackage=com.mi.android.globalminusscreen, isSystem=true, isBoostNeeded=false.
04-10 18:58:01.915  1900  2076 I ActivityManager: Start proc 13971:com.google.android.webview:webview_service/u0a202 for service {com.google.android.webview/org.chromium.android_webview.services.VariationsSeedServer} caller=com.mi.android.globalminusscreen
04-10 18:58:01.915   670  1367 I chatty  : uid=0(root) Binder:670_2 identical 1 line
04-10 18:58:01.918   670  1367 I miuiFirewall: mPackageInfoMap is empty! pid: 13840 , uid： 1000
04-10 18:58:01.919   670  1367 I miuiFirewall: mPackageInfoMap is empty! pid: 13840 , uid： 1000
04-10 18:58:01.919  2762 13969 D IdProviderImpl: getOAID
04-10 18:58:01.930 13971 13971 W webview_servic: Using default instruction set features for ARM CPU variant (cortex-a9) using conservative defaults
04-10 18:58:01.941 13971 13971 E webview_servic: Not starting debugger since process cannot load the jdwp agent.
04-10 18:58:01.945   672   672 D Zygote  : Forked child process 13991
04-10 18:58:01.946  1900  2076 D Boost   : hostingType=broadcast, hostingName={com.xiaomi.discover/com.xiaomi.market.receiver.AppActiveReceiver}, callerPackage=null, isSystem=true, isBoostNeeded=false.
04-10 18:58:01.946 12867 13970 E Analytics-Core-Analytics: getClientExtra exception: 
04-10 18:58:01.946 12867 13970 E Analytics-Core-Analytics: java.lang.IllegalArgumentException: Context must contain application context.
04-10 18:58:01.946 12867 13970 E Analytics-Core-Analytics: 	at com.miui.analytics.internal.policy.h.<init>(SourceFile:80)
04-10 18:58:01.946 12867 13970 E Analytics-Core-Analytics: 	at com.miui.analytics.internal.policy.h.a(SourceFile:87)
04-10 18:58:01.946 12867 13970 E Analytics-Core-Analytics: 	at com.miui.analytics.AnalyticsCore.getClientExtra(SourceFile:87)
04-10 18:58:01.946 12867 13970 E Analytics-Core-Analytics: 	at com.miui.analytics.internal.util.g.b(SourceFile:118)
04-10 18:58:01.946 12867 13970 E Analytics-Core-Analytics: 	at com.miui.analytics.internal.util.g.a(SourceFile:129)
04-10 18:58:01.946 12867 13970 E Analytics-Core-Analytics: 	at com.miui.analytics.internal.LogEvent.a(SourceFile:161)
04-10 18:58:01.946 12867 13970 E Analytics-Core-Analytics: 	at com.miui.analytics.internal.LogEvent.<init>(SourceFile:141)
04-10 18:58:01.946 12867 13970 E Analytics-Core-Analytics: 	at com.miui.analytics.internal.collection.a.b(SourceFile:226)
04-10 18:58:01.946 12867 13970 E Analytics-Core-Analytics: 	at com.miui.analytics.internal.ApkReceiver$1.run(SourceFile:35)
04-10 18:58:01.946 12867 13970 E Analytics-Core-Analytics: 	at java.util.concurrent.ThreadPoolExecutor.runWorker(ThreadPoolExecutor.java:1167)
04-10 18:58:01.946 12867 13970 E Analytics-Core-Analytics: 	at java.util.concurrent.ThreadPoolExecutor$Worker.run(ThreadPoolExecutor.java:641)
04-10 18:58:01.946 12867 13970 E Analytics-Core-Analytics: 	at java.lang.Thread.run(Thread.java:919)
04-10 18:58:01.947  1900  2076 I ActivityManager: Start proc 13991:com.xiaomi.discover/u0a114 for broadcast {com.xiaomi.discover/com.xiaomi.market.receiver.AppActiveReceiver} caller=null
04-10 18:58:01.954 12867 13970 D IdProviderImpl: getOAID
04-10 18:58:01.957 13991 13991 E xiaomi.discove: Not starting debugger since process cannot load the jdwp agent.
04-10 18:58:01.969  1900  6697 I chatty  : uid=1000(system) Binder:1900_12 expire 16 lines
04-10 18:58:01.974 12867 13970 W m.miui.weather: Accessing hidden method Landroid/provider/MiuiSettings$Ad;->getAaid(Landroid/content/ContentResolver;)Ljava/lang/String; (blacklist, reflection, denied)
04-10 18:58:01.989 12867 13970 W m.miui.weather: Accessing hidden method Lmiui/telephony/TelephonyManagerEx;->getDefault()Lmiui/telephony/TelephonyManagerEx; (blacklist, reflection, denied)
04-10 18:58:01.995 12867 13970 W m.miui.weather: Accessing hidden method Lmiui/telephony/TelephonyManagerEx;->getImeiList()Ljava/util/List; (blacklist, reflection, denied)
04-10 18:58:01.995 12867 13970 W m.miui.weather: Accessing hidden method Lmiui/telephony/TelephonyManagerEx;->getMeidList()Ljava/util/List; (blacklist, reflection, denied)
04-10 18:58:01.995 12867 13970 W m.miui.weather: Accessing hidden method Lmiui/telephony/TelephonyManagerEx;->getSubscriberIdForSlot(I)Ljava/lang/String; (blacklist, reflection, denied)
04-10 18:58:02.008  2606  2995 W TelephonyPermissions: reportAccessDeniedToReadIdentifiers:com.miui.weather2:getSortedImeiList:isPreinstalled=true:isPrivApp=true
04-10 18:58:02.026 13840 13907 I FA      : App measurement initialized, version: 26001
04-10 18:58:02.026 13840 13907 I FA      : To enable debug logging run: adb shell setprop log.tag.FA VERBOSE
04-10 18:58:02.026 13840 13907 I FA      : To enable faster debug mode event logging run:
04-10 18:58:02.026 13840 13907 I FA      :   adb shell setprop debug.firebase.analytics.app com.mi.android.globalminusscreen
04-10 18:58:02.026  2606  2995 W TelephonyPermissions: reportAccessDeniedToReadIdentifiers:com.miui.weather2:getImeiForSlot:isPreinstalled=true:isPrivApp=true
04-10 18:58:02.028 12867 13970 E Analytics-Core-DeviceIdHelper: getImeiList Build.VERSION.SDK_INT >= 21 e
04-10 18:58:02.028 12867 13970 E Analytics-Core-DeviceIdHelper: java.lang.reflect.InvocationTargetException
04-10 18:58:02.028 12867 13970 E Analytics-Core-DeviceIdHelper: 	at java.lang.reflect.Method.invoke(Native Method)
04-10 18:58:02.028 12867 13970 E Analytics-Core-DeviceIdHelper: 	at com.miui.analytics.internal.util.h.c(SourceFile:204)
04-10 18:58:02.028 12867 13970 E Analytics-Core-DeviceIdHelper: 	at com.miui.analytics.internal.util.h.g(SourceFile:460)
04-10 18:58:02.028 12867 13970 E Analytics-Core-DeviceIdHelper: 	at com.miui.analytics.internal.util.aa.a(SourceFile:89)
04-10 18:58:02.028 12867 13970 E Analytics-Core-DeviceIdHelper: 	at com.miui.analytics.internal.util.aa.d(SourceFile:202)
04-10 18:58:02.028 12867 13970 E Analytics-Core-DeviceIdHelper: 	at com.miui.analytics.internal.service.a.a(SourceFile:55)
04-10 18:58:02.028 12867 13970 E Analytics-Core-DeviceIdHelper: 	at com.miui.analytics.internal.service.i.a(SourceFile:49)
04-10 18:58:02.028 12867 13970 E Analytics-Core-DeviceIdHelper: 	at com.miui.analytics.internal.service.i.c(SourceFile:55)
04-10 18:58:02.028 12867 13970 E Analytics-Core-DeviceIdHelper: 	at com.miui.analytics.internal.policy.h$a.run(SourceFile:493)
04-10 18:58:02.028 12867 13970 E Analytics-Core-DeviceIdHelper: 	at com.miui.analytics.internal.policy.h.a(SourceFile:186)
04-10 18:58:02.028 12867 13970 E Analytics-Core-DeviceIdHelper: 	at com.miui.analytics.internal.policy.h.d(SourceFile:150)
04-10 18:58:02.028 12867 13970 E Analytics-Core-DeviceIdHelper: 	at com.miui.analytics.internal.policy.h.a(SourceFile:135)
04-10 18:58:02.028 12867 13970 E Analytics-Core-DeviceIdHelper: 	at com.miui.analytics.internal.policy.h.b(SourceFile:197)
04-10 18:58:02.028 12867 13970 E Analytics-Core-DeviceIdHelper: 	at com.miui.analytics.internal.service.j.a(SourceFile:125)
04-10 18:58:02.028 12867 13970 E Analytics-Core-DeviceIdHelper: 	at com.miui.analytics.internal.LogEvent.a(SourceFile:162)
04-10 18:58:02.028 12867 13970 E Analytics-Core-DeviceIdHelper: 	at com.miui.analytics.internal.LogEvent.<init>(SourceFile:141)
04-10 18:58:02.028 12867 13970 E Analytics-Core-DeviceIdHelper: 	at com.miui.analytics.internal.collection.a.b(SourceFile:226)
04-10 18:58:02.028 12867 13970 E Analytics-Core-DeviceIdHelper: 	at com.miui.analytics.internal.ApkReceiver$1.run(SourceFile:35)
04-10 18:58:02.028 12867 13970 E Analytics-Core-DeviceIdHelper: 	at java.util.concurrent.ThreadPoolExecutor.runWorker(ThreadPoolExecutor.java:1167)
04-10 18:58:02.028 12867 13970 E Analytics-Core-DeviceIdHelper: 	at java.util.concurrent.ThreadPoolExecutor$Worker.run(ThreadPoolExecutor.java:641)
04-10 18:58:02.028 12867 13970 E Analytics-Core-DeviceIdHelper: 	at java.lang.Thread.run(Thread.java:919)
04-10 18:58:02.028 12867 13970 E Analytics-Core-DeviceIdHelper: Caused by: java.lang.SecurityException: getImeiForSlot: The user 10081 does not meet the requirements to access device identifiers.
04-10 18:58:02.028 12867 13970 E Analytics-Core-DeviceIdHelper: 	at android.os.Parcel.createException(Parcel.java:2074)
04-10 18:58:02.028 12867 13970 E Analytics-Core-DeviceIdHelper: 	at android.os.Parcel.readException(Parcel.java:2042)
04-10 18:58:02.028 12867 13970 E Analytics-Core-DeviceIdHelper: 	at android.os.Parcel.readException(Parcel.java:1990)
04-10 18:58:02.028 12867 13970 E Analytics-Core-DeviceIdHelper: 	at com.android.internal.telephony.ITelephony$Stub$Proxy.getImeiForSlot(ITelephony.java:10419)
04-10 18:58:02.028 12867 13970 E Analytics-Core-DeviceIdHelper: 	at android.telephony.TelephonyManager.getImei(TelephonyManager.java:1721)
04-10 18:58:02.028 12867 13970 E Analytics-Core-DeviceIdHelper: 	... 21 more
04-10 18:58:02.036 13971 13971 I Perf    : Connecting to perf service.
04-10 18:58:02.037  2606  2995 W TelephonyPermissions: reportAccessDeniedToReadIdentifiers:com.miui.weather2:getDeviceId:isPreinstalled=true:isPrivApp=true
04-10 18:58:02.037 12867 13970 E Analytics-Core-DeviceIdHelper: getImei exception
04-10 18:58:02.037 12867 13970 E Analytics-Core-DeviceIdHelper: java.lang.SecurityException: getDeviceId: The user 10081 does not meet the requirements to access device identifiers.
04-10 18:58:02.037 12867 13970 E Analytics-Core-DeviceIdHelper: 	at android.os.Parcel.createException(Parcel.java:2074)
04-10 18:58:02.037 12867 13970 E Analytics-Core-DeviceIdHelper: 	at android.os.Parcel.readException(Parcel.java:2042)
04-10 18:58:02.037 12867 13970 E Analytics-Core-DeviceIdHelper: 	at android.os.Parcel.readException(Parcel.java:1990)
04-10 18:58:02.037 12867 13970 E Analytics-Core-DeviceIdHelper: 	at com.android.internal.telephony.ITelephony$Stub$Proxy.getDeviceId(ITelephony.java:10389)
04-10 18:58:02.037 12867 13970 E Analytics-Core-DeviceIdHelper: 	at android.telephony.TelephonyManager.getDeviceId(TelephonyManager.java:1619)
04-10 18:58:02.037 12867 13970 E Analytics-Core-DeviceIdHelper: 	at com.miui.analytics.internal.util.h.g(SourceFile:471)
04-10 18:58:02.037 12867 13970 E Analytics-Core-DeviceIdHelper: 	at com.miui.analytics.internal.util.aa.a(SourceFile:89)
04-10 18:58:02.037 12867 13970 E Analytics-Core-DeviceIdHelper: 	at com.miui.analytics.internal.util.aa.d(SourceFile:202)
04-10 18:58:02.037 12867 13970 E Analytics-Core-DeviceIdHelper: 	at com.miui.analytics.internal.service.a.a(SourceFile:55)
04-10 18:58:02.037 12867 13970 E Analytics-Core-DeviceIdHelper: 	at com.miui.analytics.internal.service.i.a(SourceFile:49)
04-10 18:58:02.037 12867 13970 E Analytics-Core-DeviceIdHelper: 	at com.miui.analytics.internal.service.i.c(SourceFile:55)
04-10 18:58:02.037 12867 13970 E Analytics-Core-DeviceIdHelper: 	at com.miui.analytics.internal.policy.h$a.run(SourceFile:493)
04-10 18:58:02.037 12867 13970 E Analytics-Core-DeviceIdHelper: 	at com.miui.analytics.internal.policy.h.a(SourceFile:186)
04-10 18:58:02.037 12867 13970 E Analytics-Core-DeviceIdHelper: 	at com.miui.analytics.internal.policy.h.d(SourceFile:150)
04-10 18:58:02.037 12867 13970 E Analytics-Core-DeviceIdHelper: 	at com.miui.analytics.internal.policy.h.a(SourceFile:135)
04-10 18:58:02.037 12867 13970 E Analytics-Core-DeviceIdHelper: 	at com.miui.analytics.internal.policy.h.b(SourceFile:197)
04-10 18:58:02.037 12867 13970 E Analytics-Core-DeviceIdHelper: 	at com.miui.analytics.internal.service.j.a(SourceFile:125)
04-10 18:58:02.037 12867 13970 E Analytics-Core-DeviceIdHelper: 	at com.miui.analytics.internal.LogEvent.a(SourceFile:162)
04-10 18:58:02.037 12867 13970 E Analytics-Core-DeviceIdHelper: 	at com.miui.analytics.internal.LogEvent.<init>(SourceFile:141)
04-10 18:58:02.037 12867 13970 E Analytics-Core-DeviceIdHelper: 	at com.miui.analytics.internal.collection.a.b(SourceFile:226)
04-10 18:58:02.037 12867 13970 E Analytics-Core-DeviceIdHelper: 	at com.miui.analytics.internal.ApkReceiver$1.run(SourceFile:35)
04-10 18:58:02.037 12867 13970 E Analytics-Core-DeviceIdHelper: 	at java.util.concurrent.ThreadPoolExecutor.runWorker(ThreadPoolExecutor.java:1167)
04-10 18:58:02.037 12867 13970 E Analytics-Core-DeviceIdHelper: 	at java.util.concurrent.ThreadPoolExecutor$Worker.run(ThreadPoolExecutor.java:641)
04-10 18:58:02.037 12867 13970 E Analytics-Core-DeviceIdHelper: 	at java.lang.Thread.run(Thread.java:919)
04-10 18:58:02.038 12867 13970 W SysUtils: device id is null
04-10 18:58:02.046   670 14015 E ResolverController: No valid NAT64 prefix (113, <unspecified>/0)
04-10 18:58:02.062 13991 13991 I Perf    : Connecting to perf service.
04-10 18:58:02.064 13971 13971 I FeatureParser: can't find joyeuse.xml in assets/device_features/,it may be in /vendor/etc/device_features
04-10 18:58:02.056 13971 13971 W webview_service: type=1400 audit(0.0:108981): avc: denied { read } for name="u:object_r:vendor_default_prop:s0" dev="tmpfs" ino=25548 scontext=u:r:untrusted_app:s0:c202,c256,c512,c768 tcontext=u:object_r:vendor_default_prop:s0 tclass=file permissive=0
04-10 18:58:02.068 13971 13971 E libc    : Access denied finding property "ro.vendor.df.effect.conflict"
04-10 18:58:02.076  1900  3531 I ActivityManager: Killing 12577:com.google.android.configupdater/u0a175 (adj 985): empty #17
04-10 18:58:02.080 13991 13991 E libc    : Access denied finding property "ro.vendor.display.type"
04-10 18:58:02.066 13991 13991 W xiaomi.discover: type=1400 audit(0.0:108982): avc: denied { read } for name="u:object_r:vendor_display_prop:s0" dev="tmpfs" ino=25550 scontext=u:r:platform_app:s0:c512,c768 tcontext=u:object_r:vendor_display_prop:s0 tclass=file permissive=0
04-10 18:58:02.093 13991 13991 D miuisdk : current sdk level is 19
04-10 18:58:02.094 13991 13991 I miuisdk : initialize without hook
04-10 18:58:02.123   672   672 I Zygote  : Process 12577 exited due to signal 9 (Killed)
04-10 18:58:02.123  1900  9064 D DisplayManagerService: Display listener for pid 12577 died.
04-10 18:58:02.127  1900  2077 I chatty  : uid=1000(system) ActivityManager expire 8 lines
04-10 18:58:02.129 13991 13991 W Linkify.v16: reflect applyLink failed: 
04-10 18:58:02.129 13991 13991 W Linkify.v16: miui.reflect.NoSuchMethodException: Couldn't find method android/text/util/Linkify.applyLink(Ljava/lang/String;IILandroid/text/Spannable;)V
04-10 18:58:02.129 13991 13991 W Linkify.v16: 	at com.miui.internal.os.Native.getMethod(Native Method)
04-10 18:58:02.129 13991 13991 W Linkify.v16: 	at miui.reflect.Method.of(Method.java:35)
04-10 18:58:02.129 13991 13991 W Linkify.v16: 	at com.miui.internal.variable.v16.Android_Text_Util_Linkify_class.<clinit>(Android_Text_Util_Linkify_class.java:70)
04-10 18:58:02.129 13991 13991 W Linkify.v16: 	at java.lang.Class.classForName(Native Method)
04-10 18:58:02.129 13991 13991 W Linkify.v16: 	at java.lang.Class.forName(Class.java:454)
04-10 18:58:02.129 13991 13991 W Linkify.v16: 	at java.lang.Class.forName(Class.java:379)
04-10 18:58:02.129 13991 13991 W Linkify.v16: 	at com.miui.internal.variable.AbsClassFactory.create(AbsClassFactory.java:24)
04-10 18:58:02.129 13991 13991 W Linkify.v16: 	at com.miui.internal.variable.Android_Text_Util_Linkify_class$Factory.<init>(Android_Text_Util_Linkify_class.java:40)
04-10 18:58:02.129 13991 13991 W Linkify.v16: 	at com.miui.internal.variable.Android_Text_Util_Linkify_class$Factory.<init>(Android_Text_Util_Linkify_class.java:26)
04-10 18:58:02.129 13991 13991 W Linkify.v16: 	at com.miui.internal.variable.Android_Text_Util_Linkify_class$Factory$1.createInstance(Android_Text_Util_Linkify_class.java:32)
04-10 18:58:02.129 13991 13991 W Linkify.v16: 	at com.miui.internal.variable.Android_Text_Util_Linkify_class$Factory$1.createInstance(Android_Text_Util_Linkify_class.java:29)
04-10 18:58:02.129 13991 13991 W Linkify.v16: 	at miui.util.SoftReferenceSingleton.get(SoftReferenceSingleton.java:25)
04-10 18:58:02.129 13991 13991 W Linkify.v16: 	at com.miui.internal.variable.Android_Text_Util_Linkify_class$Factory.getInstance(Android_Text_Util_Linkify_class.java:44)
04-10 18:58:02.129 13991 13991 W Linkify.v16: 	at com.miui.internal.initialization.OverrideHelper.doInitialize(OverrideHelper.java:37)
04-10 18:58:02.129 13991 13991 W Linkify.v16: 	at miui.core.SdkManager.initialize(SdkManager.java:99)
04-10 18:58:02.129 13991 13991 W Linkify.v16: 	at java.lang.reflect.Method.invoke(Native Method)
04-10 18:58:02.129 13991 13991 W Linkify.v16: 	at miui.external.Application.e(Application.java:4)
04-10 18:58:02.129 13991 13991 W Linkify.v16: 	at miui.external.Application.<init>(Application.java:3)
04-10 18:58:02.129 13991 13991 W Linkify.v16: 	at com.xiaomi.market.MarketApp.<init>(MarketApp.java:1)
