04-10 18:58:06.341   776  7219 D ACDB-LOADER: ACDB -> send_afe_cal
04-10 18:58:06.341   776  7219 D ACDB-LOADER: ACDB -> ACDB_CMD_GET_AFE_INSTANCE_COMMON_TABLE_SIZE
04-10 18:58:06.341   776  7219 D         : Failed to fetch the lookup information of the device 0000271B 
04-10 18:58:06.341   776  7219 D ACDB-LOADER: Error: ACDB_CMD_GET_AFE_INSTANCE_COMMON_TABLE_SIZE Returned = -19
04-10 18:58:06.341   776  7219 D ACDB-LOADER: ACDB -> ACDB_CMD_GET_AFE_INSTANCE_COMMON_TABLE
04-10 18:58:06.341   776  7219 D         : Failed to fetch the lookup information of the device 0000271B 
04-10 18:58:06.341   776  7219 D ACDB-LOADER: Error: ACDB AFE returned = -19
04-10 18:58:06.341   776  7219 D ACDB-LOADER: ACDB -> AUDIO_SET_AFE_CAL cal_type[16] acdb_id[10011]
04-10 18:58:06.341   776  7219 D ACDB-LOADER: ACDB -> send_hw_delay : acdb_id = 10011 path = 0
04-10 18:58:06.341   776  7219 D ACDB-LOADER: ACDB -> ACDB_AVSYNC_INFO: ACDB_CMD_GET_DEVICE_PROPERTY
04-10 18:58:06.341   776  7219 D msm8974_platform: platform_split_snd_device: snd_device(2) num devices(0) new_snd_devices(0)
04-10 18:58:06.341   776  7219 I msm8974_platform: platform_get_custom_mtmx_params: no matching param with id 0 ip_ch 2 op_ch 2 uc_id 1 snd_dev 2
04-10 18:58:06.341   776  7219 D audio_hw_primary: enable_audio_route: apply mixer and update path: low-latency-playback
04-10 18:58:06.341   776  7219 D audio_route: Apply path: low-latency-playback
04-10 18:58:06.341   776  7219 E audio_route: Path: low-latency-playback, length: 1
04-10 18:58:06.341   776  7219 E audio_route:   id=0: ctl=TERT_MI2S_RX Audio Mixer MultiMedia5
04-10 18:58:06.341   776  7219 E audio_route:     id=0 value=1
04-10 18:58:06.341   776  7219 E audio_route:     id=1 value=1
04-10 18:58:06.343   776  7219 D ultrasound_extn: ultrasound_select_devices_post: enter: engine_suspended: 0
04-10 18:58:06.343   776  7219 D ultrasound_extn: dump_usecase_list: enter sensor_activated:0 hw_port_enabled:0
04-10 18:58:06.343   776  7219 D ultrasound_extn: dump_usecase_list: select_devices_post usecase[#0]:(1, low-latency-playback) in_dev:(0, ) out_dv:(2, speaker)
04-10 18:58:06.343   776  7219 D ultrasound_extn: dump_usecase_list: select_devices_post usecase[#1]:(72, tas-iv-capture) in_dev:(259, (null)) out_dv:(0, )
04-10 18:58:06.343   776  7219 D ultrasound_extn: dump_usecase_list: enter sensor_activated:0 hw_port_enabled:0
04-10 18:58:06.343   776  7219 D ultrasound_extn: dump_usecase_list: select_devices exit usecase[#0]:(1, low-latency-playback) in_dev:(0, ) out_dv:(2, speaker)
04-10 18:58:06.343   776  7219 D ultrasound_extn: dump_usecase_list: select_devices exit usecase[#1]:(72, tas-iv-capture) in_dev:(259, (null)) out_dv:(0, )
04-10 18:58:06.343   776  7219 D audio_hw_primary: select_devices: done
04-10 18:58:06.376   776  7219 D msm8974_platform: platform_set_channel_map mixer_ctl_name:Playback Channel Map9
04-10 18:58:06.376   776  7219 D msm8974_platform: platform_set_channel_map: set mapping(1 2 0 0 0 0 0 0) for channel:2
04-10 18:58:06.377   776  7219 D audio_hw_primary: start_output_stream: exit
04-10 18:58:06.377   776  7219 D audio_hw_primary: out_write: retry previous failed cal level set
04-10 18:58:06.377   776  7219 D msm8974_platform: platform_split_snd_device: snd_device(2) num devices(1) new_snd_devices(0)
04-10 18:58:06.377   776  7219 D ACDB-LOADER: ACDB -> send_audvoltable
04-10 18:58:06.377   776  7219 D ACDB-LOADER: ACDB -> ACDB_CMD_GET_AUDPROC_INSTANCE_GAIN_DEP_STEP_TABLE_SIZE
04-10 18:58:06.377   776  7219 D         : Failed to fetch the lookup information of the device 0000271B 
04-10 18:58:06.377   776  7219 D ACDB-LOADER: Error: ACDB_CMD_GET_AUDPROC_INSTANCE_GAIN_DEP_STEP_TABLE_SIZE Returned = -19
04-10 18:58:06.377   776  7219 D ACDB-LOADER: ACDB -> ACDB_CMD_GET_AUDPROC_INSTANCE_GAIN_DEP_STEP_TABLE, vol index 5
04-10 18:58:06.377   776  7219 D         : Failed to fetch the lookup information of the device 0000271B 
04-10 18:58:06.377   776  7219 D ACDB-LOADER: Error: ACDB AudProc vol returned = -19
04-10 18:58:06.377   776  7219 D ACDB-LOADER: ACDB -> AUDIO_SET_VOL_CAL cal type = 40
04-10 18:58:06.377   776  7219 W msm8974_platform: platform_send_gain_dep_cal: Usecase list is empty
04-10 18:58:06.428 13859 14098 D UE4     : [2021.04.10-16.58.06:428][  0]LogAIModule: Creating AISystem for world RunnerMap
04-10 18:58:06.428 13859 14098 D UE4     : [2021.04.10-16.58.06:428][  0]LogAISub: UAISubsystem EnvQueryManager (0x9b49f580), frame # 0
04-10 18:58:06.428 13859 14098 D UE4     : [2021.04.10-16.58.06:428][  0]LogAISub: UAISubsystem AIPerceptionSystem (0x9aef3700), frame # 0
04-10 18:58:06.428 13859 14098 D UE4     : [2021.04.10-16.58.06:428][  0]LogLoad: Game class is 'RunnerGameMode_C'
04-10 18:58:06.434 13859 14098 D UE4     : [2021.04.10-16.58.06:434][  0]LogWorld: Bringing World /Game/ThirdPersonBP/Maps/RunnerMap.RunnerMap up for play (max tick rate 0) at 2021.04.10-18.58.06
04-10 18:58:06.434 13859 14098 D UE4     : [2021.04.10-16.58.06:434][  0]LogWorld: Bringing up level for play took: 0.001765
04-10 18:58:06.435 13859 14098 D UE4     : [2021.04.10-16.58.06:435][  0]LogOnline: OSS: Creating online subsystem instance for: GooglePlay
04-10 18:58:06.435 13859 14098 D UE4     : [2021.04.10-16.58.06:435][  0]LogOnline: Warning: OSS: FOnlineSubsystemGooglePlayModule was disabled
04-10 18:58:06.520 13859 14098 D UE4     : [2021.04.10-16.58.06:520][  0]LogUMG: Display: Widget Class GameUI_C - Loaded Fast Template.
04-10 18:58:06.522 13859 14098 D UE4     : [2021.04.10-16.58.06:522][  0]LogLoad: Took 0.237985 seconds to LoadMap(/Game/ThirdPersonBP/Maps/RunnerMap)
04-10 18:58:06.523 13859 14098 D UE4     : [2021.04.10-16.58.06:523][  0]LogSlate: Took 0.000315 seconds to synchronously load lazily loaded font '../../../Engine/Content/EngineFonts/Faces/RobotoBold.ufont' (160K)
04-10 18:58:06.523 13859 14098 D UE4     : [2021.04.10-16.58.06:523][  0]LogSlate: Took 0.000237 seconds to synchronously load lazily loaded font '../../../EndlessRunner/Content/ThirdPersonBP/Maps/Championship.ufont' (64K)
04-10 18:58:06.526 13859 14156 D UE4     : *** JavaEnvDestructor: 14156
04-10 18:58:06.531 13859 14154 D UE4     : AndroidEGL::  ReleaseContextOwnership,  thread releasing rendering context tid: 14154
04-10 18:58:06.536 13859 14154 D UE4     : AndroidEGL::ResetDisplay()
04-10 18:58:06.538 13859 14155 D UE4     : *** JavaEnvDestructor: 14155
04-10 18:58:06.545 13859 14098 D UE4     : [2021.04.10-16.58.06:545][  0]LogRHI: Display: ShaderPipelineCache: Paused Batching. 1
04-10 18:58:06.545 13859 14098 D UE4     : [2021.04.10-16.58.06:545][  0]LogRHI: Display: ShaderPipelineCache: Resumed Batching. 0
04-10 18:58:06.545 13859 14098 D UE4     : [2021.04.10-16.58.06:545][  0]LogRHI: Display: ShaderPipelineCache: Batching Resumed.
04-10 18:58:06.546 13859 14098 D UE4     : [2021.04.10-16.58.06:546][  0]LogAndroid: Passed GEngineLoop.Init()
04-10 18:58:06.547 13859 14098 D UE4     : [2021.04.10-16.58.06:547][  0]LogAndroidEvents: Display: LogAndroidEvents::DequeueAppEvent : 9, [width=-1, height=-1], APP_EVENT_STATE_ON_START
04-10 18:58:06.548 13859 14098 D UE4     : FAppEventManager::Tick processing, 9
04-10 18:58:06.548 13859 14098 D UE4     : [2021.04.10-16.58.06:548][  0]LogAndroidEvents: Display: LogAndroidEvents::DequeueAppEvent : 7, [width=-1, height=-1], APP_EVENT_STATE_ON_RESUME
04-10 18:58:06.548 13859 14098 D UE4     : FAppEventManager::Tick processing, 7
04-10 18:58:06.548 13859 14098 D UE4     : [2021.04.10-16.58.06:548][  0]LogAndroidEvents: Display: LogAndroidEvents::DequeueAppEvent : 0, [width=2300, height=1080], APP_EVENT_STATE_WINDOW_CREATED
04-10 18:58:06.548 13859 14098 D UE4     : FAppEventManager::Tick processing, 0
04-10 18:58:06.548 13859 14098 D UE4     : [2021.04.10-16.58.06:548][  0]LogAndroidEvents: Display: ExecWindowCreated
04-10 18:58:06.548 13859 14098 D UE4     : AndroidEGL::ReInitWindow()
04-10 18:58:06.548 13859 14098 D UE4     : [2021.04.10-16.58.06:548][  0]LogAndroid: AndroidEGL::RefreshWindowSize updating window size = 1528, 720, cached size : 0, 0 tid : 14098
04-10 18:58:06.548 13859 14098 D UE4     : ExecWindowCreated, 0, 1, 1
04-10 18:58:06.548 13859 14098 D UE4     : [2021.04.10-16.58.06:548][  0]LogAndroidEvents: Display: LogAndroidEvents::DequeueAppEvent : 11, [width=-1, height=-1], APP_EVENT_STATE_WINDOW_GAINED_FOCUS
04-10 18:58:06.548 13859 14098 D UE4     : FAppEventManager::Tick processing, 11
04-10 18:58:06.548 13859 14098 D UE4     : [2021.04.10-16.58.06:548][  0]LogAndroidEvents: Display: LogAndroidEvents::DequeueAppEvent : 14, [width=-1, height=-1], APP_EVENT_STATE_APP_ACTIVATED
04-10 18:58:06.548 13859 14098 D UE4     : FAppEventManager::Tick processing, 14
04-10 18:58:06.548 13859 14098 D UE4     : Execution will be resumed!
04-10 18:58:06.548 13859 14098 D UE4     : [2021.04.10-16.58.06:548][  0]LogAndroidEvents: Display: LogAndroidEvents::DequeueAppEvent : 15, [width=-1, height=-1], APP_EVENT_RUN_CALLBACK
04-10 18:58:06.548 13859 14098 D UE4     : FAppEventManager::Tick processing, 15
04-10 18:58:06.548 13859 14098 D UE4     : [2021.04.10-16.58.06:548][  0]LogAndroidEvents: Display: Event thread callback running.
04-10 18:58:06.548 13859 14098 D UE4     : [2021.04.10-16.58.06:548][  0]LogAndroid: performing app foregrounding callback.
04-10 18:58:06.548 13859 14098 D UE4     : [GameActivity] Registering volume receiver
04-10 18:58:06.552 13859 14098 D AudioManager: getStreamVolume isRestricted mode = 0
04-10 18:58:06.554 13859 14098 D UE4     : [GameActivity] startVolumeReceiver: 10
04-10 18:58:06.554 13859 14098 D UE4     : nativeVolumeEvent(10)
04-10 18:58:06.554 13859 14098 D UE4     : [GameActivity] Registering battery receiver
04-10 18:58:06.555 13859 14098 D UE4     : [GameActivity] Registering headset receiver
04-10 18:58:06.556 13859 14098 D UE4     : [GameActivity] startHeadsetReceiver: 0
04-10 18:58:06.556 13859 14098 D UE4     : nativeHeadsetEvent(0)
04-10 18:58:06.556 13859 13859 D UE4     : [GameActivity] Battery: status = 2, rawlevel = 48, scale = 100
04-10 18:58:06.556 13859 14098 D UE4     : [2021.04.10-16.58.06:556][  0]LogCore: Display: AppLifetime: Application has entered foreground
04-10 18:58:06.556 13859 13859 D UE4     : nativeBatteryEvent(stat = 2, lvl = 48  temp = 23.60 °C)
04-10 18:58:06.570 13859 14181 D UE4     : [2021.04.10-16.58.06:570][  0]LogRenderer: Reallocating scene render targets to support 1528x720 Format 10 NumSamples 1 (Frame:1).
04-10 18:58:06.584 13859 14154 D UE4     : [2021.04.10-16.58.06:583][  0]LogRHI: AndroidOpenGL: Using a maximum of 510 occlusion queries.
04-10 18:58:06.607 13859 14154 D UE4     : [2021.04.10-16.58.06:607][  0]LogRHI: Using OpenGL program LRU cache: 0
04-10 18:58:06.609 13859 14168 D UE4     : *** JavaEnvDestructor: 14168
04-10 18:58:07.108 13859 14166 D UE4     : *** JavaEnvDestructor: 14166
04-10 18:58:07.110 13859 14167 D UE4     : *** JavaEnvDestructor: 14167
04-10 18:58:07.111 13859 14165 D UE4     : *** JavaEnvDestructor: 14165
04-10 18:58:07.214 13859 14098 D UE4     : [2021.04.10-16.58.07:214][  0]LogUdpMessaging: Initializing bridge on interface 0.0.0.0:0 to multicast group 230.0.0.1:6666.
04-10 18:58:07.387 15342 15402 I BtGatt.ScanManager: msg.what = 6
04-10 18:58:07.520 13859 14164 D UE4     : *** JavaEnvDestructor: 14164
04-10 18:58:07.623 13859 14098 D UE4     : [2021.04.10-16.58.07:623][  0]LogTcpMessaging: Initializing TcpMessaging bridge, listening on 127.0.0.1:6666
04-10 18:58:07.630 13859 14098 D UE4     : [2021.04.10-16.58.07:630][  0]LogCore: Display: AppLifetime: Application has reactivated
04-10 18:58:07.631 13859 14098 D UE4     : [2021.04.10-16.58.07:631][  0]LogTemp: Android resume audio
04-10 18:58:07.655 13859 14098 D UE4     : [2021.04.10-16.58.07:655][  0]LogAndroid: Display: Low Power Mode Changed: 0
04-10 18:58:08.021  1268  3175 I LOWI-8.6.0.72: [LOWI-Scan] lowi_close_record:Scan done in 977698323ms, 3 APs in scan results
04-10 18:58:08.027  1900  2280 I chatty  : uid=1000(system) ClientModeImpl expire 11 lines
04-10 18:58:08.043  1900  2324 I chatty  : uid=1000(system) MiuiWifiService expire 3 lines
04-10 18:58:08.081 13859 14163 D UE4     : *** JavaEnvDestructor: 14163
04-10 18:58:08.807 13859 14099 D UE4     : [2021.04.10-16.58.08:807][ 45]LogAndroid: Mobile HDR: YES
04-10 18:58:08.807 13859 14099 D UE4     : [2021.04.10-16.58.08:807][ 45]LogAndroidWindowUtils: Setting Width=1528 and Height=720 (requested scale = 1.000000)
04-10 18:58:09.180 13840 13883 I obalminusscree: ProcessProfilingInfo new_methods=31 is saved saved_to_disk=1 resolve_classes_delay=8000
04-10 18:58:09.297 13859 13885 I y.EndlessRunne: ProcessProfilingInfo new_methods=413 is saved saved_to_disk=1 resolve_classes_delay=8000
04-10 18:58:09.629 13859 14208 D UE4     : [2021.04.10-16.58.09:628][ 94]LogTcpMessaging: Started Connection to '127.0.0.1:42643'
04-10 18:58:09.630 13859 14208 D UE4     : [2021.04.10-16.58.09:630][ 94]LogTcpMessaging: Discovered node '2C1BB249411F8A9F835DCAB27D482F53' on connection '127.0.0.1:42643'...
04-10 18:58:10.021  1900  4538 I chatty  : uid=1000(system) first_use_threa expire 2 lines
04-10 18:58:10.026  1050  3416 V installd: DexInv: --- BEGIN '/data/app/com.YourCompany.EndlessRunner-5WOfhi4Teb0A7K7ZyCmHmg==/base.apk' ---
04-10 18:58:10.058 14211 14211 W dex2oat : Using default instruction set features for ARM CPU variant (cortex-a9) using conservative defaults
04-10 18:58:10.058 14211 14211 I dex2oat : /apex/com.android.runtime/bin/dex2oat --input-vdex-fd=-1 --output-vdex-fd=12 --resolve-startup-const-strings=true --max-image-block-size=524288 --compiler-filter=quicken -j6 --debuggable --classpath-dir=/data/app/com.YourCompany.EndlessRunner-5WOfhi4Teb0A7K7ZyCmHmg== --class-loader-context=PCL[] --generate-mini-debug-info --compilation-reason=unknown
04-10 18:58:10.060 14211 14211 I dex2oat : setting boot class path to /apex/com.android.runtime/javalib/core-oj.jar:/apex/com.android.runtime/javalib/core-libart.jar:/apex/com.android.runtime/javalib/okhttp.jar:/apex/com.android.runtime/javalib/bouncycastle.jar:/apex/com.android.runtime/javalib/apache-xml.jar:/system/framework/framework.jar:/system/framework/ext.jar:/system/framework/telephony-common.jar:/system/framework/voip-common.jar:/system/framework/ims-common.jar:/system/framework/miuisdk@boot.jar:/system/framework/miuisystemsdk@boot.jar:/system/framework/android.test.base.jar:/system/framework/tcmiface.jar:/system/framework/telephony-ext.jar:/system/framework/qcom.fmradio.jar:/system/framework/com.nxp.nfc.jar:/system/framework/QPerformance.jar:/system/framework/UxPerformance.jar:/system/framework/WfdCommon.jar
04-10 18:58:10.136  1900 10787 I ActivityManager: Killing 13092:com.android.camera/u0a75 (adj 985): empty #17
04-10 18:58:10.140  1900 10787 I ActivityManager: Killing 12228:com.android.settings.intelligence/u0a187 (adj 985): empty #18
04-10 18:58:10.151  1900 10787 I ActivityManager: Killing 13167:com.google.android.apps.turbo/u0a188 (adj 985): empty #17
04-10 18:58:10.178  1900  9064 D DisplayManagerService: Display listener for pid 12228 died.
04-10 18:58:10.179   672   672 I Zygote  : Process 12228 exited due to signal 9 (Killed)
04-10 18:58:10.196  1900  3541 D DisplayManagerService: Display listener for pid 13092 died.
04-10 18:58:10.198   672   672 I Zygote  : Process 13092 exited due to signal 9 (Killed)
04-10 18:58:10.204  1900  7330 D DisplayManagerService: Display listener for pid 13167 died.
04-10 18:58:10.205   672   672 I Zygote  : Process 13167 exited due to signal 9 (Killed)
04-10 18:58:10.375 11957 12101 E memtrack: Couldn't load memtrack module
04-10 18:58:10.375 11957 12101 W android.os.Debug: failed to get memory consumption info: -1
04-10 18:58:10.462 11957 12101 E memtrack: Couldn't load memtrack module
04-10 18:58:10.462 11957 12101 W android.os.Debug: failed to get memory consumption info: -1
04-10 18:58:10.852 14211 14211 I dex2oat : Explicit concurrent copying GC freed 24376(3006KB) AllocSpace objects, 0(0B) LOS objects, 97% free, 36KB/1572KB, paused 44us total 9.567ms
04-10 18:58:10.913 14211 14211 I dex2oat : Explicit concurrent copying GC freed 1785(361KB) AllocSpace objects, 0(0B) LOS objects, 97% free, 40KB/1576KB, paused 22us total 3.113ms
04-10 18:58:10.928 14211 14211 I dex2oat : Explicit concurrent copying GC freed 16(15KB) AllocSpace objects, 0(0B) LOS objects, 97% free, 41KB/1577KB, paused 23us total 2.785ms
04-10 18:58:10.945 14211 14211 I dex2oat : Explicit concurrent copying GC freed 40(47KB) AllocSpace objects, 0(0B) LOS objects, 97% free, 41KB/1577KB, paused 22us total 2.782ms
04-10 18:58:10.963 14211 14211 I dex2oat : dex2oat took 906.252ms (1.990s cpu) (threads: 6) arena alloc=1158KB (1185944B) java alloc=41KB (42576B) native alloc=2463KB (2523016B) free=1004KB (1028216B)
04-10 18:58:10.970  1050  3416 V installd: DexInv: --- END '/data/app/com.YourCompany.EndlessRunner-5WOfhi4Teb0A7K7ZyCmHmg==/base.apk' (success) ---
04-10 18:58:10.970  1900  4538 W BpBinder: Slow Binder: BpBinder transact took 948 ms, interface=android.os.IInstalld, code=14 oneway=false
04-10 18:58:10.970  1900  4538 D com.android.server.pm.PackageManagerServiceInjector: FirstUseActivity packageName = com.YourCompany.EndlessRunner is compiled using filter speed-profile, success = true
04-10 18:58:10.983  1006  1484 I WorkerManager: dispose()
04-10 18:58:10.985  1006  1484 W ThreadPoolDumper: Queue length for executor EventBus is now 11. Perhaps some tasks are too long, or the pool is too small.
04-10 18:58:12.274   672   672 D Zygote  : Forked child process 14242
04-10 18:58:12.279  1900  2076 D Boost   : hostingType=FastRestart, hostingName=com.android.camera, callerPackage=system, isSystem=true, isBoostNeeded=false.
04-10 18:58:12.279  1900  2076 I ActivityManager: Start proc 14242:com.android.camera/u0a75 for FastRestart com.android.camera caller=system
04-10 18:58:12.298 14242 14242 E .android.camer: Not starting debugger since process cannot load the jdwp agent.
04-10 18:58:12.307  1900  3516 I chatty  : uid=1000(system) Binder:1900_B expire 3 lines
04-10 18:58:12.310  1900  3516 I ActivityManager: Killing 12308:com.google.process.gapps/u0a194 (adj 985): empty #17
04-10 18:58:12.341  1900  3541 D DisplayManagerService: Display listener for pid 12308 died.
04-10 18:58:12.342   672   672 I Zygote  : Process 12308 exited due to signal 9 (Killed)
04-10 18:58:12.350 14242 14242 I .android.camer: The ClassLoaderContext is a special shared library.
04-10 18:58:12.357 14242 14242 I chatty  : uid=10075(com.android.camera) identical 1 line
04-10 18:58:12.363 14242 14242 I .android.camer: The ClassLoaderContext is a special shared library.
04-10 18:58:12.365  2372  2859 I chatty  : uid=1000(system) SysUiNetBg expire 10 lines
04-10 18:58:12.369 14242 14242 I .android.camer: The ClassLoaderContext is a special shared library.
04-10 18:58:12.408 14242 14242 I Perf    : Connecting to perf service.
04-10 18:58:12.428 14242 14242 E libc    : Access denied finding property "ro.vendor.display.type"
04-10 18:58:12.416 14242 14242 W .android.camera: type=1400 audit(0.0:108995): avc: denied { read } for name="u:object_r:vendor_display_prop:s0" dev="tmpfs" ino=25550 scontext=u:r:platform_app:s0:c512,c768 tcontext=u:object_r:vendor_display_prop:s0 tclass=file permissive=0
04-10 18:58:12.440 14242 14242 D miuisdk : current sdk level is 19
04-10 18:58:12.440 14242 14242 I miuisdk : initialize without hook
04-10 18:58:12.448  8675  8675 D BoundBrokerSvc: onUnbind: Intent { act=com.google.android.gms.measurement.START pkg=com.google.android.gms }
04-10 18:58:12.472 14242 14242 W Linkify.v16: reflect applyLink failed: 
04-10 18:58:12.472 14242 14242 W Linkify.v16: miui.reflect.NoSuchMethodException: Couldn't find method android/text/util/Linkify.applyLink(Ljava/lang/String;IILandroid/text/Spannable;)V
04-10 18:58:12.472 14242 14242 W Linkify.v16: 	at com.miui.internal.os.Native.getMethod(Native Method)
04-10 18:58:12.472 14242 14242 W Linkify.v16: 	at miui.reflect.Method.of(Method.java:35)
04-10 18:58:12.472 14242 14242 W Linkify.v16: 	at com.miui.internal.variable.v16.Android_Text_Util_Linkify_class.<clinit>(Android_Text_Util_Linkify_class.java:70)
04-10 18:58:12.472 14242 14242 W Linkify.v16: 	at java.lang.Class.classForName(Native Method)
04-10 18:58:12.472 14242 14242 W Linkify.v16: 	at java.lang.Class.forName(Class.java:454)
04-10 18:58:12.472 14242 14242 W Linkify.v16: 	at java.lang.Class.forName(Class.java:379)
04-10 18:58:12.472 14242 14242 W Linkify.v16: 	at com.miui.internal.variable.AbsClassFactory.create(AbsClassFactory.java:24)
04-10 18:58:12.472 14242 14242 W Linkify.v16: 	at com.miui.internal.variable.Android_Text_Util_Linkify_class$Factory.<init>(Android_Text_Util_Linkify_class.java:40)
04-10 18:58:12.472 14242 14242 W Linkify.v16: 	at com.miui.internal.variable.Android_Text_Util_Linkify_class$Factory.<init>(Android_Text_Util_Linkify_class.java:26)
04-10 18:58:12.472 14242 14242 W Linkify.v16: 	at com.miui.internal.variable.Android_Text_Util_Linkify_class$Factory$1.createInstance(Android_Text_Util_Linkify_class.java:32)
04-10 18:58:12.472 14242 14242 W Linkify.v16: 	at com.miui.internal.variable.Android_Text_Util_Linkify_class$Factory$1.createInstance(Android_Text_Util_Linkify_class.java:29)
04-10 18:58:12.472 14242 14242 W Linkify.v16: 	at miui.util.SoftReferenceSingleton.get(SoftReferenceSingleton.java:25)
04-10 18:58:12.472 14242 14242 W Linkify.v16: 	at com.miui.internal.variable.Android_Text_Util_Linkify_class$Factory.getInstance(Android_Text_Util_Linkify_class.java:44)
04-10 18:58:12.472 14242 14242 W Linkify.v16: 	at com.miui.internal.initialization.OverrideHelper.doInitialize(OverrideHelper.java:37)
04-10 18:58:12.472 14242 14242 W Linkify.v16: 	at miui.core.SdkManager.initialize(SdkManager.java:99)
04-10 18:58:12.472 14242 14242 W Linkify.v16: 	at java.lang.reflect.Method.invoke(Native Method)
04-10 18:58:12.472 14242 14242 W Linkify.v16: 	at miui.external.Application.initializeSdk(Application.java:4)
04-10 18:58:12.472 14242 14242 W Linkify.v16: 	at miui.external.Application.<init>(Application.java:3)
04-10 18:58:12.472 14242 14242 W Linkify.v16: 	at com.android.camera.CameraAppImpl.<init>(CameraAppImpl.java:1)
04-10 18:58:12.472 14242 14242 W Linkify.v16: 	at java.lang.Class.newInstance(Native Method)
04-10 18:58:12.472 14242 14242 W Linkify.v16: 	at android.app.AppComponentFactory.instantiateApplication(AppComponentFactory.java:76)
04-10 18:58:12.472 14242 14242 W Linkify.v16: 	at androidx.core.app.CoreComponentFactory.instantiateApplication(CoreComponentFactory.java:1)
04-10 18:58:12.472 14242 14242 W Linkify.v16: 	at android.app.Instrumentation.newApplication(Instrumentation.java:1156)
04-10 18:58:12.472 14242 14242 W Linkify.v16: 	at android.app.LoadedApk.makeApplication(LoadedApk.java:1222)
04-10 18:58:12.472 14242 14242 W Linkify.v16: 	at android.app.ActivityThread.handleBindApplication(ActivityThread.java:6511)
04-10 18:58:12.472 14242 14242 W Linkify.v16: 	at android.app.ActivityThread.access$1400(ActivityThread.java:220)
04-10 18:58:12.472 14242 14242 W Linkify.v16: 	at android.app.ActivityThread$H.handleMessage(ActivityThread.java:1883)
04-10 18:58:12.472 14242 14242 W Linkify.v16: 	at android.os.Handler.dispatchMessage(Handler.java:107)
04-10 18:58:12.472 14242 14242 W Linkify.v16: 	at android.os.Looper.loop(Looper.java:224)
04-10 18:58:12.472 14242 14242 W Linkify.v16: 	at android.app.ActivityThread.main(ActivityThread.java:7520)
04-10 18:58:12.472 14242 14242 W Linkify.v16: 	at java.lang.reflect.Method.invoke(Native Method)
04-10 18:58:12.472 14242 14242 W Linkify.v16: 	at com.android.internal.os.RuntimeInit$MethodAndArgsCaller.run(RuntimeInit.java:539)
04-10 18:58:12.472 14242 14242 W Linkify.v16: 	at com.android.internal.os.ZygoteInit.main(ZygoteInit.java:950)
04-10 18:58:12.529 14242 14242 I miuisdk : loading module: com.miui.system
04-10 18:58:12.639 14242 14242 W SystemConfig: No directory /product_services/etc/sysconfig, skipping
04-10 18:58:12.639 14242 14242 W SystemConfig: No directory /product_services/etc/permissions, skipping
04-10 18:58:12.646 14242 14242 D miuisdk : process com.miui.system successful
04-10 18:58:12.646 14242 14242 I miuisdk : loading module: com.miui.rom
04-10 18:58:12.669 14242 14242 D miuisdk : process com.miui.rom successful
04-10 18:58:12.669 14242 14242 D miuisdk : process modules finished
04-10 18:58:12.678 14242 14242 I FeatureParser: can't find joyeuse.xml in assets/device_features/,it may be in /vendor/etc/device_features
04-10 18:58:12.682 14242 14242 D CameraCharacteristicsVendorTags: preloading...
04-10 18:58:12.685 14242 14242 D CaptureRequestVendorTags: preloading...
04-10 18:58:12.687 14242 14242 D CaptureResultVendorTags: preloading...
04-10 18:58:12.689 14242 14242 D CAM_CameraAppImpl: totalMemory:5G, and final maxAcquireCount:30
04-10 18:58:12.689 14242 14242 D ImagePool: init: maxAcquireCount=30 maxDequeueCount=4
04-10 18:58:12.690 14242 14242 D CAM_AlgoConnector: startService: bind LocalParallelService start!
04-10 18:58:12.706 14242 14242 I CAM_SplashProvider: onCreate: 
04-10 18:58:12.706 14242 14242 V CAM_ParallelProcessProv: onCreate
04-10 18:58:12.733 14242 14242 D CAM_CameraUtil: antiBanding mCountryIso=HU sRegion=HU
04-10 18:58:12.760 14242 14242 D CAM_DataFeature: parseJsonFile: start >>> feature_joyeuse
04-10 18:58:12.761 14242 14242 D CAM_DataFeature: parseJsonFile: start >>> feature_excalibur
04-10 18:58:12.763 14242 14242 D CAM_DataFeature: parseJsonFile: end >>> feature_excalibur, firstInit = false, cost 2ms
04-10 18:58:12.763 14242 14242 D CAM_DataFeature: parseJsonFile: end >>> feature_joyeuse, firstInit = true, cost 3ms
04-10 18:58:12.769 14242 14242 V CAM_CameraUtil: StatusBarHeight=77
04-10 18:58:12.769 14242 14242 W CAM_CameraUtil: initialize: sCenterDisplayHeight = 1920, sTopMargin = 77, sTopBarHeight = 202, sBottomMargin = 202, sBottomBarHeight = 480, windowSize = 1080x2400
04-10 18:58:12.788 14242 14242 I CAM_CameraUtil: windowSize=1080x2400 density=2.7500
04-10 18:58:12.807 14242 14242 D CAM_Camera2RoleContaine: E: init()
04-10 18:58:12.808 14242 14242 D CAM_Camera2RoleContaine: E: reset()
04-10 18:58:12.808 14242 14242 D CAM_Camera2RoleContaine: X: reset()
04-10 18:58:12.808 14242 14242 I CameraManagerGlobal: Connecting to camera service
04-10 18:58:12.816 14242 14242 D CAM_Camera2RoleContaine: All available camera ids: [0, 1, 20, 21, 22, 61, 100, 101]
04-10 18:58:12.897 14242 14242 D CAM_CameraCapabilities: horizontal view angle: 68.71, size = 7.424x5.5552, focalLength = 5.4300
04-10 18:58:12.897 14242 14242 D CAM_Camera2RoleContaine: role:   0 ( 68,7°) <->  0
04-10 18:58:12.897 14242 14242 D CAM_CameraCapabilities: horizontal view angle: 63.27, size = 4.608x3.456, focalLength = 3.7400
04-10 18:58:12.898 14242 14242 D CAM_Camera2RoleContaine: role:   1 ( 63,3°) <->  1
04-10 18:58:12.898 14242 14242 D CAM_CameraCapabilities: horizontal view angle: 71.63, size = 2.8x2.1, focalLength = 1.9400
04-10 18:58:12.898 14242 14242 D CAM_Camera2RoleContaine: role:  20 ( 71,6°) <-> 20
04-10 18:58:12.898 14242 14242 D CAM_CameraCapabilities: horizontal view angle: 95.85, size = 3.65568x2.74176, focalLength = 1.6500
04-10 18:58:12.898 14242 14242 D CAM_Camera2RoleContaine: role:  21 ( 95,9°) <-> 21
04-10 18:58:12.898 14242 14242 D CAM_CameraCapabilities: horizontal view angle: 73.61, size = 2.90304x2.17728, focalLength = 1.9400
04-10 18:58:12.898 14242 14242 D CAM_Camera2RoleContaine: role:  22 ( 73,6°) <-> 22
04-10 18:58:12.899 14242 14242 D CAM_CameraCapabilities: horizontal view angle: 68.71, size = 7.424x5.5552, focalLength = 5.4300
04-10 18:58:12.899 14242 14242 D CAM_Camera2RoleContaine: role:  61 ( 68,7°) <-> 61 = [0, 20]
04-10 18:58:12.899 14242 14242 D CAM_CameraCapabilities: horizontal view angle: 68.71, size = 7.424x5.5552, focalLength = 5.4300
04-10 18:58:12.899 14242 14242 D CAM_Camera2RoleContaine: role: 100 ( 68,7°) <-> 100
04-10 18:58:12.900 14242 14242 D CAM_CameraCapabilities: horizontal view angle: 63.27, size = 4.608x3.456, focalLength = 3.7400
04-10 18:58:12.900 14242 14242 D CAM_Camera2RoleContaine: role: 101 ( 63,3°) <-> 101
04-10 18:58:12.900 14242 14242 D CAM_Camera2RoleContaine: X: init()
04-10 18:58:12.903 14242 14266 I android_os_HwBinder: HwBinder: Starting thread pool for getting: vendor.xiaomi.hardware.misys@1.0::IMiSys/default
04-10 18:58:12.908 14242 14266 I android_os_HwBinder: HwBinder: Starting thread pool for getting: vendor.xiaomi.hardware.misys@2.0::IMiSys/default
04-10 18:58:12.909 14242 14266 D CAM_WatermarkMiSysUtils: file joyeuse_main_space_custom_watermark.png isExist for iMiSys20.IsExists:true
04-10 18:58:12.912 14242 14266 I android_os_HwBinder: HwBinder: Starting thread pool for getting: vendor.xiaomi.hardware.misys@1.0::IMiSys/default
04-10 18:58:12.916 14242 14242 D CAM_LocalParallelServic: onCreate: start
04-10 18:58:12.917 14242 14242 D ReprocessorFactory: reprocessorType = VIRTUAL_CAMERA
04-10 18:58:12.918 14242 14242 D VirtualCameraReprocessor: setVTCameraIds: backId=100 frontId=101
04-10 18:58:12.918 14242 14242 D VirtualCameraReprocessor: init>>
04-10 18:58:12.920 14242 14266 I android_os_HwBinder: HwBinder: Starting thread pool for getting: vendor.xiaomi.hardware.misys@2.0::IMiSys/default
04-10 18:58:12.921 14242 14266 D CAM_WatermarkMiSysUtils: file joyeuse_main_space_ultra_pixel_custom_watermark.png isExist for iMiSys20.IsExists:true
04-10 18:58:12.922 14242 14242 D VirtualCameraReprocessor: init<<
04-10 18:58:12.922 14242 14242 D MiCameraAlgo: init: start
04-10 18:58:12.922 14242 14242 D MiCameraAlgo: init: application file path to algorithm lib:/data/user/0/com.android.camera/files
04-10 18:58:12.922 14242 14242 E MiCamAlgoInterfaceJNI: start loading com.xiaomi.camera.algojni
04-10 18:58:12.925 14242 14242 D MiCamAlgoInterfaceJNI: static initializer: loadLibrary com.xiaomi.camera.algojni
04-10 18:58:12.929 14242 14242 E linker  : normalize_path - invalid input: "D", the input path should be absolute
04-10 18:58:12.929 14242 14242 W linker  : Warning: unable to normalize "D" (ignoring)
04-10 18:58:12.929 14242 14242 E linker  : normalize_path - invalid input: "\android_tool\android-ndk-r18b\toolchains\llvm\prebuilt\windows-x86_64\lib64\clang\7.0.2\lib\linux\aarch64", the input path should be absolute
04-10 18:58:12.929 14242 14242 W linker  : Warning: unable to normalize "\android_tool\android-ndk-r18b\toolchains\llvm\prebuilt\windows-x86_64\lib64\clang\7.0.2\lib\linux\aarch64" (ignoring)
04-10 18:58:12.930 14242 14242 E linker  : normalize_path - invalid input: "D", the input path should be absolute
04-10 18:58:12.930 14242 14242 W linker  : Warning: unable to normalize "D" (ignoring)
04-10 18:58:12.930 14242 14242 E linker  : normalize_path - invalid input: "\User\user\AppData\Local\Android\Sdk\ndk-bundle-r18b\toolchains\llvm\prebuilt\windows-x86_64\lib64\clang\7.0.2\lib\linux\aarch64", the input path should be absolute
04-10 18:58:12.930 14242 14242 W linker  : Warning: unable to normalize "\User\user\AppData\Local\Android\Sdk\ndk-bundle-r18b\toolchains\llvm\prebuilt\windows-x86_64\lib64\clang\7.0.2\lib\linux\aarch64" (ignoring)
04-10 18:58:12.940 14242 14242 W linker  : Warning: "/vendor/lib64/libxmi_high_dynamic_range.so" unused DT entry: DT_RPATH (type 0xf arg 0xdd6) (ignoring)
04-10 18:58:12.941 14242 14242 W linker  : Warning: "/vendor/lib64/libarcsoft_bodyslim.so" unused DT entry: DT_RPATH (type 0xf arg 0xb74) (ignoring)
04-10 18:58:12.941 14242 14242 E linker  : normalize_path - invalid input: "D", the input path should be absolute
04-10 18:58:12.941 14242 14242 W linker  : Warning: unable to normalize "D" (ignoring)
04-10 18:58:12.941 14242 14242 E linker  : normalize_path - invalid input: "\android_tool\android-ndk-r18b\toolchains\llvm\prebuilt\windows-x86_64\lib64\clang\7.0.2\lib\linux\aarch64", the input path should be absolute
04-10 18:58:12.941 14242 14242 W linker  : Warning: unable to normalize "\android_tool\android-ndk-r18b\toolchains\llvm\prebuilt\windows-x86_64\lib64\clang\7.0.2\lib\linux\aarch64" (ignoring)
04-10 18:58:12.941 14242 14242 E linker  : normalize_path - invalid input: "D", the input path should be absolute
04-10 18:58:12.941 14242 14242 W linker  : Warning: unable to normalize "D" (ignoring)
04-10 18:58:12.941 14242 14242 E linker  : normalize_path - invalid input: "\User\user\AppData\Local\Android\Sdk\ndk-bundle-r18b\toolchains\llvm\prebuilt\windows-x86_64\lib64\clang\7.0.2\lib\linux\aarch64", the input path should be absolute
04-10 18:58:12.941 14242 14242 W linker  : Warning: unable to normalize "\User\user\AppData\Local\Android\Sdk\ndk-bundle-r18b\toolchains\llvm\prebuilt\windows-x86_64\lib64\clang\7.0.2\lib\linux\aarch64" (ignoring)
04-10 18:58:12.941 14242 14242 W linker  : Warning: "/vendor/lib64/libmibokeh_712.so" unused DT entry: DT_RPATH (type 0xf arg 0x1954) (ignoring)
04-10 18:58:13.029 14242 14242 I com.android.camera: vendor/qcom/proprietary/commonsys-intf/adsprpc/src/fastrpc_apps_user.c:2548: fastrpc_apps_user_init done
04-10 18:58:13.038 14242 14242 I sr_android: so and model file match
04-10 18:58:13.040 14242 14242 I MI_Algo_JNI: ###Open /vendor/lib64/libmialgoengine.so with handle:0x6acb71f093ac6bab
04-10 18:58:13.040 14242 14242 I MI_Algo_JNI: Got the function pointer:0x7d9ca59d70 
04-10 18:58:13.040 14242 14242 I MI_Algo_JNI: Got the MiaInterface pointer:0x7d9cabc008 
04-10 18:58:13.041 14242 14242 I MI_Algo_JNI: Init in Java_com_xiaomi_engine_MiCamAlgoInterfaceJNI_init 264 mCAI 0x7d9cabc008
04-10 18:58:13.041 14242 14242 I MI_Algo_JNI: Init in Java_com_xiaomi_engine_MiCamAlgoInterfaceJNI_init 277 mCAI /data/user/0/com.android.camera/files
04-10 18:58:13.041 14242 14242 D MIA_INTF: [MIAInit:40]:E
04-10 18:58:13.041 14242 14242 D MIA_SRVC: [MiaService:27]:E 0x7e07537b00
04-10 18:58:13.043 14242 14242 D MIA_SRVC: [MiaService:37]:success to load perflock lib
04-10 18:58:13.043 14242 14242 I MIA_SRVC: [init:59]:E
04-10 18:58:13.043 14242 14242 I MIA_SRVC: [init:72]:get bokeh calFilePath: /data/user/0/com.android.camera/files
04-10 18:58:13.044 14242 14242 D CAM_LocalParallelServic: onBind: start
04-10 18:58:13.048 14242 14242 D CAM_AlgoConnector: onServiceConnected: ComponentInfo{com.android.camera/com.android.camera.LocalParallelService}
04-10 18:58:14.771 13859 14100 D UE4     : [GameActivity] Used memory: 182883
04-10 18:58:15.990 13859 14098 D UE4     : [2021.04.10-16.58.15:990][472]LogStreaming: Warning: Failed to read file '../../../EndlessRunner/Saved/SaveGames/HighScore.sav' error.
04-10 18:58:16.866 13840 13928 W System  : Ignoring header Cookie because its value was null.
04-10 18:58:16.909   670 14302 E ResolverController: No valid NAT64 prefix (113, <unspecified>/0)
04-10 18:58:16.914   670  1367 I miuiFirewall: mPackageInfoMap is empty! pid: 13840 , uid： 1000
04-10 18:58:16.945   670  1367 I miuiFirewall: mPackageInfoMap is empty! pid: 13840 , uid： 1000
04-10 18:58:17.182 13859 14098 D UE4     : [2021.04.10-16.58.17:182][543]LogNet: Browse: /Game/ThirdPersonBP/Maps/MainMenuMap
04-10 18:58:17.182 13859 14098 D UE4     : [2021.04.10-16.58.17:182][543]LogLoad: LoadMap: /Game/ThirdPersonBP/Maps/MainMenuMap
04-10 18:58:17.182 13859 14098 D UE4     : [2021.04.10-16.58.17:182][543]LogWorld: BeginTearingDown for /Game/ThirdPersonBP/Maps/RunnerMap
04-10 18:58:17.185 13859 14098 D UE4     : XYXYXY XYXYXY Clearnupworld 0xc4960a30 -> 0x0
04-10 18:58:17.186 13859 14098 D UE4     : [2021.04.10-16.58.17:185][543]LogWorld: UWorld::CleanupWorld for RunnerMap, bSessionEnded=true, bCleanupResources=true
04-10 18:58:17.193 13859 14098 D UE4     : [2021.04.10-16.58.17:193][543]LogSlate: InvalidateAllWidgets triggered.  All widgets were invalidated
04-10 18:58:17.229 13859 14098 D UE4     : [2021.04.10-16.58.17:229][543]LogAudio: Display: Waited 35.157917 ms for audio thread.
04-10 18:58:17.237 13859 14098 D UE4     : [2021.04.10-16.58.17:237][543]LogAudio: Display: Waited 43.824791 ms for audio thread.
04-10 18:58:17.278 13859 14098 D UE4     : [2021.04.10-16.58.17:278][543]LogAISub: ~UAISubsystem EnvQueryManager (0x9b49f580), frame # 543
04-10 18:58:17.279 13859 14098 D UE4     : [2021.04.10-16.58.17:279][543]LogAISub: ~UAISubsystem AIPerceptionSystem (0x9aef3700), frame # 543
04-10 18:58:17.283 13859 14098 D UE4     : [2021.04.10-16.58.17:283][543]LogUObjectHash: Compacting FUObjectHashTables data took   1.23ms
04-10 18:58:17.293 13859 14098 D UE4     : [2021.04.10-16.58.17:293][543]LogStreaming: Display: Flushing async loaders.
04-10 18:58:17.307 13859 14098 D UE4     : [2021.04.10-16.58.17:307][543]LogAIModule: Creating AISystem for world MainMenuMap
04-10 18:58:17.307 13859 14098 D UE4     : [2021.04.10-16.58.17:307][543]LogAISub: UAISubsystem EnvQueryManager (0x96e5f600), frame # 543
04-10 18:58:17.307 13859 14098 D UE4     : [2021.04.10-16.58.17:307][543]LogAISub: UAISubsystem AIPerceptionSystem (0x9aef1300), frame # 543
04-10 18:58:17.308 13859 14098 D UE4     : [2021.04.10-16.58.17:308][543]LogStreaming: Error: Couldn't find file for package /Game/ThirdPersonBP/Blueprints/ThirdPersonGameMode requested by async loading code. NameToLoad: /Game/ThirdPersonBP/Blueprints/ThirdPersonGameMode
04-10 18:58:17.309 13859 14098 D UE4     : [2021.04.10-16.58.17:309][543]LogStreaming: Error: Found 0 dependent packages...
04-10 18:58:17.310 13859 14098 D UE4     : [2021.04.10-16.58.17:310][543]LogLoad: Game class is 'GameModeBase'
04-10 18:58:17.318 13859 14098 D UE4     : [2021.04.10-16.58.17:318][543]LogWorld: Bringing World /Game/ThirdPersonBP/Maps/MainMenuMap.MainMenuMap up for play (max tick rate 0) at 2021.04.10-18.58.17
04-10 18:58:17.319 13859 14098 D UE4     : [2021.04.10-16.58.17:319][543]LogWorld: Bringing up level for play took: 0.001253
04-10 18:58:17.320 13859 14098 D UE4     : [2021.04.10-16.58.17:320][543]LogOnline: OSS: Creating online subsystem instance for: GooglePlay
04-10 18:58:17.320 13859 14098 D UE4     : [2021.04.10-16.58.17:320][543]LogOnline: Warning: OSS: FOnlineSubsystemGooglePlayModule was disabled
04-10 18:58:17.321 13859 14098 D UE4     : [2021.04.10-16.58.17:321][543]LogGameMode: FindPlayerStart: PATHS NOT DEFINED or NO PLAYERSTART with positive rating
04-10 18:58:17.324 13859 14098 D UE4     : [2021.04.10-16.58.17:323][543]LogUMG: Display: Widget Class MainMenuUI_C - Loaded Fast Template.
04-10 18:58:17.326 13859 14098 D UE4     : [2021.04.10-16.58.17:325][543]LogLoad: Took 0.143614 seconds to LoadMap(/Game/ThirdPersonBP/Maps/MainMenuMap)
04-10 18:58:17.331 13859 14098 D UE4     : [2021.04.10-16.58.17:331][543]LogSlate: Took 0.001464 seconds to synchronously load lazily loaded font '../../../EndlessRunner/Content/ThirdPersonBP/Maps/Championship.ufont' (64K)
04-10 18:58:17.334 13859 14098 D UE4     : [2021.04.10-16.58.17:333][543]LogSlate: InvalidateAllWidgets triggered.  All widgets were invalidated
04-10 18:58:17.341 13859 14098 D UE4     : [2021.04.10-16.58.17:341][544]LogSlate: Took 0.000416 seconds to synchronously load lazily loaded font '../../../EndlessRunner/Content/ThirdPersonBP/Maps/Championship.ufont' (64K)
04-10 18:58:18.010   815  7290 I chatty  : uid=1000(system) HwBinder:815_3 expire 54 lines
04-10 18:58:18.114 13859 14098 D UE4     : [2021.04.10-16.58.18:114][592]LogNet: Browse: /Game/ThirdPersonBP/Maps/RunnerMap
04-10 18:58:18.114 13859 14098 D UE4     : [2021.04.10-16.58.18:114][592]LogLoad: LoadMap: /Game/ThirdPersonBP/Maps/RunnerMap
04-10 18:58:18.114 13859 14098 D UE4     : [2021.04.10-16.58.18:114][592]LogWorld: BeginTearingDown for /Game/ThirdPersonBP/Maps/MainMenuMap
04-10 18:58:18.116 13859 14098 D UE4     : XYXYXY XYXYXY Clearnupworld 0xc495ff90 -> 0x0
04-10 18:58:18.117 13859 14098 D UE4     : [2021.04.10-16.58.18:117][592]LogWorld: UWorld::CleanupWorld for MainMenuMap, bSessionEnded=true, bCleanupResources=true
04-10 18:58:18.117 13859 14098 D UE4     : [2021.04.10-16.58.18:117][592]LogSlate: InvalidateAllWidgets triggered.  All widgets were invalidated
04-10 18:58:18.166 13859 14098 D UE4     : [2021.04.10-16.58.18:166][592]LogAISub: ~UAISubsystem AIPerceptionSystem (0x9aef1300), frame # 592
04-10 18:58:18.166 13859 14098 D UE4     : [2021.04.10-16.58.18:166][592]LogAISub: ~UAISubsystem EnvQueryManager (0x96e5f600), frame # 592
04-10 18:58:18.168 13859 14098 D UE4     : [2021.04.10-16.58.18:168][592]LogUObjectHash: Compacting FUObjectHashTables data took   1.29ms
04-10 18:58:18.172 13859 14098 D UE4     : [2021.04.10-16.58.18:172][592]LogStreaming: Display: Flushing async loaders.
04-10 18:58:18.317 13859 14098 D UE4     : [2021.04.10-16.58.18:317][592]LogAIModule: Creating AISystem for world RunnerMap
04-10 18:58:18.317 13859 14098 D UE4     : [2021.04.10-16.58.18:317][592]LogAISub: UAISubsystem EnvQueryManager (0x96e60e00), frame # 592
04-10 18:58:18.317 13859 14098 D UE4     : [2021.04.10-16.58.18:317][592]LogAISub: UAISubsystem AIPerceptionSystem (0x9aef2200), frame # 592
04-10 18:58:18.318 13859 14098 D UE4     : [2021.04.10-16.58.18:318][592]LogLoad: Game class is 'RunnerGameMode_C'
04-10 18:58:18.322 13859 14098 D UE4     : [2021.04.10-16.58.18:322][592]LogWorld: Bringing World /Game/ThirdPersonBP/Maps/RunnerMap.RunnerMap up for play (max tick rate 0) at 2021.04.10-18.58.18
04-10 18:58:18.323 13859 14098 D UE4     : [2021.04.10-16.58.18:323][592]LogWorld: Bringing up level for play took: 0.000951
04-10 18:58:18.323 13859 14098 D UE4     : [2021.04.10-16.58.18:323][592]LogOnline: OSS: Creating online subsystem instance for: GooglePlay
04-10 18:58:18.324 13859 14098 D UE4     : [2021.04.10-16.58.18:324][592]LogOnline: Warning: OSS: FOnlineSubsystemGooglePlayModule was disabled
04-10 18:58:18.404 13859 14098 D UE4     : [2021.04.10-16.58.18:403][592]LogUMG: Display: Widget Class GameUI_C - Loaded Fast Template.
04-10 18:58:18.405 13859 14098 D UE4     : [2021.04.10-16.58.18:405][592]LogLoad: Took 0.290562 seconds to LoadMap(/Game/ThirdPersonBP/Maps/RunnerMap)
04-10 18:58:18.410 13859 14098 D UE4     : [2021.04.10-16.58.18:410][592]LogSlate: Took 0.000933 seconds to synchronously load lazily loaded font '../../../Engine/Content/EngineFonts/Faces/RobotoBold.ufont' (160K)
04-10 18:58:18.411 13859 14098 D UE4     : [2021.04.10-16.58.18:411][592]LogSlate: Took 0.000265 seconds to synchronously load lazily loaded font '../../../EndlessRunner/Content/ThirdPersonBP/Maps/Championship.ufont' (64K)
04-10 18:58:20.453 14242 14261 I .android.camer: ProcessProfilingInfo new_methods=0 is saved saved_to_disk=0 resolve_classes_delay=8000
04-10 18:58:20.843  2395 14317 E memtrack: Couldn't load memtrack module
04-10 18:58:20.844  2395 14317 W android.os.Debug: failed to get memory consumption info: -1
04-10 18:58:23.566   790   790 W health@2.0-serv: type=1400 audit(0.0:108996): avc: denied { read } for name="type" dev="sysfs" ino=55297 scontext=u:r:hal_health_default:s0 tcontext=u:object_r:sysfs:s0 tclass=file permissive=0
04-10 18:58:23.586  2372  2372 I chatty  : uid=1000(system) com.android.systemui expire 10 lines
04-10 18:58:23.587  2606  2606 D QtiCarrierConfigHelper: WARNING, no carrier configs on phone Id: 0
04-10 18:58:23.590  4140  4140 I BatteryInfoReceiver: ACTION_BATTERY_CHANGED
04-10 18:58:23.591  4645  4730 D PowerCheckerService: onBatteryChanged, mBatteryLevel = 48, status = 2, level = 48, plug = 2, scale = 100
04-10 18:58:23.594 13859 13859 D UE4     : [GameActivity] Battery: status = 2, rawlevel = 48, scale = 100
04-10 18:58:23.594 13859 13859 D UE4     : nativeBatteryEvent(stat = 2, lvl = 48  temp = 23.70 °C)
04-10 18:58:23.586   790   790 W health@2.0-serv: type=1400 audit(0.0:108997): avc: denied { read } for name="type" dev="sysfs" ino=55297 scontext=u:r:hal_health_default:s0 tcontext=u:object_r:sysfs:s0 tclass=file permissive=0
04-10 18:58:24.074  2395 13325 E memtrack: Couldn't load memtrack module
04-10 18:58:24.074  2395 13325 W android.os.Debug: failed to get memory consumption info: -1
04-10 18:58:24.776 13859 14100 D UE4     : [GameActivity] Used memory: 182883
04-10 18:58:24.877  1900  2255 D AlarmManager: Triggering alarm #0: Alarm{d8038e type 2 when 977728003 com.google.android.gms}
04-10 18:58:24.877  1900  2255 D AlarmManager: Triggering alarm #1: Alarm{a97ef10 type 2 when 977732907 android}
04-10 18:58:24.877  1900  2255 D AlarmManager: Triggering alarm #2: Alarm{b70726c type 3 when 977729708 com.miui.powerkeeper}
04-10 18:58:24.885  4645  4645 I PowerKeeperBackgroundService: onStartCommand()
04-10 18:58:24.886  4645  4645 I PowerKeeperService: onAlarm
04-10 18:58:24.972  2395 10108 I NetworkScheduler.Stats: Task com.google.android.gms/com.google.android.gms.icing.service.IcingGcmTaskService started execution. cause:4 exec_start_elapsed_seconds: 977732 [CONTEXT service_id=218 ]
04-10 18:58:24.978  1900  6697 I chatty  : uid=1000(system) Binder:1900_12 expire 4 lines
04-10 18:58:24.983  2395 13325 I NetworkScheduler.Stats: Task com.google.android.gms/com.google.android.gms.icing.service.IcingGcmTaskService finished executing. cause:4 result: 1 elapsed_millis: 48 uptime_millis: 48 exec_start_elapsed_seconds: 977732 [CONTEXT service_id=218 ]
04-10 18:58:25.039  2395 10108 I NetworkScheduler.Stats: Task com.google.android.gms/com.google.android.gms.checkin.EventLogService started execution. cause:5 exec_start_elapsed_seconds: 977733 [CONTEXT service_id=218 ]
04-10 18:58:25.051  8675 13323 I Checkin : [EventLogChimeraService] Opted in for usage reporting: true
04-10 18:58:25.051  8675 13323 I Checkin : [EventLogChimeraService] Aggregate from 1618072624135 (log), 1618072624135 (data)
04-10 18:58:25.074  8675 13323 W Checkin : [EventLogAggregator] Unknown tag: install_package_attempt
04-10 18:58:25.074  8675 13323 W Checkin : [EventLogAggregator] Unknown tag: snet_gcore
04-10 18:58:25.074  8675 13323 W Checkin : [EventLogAggregator] Unknown tag: snet_launch_service
04-10 18:58:25.142  1900  7330 I DropBoxManagerService: add tag=event_data isTagEnabled=true flags=0x2
04-10 18:58:25.147  1900  2075 W BroadcastQueue: Background execution not allowed: receiving Intent { act=android.intent.action.DROPBOX_ENTRY_ADDED flg=0x10 (has extras) } to com.google.android.gms/.stats.service.DropBoxEntryAddedReceiver
04-10 18:58:25.148  1900  2075 W BroadcastQueue: Background execution not allowed: receiving Intent { act=android.intent.action.DROPBOX_ENTRY_ADDED flg=0x10 (has extras) } to com.google.android.gms/.chimera.GmsIntentOperationService$PersistentTrustedReceiver
04-10 18:58:25.154  1900  6916 I chatty  : uid=1000(system) Binder:1900_14 expire 6 lines
04-10 18:58:25.208  2395 10108 I NetworkScheduler.Stats: Task com.google.android.gms/com.google.android.gms.checkin.EventLogService finished executing. cause:5 result: 1 elapsed_millis: 191 uptime_millis: 191 exec_start_elapsed_seconds: 977733 [CONTEXT service_id=218 ]
04-10 18:58:25.221  1900 10787 I DropBoxManagerService: add tag=platform_stats_bookmark isTagEnabled=true flags=0x2
04-10 18:58:25.225  1900  2075 W BroadcastQueue: Background execution not allowed: receiving Intent { act=android.intent.action.DROPBOX_ENTRY_ADDED flg=0x10 (has extras) } to com.google.android.gms/.stats.service.DropBoxEntryAddedReceiver
04-10 18:58:25.225  1900  2075 W BroadcastQueue: Background execution not allowed: receiving Intent { act=android.intent.action.DROPBOX_ENTRY_ADDED flg=0x10 (has extras) } to com.google.android.gms/.chimera.GmsIntentOperationService$PersistentTrustedReceiver
04-10 18:58:28.031  1268  3175 I LOWI-8.6.0.72: [LOWI-Scan] lowi_close_record:Scan done in 977718333ms, 3 APs in scan results
04-10 18:58:28.035  1900  2280 I chatty  : uid=1000(system) ClientModeImpl expire 11 lines
04-10 18:58:32.263   815  7290 I chatty  : uid=1000(system) HwBinder:815_3 expire 11 lines
04-10 18:58:34.790 13859 14100 D UE4     : [GameActivity] Used memory: 182883
04-10 18:58:36.530  2372  2859 I chatty  : uid=1000(system) SysUiNetBg expire 10 lines
04-10 18:58:44.792 13859 14100 D UE4     : [GameActivity] Used memory: 182883
04-10 18:58:44.881  1900  2255 D AlarmManager: Triggering alarm #0: Alarm{ed3223d type 2 when 977752912 android}
04-10 18:58:46.234  8675  8763 I CastDatabase: Saving the database
04-10 18:58:46.242  8675  8763 I SQLiteCastStore: [CastNetworkInfo] saved: 0, skipped: 0, [CastDeviceInfo]: saved 0, skipped 0, [Paired Guest Mode DeviceInfo] saved: 0, skipped: 0. [ProbedNetworks]: saved 0, skipped: 0, [ProbedSocketAddress]: saved 0, skipped: 0, [Network-Device pairs]: saved: 0
04-10 18:58:47.991  5552 12357 E CarrierServices: [18721] cru.run: (RCS): [Mobile]: Error while receiving message: Read error: ssl=0x7e13cd1548: I/O error during system call, Connection reset by peer: javax.net.ssl.SSLException: Read error: ssl=0x7e13cd1548: I/O error during system call, Connection reset by peer
04-10 18:58:47.991  5552 12357 E CarrierServices: 	at com.android.org.conscrypt.NativeCrypto.SSL_read(Native Method)
04-10 18:58:47.991  5552 12357 E CarrierServices: 	at com.android.org.conscrypt.NativeSsl.read(NativeSsl.java:411)
04-10 18:58:47.991  5552 12357 E CarrierServices: 	at com.android.org.conscrypt.ConscryptFileDescriptorSocket$SSLInputStream.read(ConscryptFileDescriptorSocket.java:549)
04-10 18:58:47.991  5552 12357 E CarrierServices: 	at java.io.BufferedInputStream.fill(BufferedInputStream.java:248)
04-10 18:58:47.991  5552 12357 E CarrierServices: 	at java.io.BufferedInputStream.read(BufferedInputStream.java:267)
04-10 18:58:47.991  5552 12357 E CarrierServices: 	at dpw.a(PG:2)
04-10 18:58:47.991  5552 12357 E CarrierServices: 	at fbr.a(PG:5)
04-10 18:58:47.991  5552 12357 E CarrierServices: 	at cru.run(PG:8)
04-10 18:58:47.992  5552 12357 I CarrierServices: [18721] dan.a: Using RCS compliant config URL
04-10 18:58:47.997  5552 12357 I CarrierServices: [18721] dan.a: Using RCS compliant config URL
04-10 18:58:48.001  5552 12357 E CarrierServices: [18721] coi.a: (RCS): [Mobile]: Transport error while receiving a message: Read error: ssl=0x7e13cd1548: I/O error during system call, Connection reset by peer
